Archive member included to satisfy reference by file (symbol)

/opt/st/stm32cubeide_1.14.0_2/plugins/com.st.stm32cube.ide.mcu.externaltools.gnu-tools-for-stm32.11.3.rel1.linux64_1.1.100.202309141235/tools/bin/../lib/gcc/arm-none-eabi/11.3.1/../../../../arm-none-eabi/lib/thumb/v7e-m+fp/hard/libc_nano.a(libc_a-exit.o)
                              /opt/st/stm32cubeide_1.14.0_2/plugins/com.st.stm32cube.ide.mcu.externaltools.gnu-tools-for-stm32.11.3.rel1.linux64_1.1.100.202309141235/tools/bin/../lib/gcc/arm-none-eabi/11.3.1/../../../../arm-none-eabi/lib/thumb/v7e-m+fp/hard/crt0.o (exit)
/opt/st/stm32cubeide_1.14.0_2/plugins/com.st.stm32cube.ide.mcu.externaltools.gnu-tools-for-stm32.11.3.rel1.linux64_1.1.100.202309141235/tools/bin/../lib/gcc/arm-none-eabi/11.3.1/../../../../arm-none-eabi/lib/thumb/v7e-m+fp/hard/libc_nano.a(libc_a-findfp.o)
                              /opt/st/stm32cubeide_1.14.0_2/plugins/com.st.stm32cube.ide.mcu.externaltools.gnu-tools-for-stm32.11.3.rel1.linux64_1.1.100.202309141235/tools/bin/../lib/gcc/arm-none-eabi/11.3.1/../../../../arm-none-eabi/lib/thumb/v7e-m+fp/hard/libc_nano.a(libc_a-exit.o) (__stdio_exit_handler)
/opt/st/stm32cubeide_1.14.0_2/plugins/com.st.stm32cube.ide.mcu.externaltools.gnu-tools-for-stm32.11.3.rel1.linux64_1.1.100.202309141235/tools/bin/../lib/gcc/arm-none-eabi/11.3.1/../../../../arm-none-eabi/lib/thumb/v7e-m+fp/hard/libc_nano.a(libc_a-fwalk.o)
                              /opt/st/stm32cubeide_1.14.0_2/plugins/com.st.stm32cube.ide.mcu.externaltools.gnu-tools-for-stm32.11.3.rel1.linux64_1.1.100.202309141235/tools/bin/../lib/gcc/arm-none-eabi/11.3.1/../../../../arm-none-eabi/lib/thumb/v7e-m+fp/hard/libc_nano.a(libc_a-findfp.o) (_fwalk_sglue)
/opt/st/stm32cubeide_1.14.0_2/plugins/com.st.stm32cube.ide.mcu.externaltools.gnu-tools-for-stm32.11.3.rel1.linux64_1.1.100.202309141235/tools/bin/../lib/gcc/arm-none-eabi/11.3.1/../../../../arm-none-eabi/lib/thumb/v7e-m+fp/hard/libc_nano.a(libc_a-stdio.o)
                              /opt/st/stm32cubeide_1.14.0_2/plugins/com.st.stm32cube.ide.mcu.externaltools.gnu-tools-for-stm32.11.3.rel1.linux64_1.1.100.202309141235/tools/bin/../lib/gcc/arm-none-eabi/11.3.1/../../../../arm-none-eabi/lib/thumb/v7e-m+fp/hard/libc_nano.a(libc_a-findfp.o) (__sread)
/opt/st/stm32cubeide_1.14.0_2/plugins/com.st.stm32cube.ide.mcu.externaltools.gnu-tools-for-stm32.11.3.rel1.linux64_1.1.100.202309141235/tools/bin/../lib/gcc/arm-none-eabi/11.3.1/../../../../arm-none-eabi/lib/thumb/v7e-m+fp/hard/libc_nano.a(libc_a-memset.o)
                              /opt/st/stm32cubeide_1.14.0_2/plugins/com.st.stm32cube.ide.mcu.externaltools.gnu-tools-for-stm32.11.3.rel1.linux64_1.1.100.202309141235/tools/bin/../lib/gcc/arm-none-eabi/11.3.1/../../../../arm-none-eabi/lib/thumb/v7e-m+fp/hard/crt0.o (memset)
/opt/st/stm32cubeide_1.14.0_2/plugins/com.st.stm32cube.ide.mcu.externaltools.gnu-tools-for-stm32.11.3.rel1.linux64_1.1.100.202309141235/tools/bin/../lib/gcc/arm-none-eabi/11.3.1/../../../../arm-none-eabi/lib/thumb/v7e-m+fp/hard/libc_nano.a(libc_a-closer.o)
                              /opt/st/stm32cubeide_1.14.0_2/plugins/com.st.stm32cube.ide.mcu.externaltools.gnu-tools-for-stm32.11.3.rel1.linux64_1.1.100.202309141235/tools/bin/../lib/gcc/arm-none-eabi/11.3.1/../../../../arm-none-eabi/lib/thumb/v7e-m+fp/hard/libc_nano.a(libc_a-stdio.o) (_close_r)
/opt/st/stm32cubeide_1.14.0_2/plugins/com.st.stm32cube.ide.mcu.externaltools.gnu-tools-for-stm32.11.3.rel1.linux64_1.1.100.202309141235/tools/bin/../lib/gcc/arm-none-eabi/11.3.1/../../../../arm-none-eabi/lib/thumb/v7e-m+fp/hard/libc_nano.a(libc_a-reent.o)
                              /opt/st/stm32cubeide_1.14.0_2/plugins/com.st.stm32cube.ide.mcu.externaltools.gnu-tools-for-stm32.11.3.rel1.linux64_1.1.100.202309141235/tools/bin/../lib/gcc/arm-none-eabi/11.3.1/../../../../arm-none-eabi/lib/thumb/v7e-m+fp/hard/libc_nano.a(libc_a-closer.o) (errno)
/opt/st/stm32cubeide_1.14.0_2/plugins/com.st.stm32cube.ide.mcu.externaltools.gnu-tools-for-stm32.11.3.rel1.linux64_1.1.100.202309141235/tools/bin/../lib/gcc/arm-none-eabi/11.3.1/../../../../arm-none-eabi/lib/thumb/v7e-m+fp/hard/libc_nano.a(libc_a-impure.o)
                              /opt/st/stm32cubeide_1.14.0_2/plugins/com.st.stm32cube.ide.mcu.externaltools.gnu-tools-for-stm32.11.3.rel1.linux64_1.1.100.202309141235/tools/bin/../lib/gcc/arm-none-eabi/11.3.1/../../../../arm-none-eabi/lib/thumb/v7e-m+fp/hard/libc_nano.a(libc_a-reent.o) (_impure_ptr)
/opt/st/stm32cubeide_1.14.0_2/plugins/com.st.stm32cube.ide.mcu.externaltools.gnu-tools-for-stm32.11.3.rel1.linux64_1.1.100.202309141235/tools/bin/../lib/gcc/arm-none-eabi/11.3.1/../../../../arm-none-eabi/lib/thumb/v7e-m+fp/hard/libc_nano.a(libc_a-lseekr.o)
[...]
Memory Configuration

Name             Origin             Length             Attributes
CCMRAM           0x0000000010000000 0x0000000000010000 xrw
RAM              0x0000000020000000 0x0000000000020000 xrw
FLASH            0x0000000008000000 0x0000000000100000 xr
*default*        0x0000000000000000 0xffffffffffffffff

Linker script and memory map

LOAD /opt/st/stm32cubeide_1.14.0_2/plugins/com.st.stm32cube.ide.mcu.externaltools.gnu-tools-for-stm32.11.3.rel1.linux64_1.1.100.202309141235/tools/bin/../lib/gcc/arm-none-eabi/11.3.1/thumb/v7e-m+fp/hard/crti.o
LOAD /opt/st/stm32cubeide_1.14.0_2/plugins/com.st.stm32cube.ide.mcu.externaltools.gnu-tools-for-stm32.11.3.rel1.linux64_1.1.100.202309141235/tools/bin/../lib/gcc/arm-none-eabi/11.3.1/thumb/v7e-m+fp/hard/crtbegin.o
LOAD /opt/st/stm32cubeide_1.14.0_2/plugins/com.st.stm32cube.ide.mcu.externaltools.gnu-tools-for-stm32.11.3.rel1.linux64_1.1.100.202309141235/tools/bin/../lib/gcc/arm-none-eabi/11.3.1/../../../../arm-none-eabi/lib/thumb/v7e-m+fp/hard/crt0.o
LOAD ./FreeRTOS/Source/croutine.o
LOAD ./FreeRTOS/Source/event_groups.o
LOAD ./FreeRTOS/Source/list.o
LOAD ./FreeRTOS/Source/queue.o
LOAD ./FreeRTOS/Source/stream_buffer.o
LOAD ./FreeRTOS/Source/tasks.o
LOAD ./FreeRTOS/Source/timers.o
LOAD ./FreeRTOS/Source/portable/GCC/ARM_CM4F/port.o
LOAD ./FreeRTOS/Source/portable/MemMang/heap_1.o
LOAD ./Src/it.o
LOAD ./Src/main.o
LOAD ./Src/msp.o
LOAD ./Src/syscalls.o
LOAD ./Src/sysmem.o
LOAD ./Startup/startup_stm32f407vgtx.o
LOAD ./drivers/cortex_m4_MCAL/src/cortex_m4.o
LOAD ./drivers/cortex_m4_drivers/src/cortexm4_nvic.o
LOAD ./drivers/cortex_m4_drivers/src/cortexm4_systick.o
LOAD ./drivers/stm32f407x_MCAL/src/stm32f407x_gpio_exti.o
LOAD ./drivers/stm32f407x_MCAL/src/stm32f407x_i2c.o
LOAD ./drivers/stm32f407x_MCAL/src/stm32f407x_rcc.o
LOAD ./drivers/stm32f407x_MCAL/src/stm32f407x_spi.o
LOAD ./drivers/stm32f407x_MCAL/src/stm32f407x_usart.o
LOAD ./drivers/stm32f407x_drivers/src/stm32f4xxx_gpio.o
LOAD ./drivers/stm32f407x_drivers/src/stm32f4xxx_rcc.o
LOAD ./drivers/stm32f407x_drivers/src/stm32f4xxx_spi.o
LOAD ./drivers/stm32f407x_drivers/src/stm32f4xxx_usart.o
LOAD ./drivers/stm32f407x_drivers/src/stm32f4xxxx_i2c.o
START GROUP
LOAD /opt/st/stm32cubeide_1.14.0_2/plugins/com.st.stm32cube.ide.mcu.externaltools.gnu-tools-for-stm32.11.3.rel1.linux64_1.1.100.202309141235/tools/bin/../lib/gcc/arm-none-eabi/11.3.1/../../../../arm-none-eabi/lib/thumb/v7e-m+fp/hard/libc_nano.a
LOAD /opt/st/stm32cubeide_1.14.0_2/plugins/com.st.stm32cube.ide.mcu.externaltools.gnu-tools-for-stm32.11.3.rel1.linux64_1.1.100.202309141235/tools/bin/../lib/gcc/arm-none-eabi/11.3.1/../../../../arm-none-eabi/lib/thumb/v7e-m+fp/hard/libm.a
END GROUP
START GROUP
LOAD /opt/st/stm32cubeide_1.14.0_2/plugins/com.st.stm32cube.ide.mcu.externaltools.gnu-tools-for-stm32.11.3.rel1.linux64_1.1.100.202309141235/tools/bin/../lib/gcc/arm-none-eabi/11.3.1/thumb/v7e-m+fp/hard/libgcc.a
LOAD /opt/st/stm32cubeide_1.14.0_2/plugins/com.st.stm32cube.ide.mcu.externaltools.gnu-tools-for-stm32.11.3.rel1.linux64_1.1.100.202309141235/tools/bin/../lib/gcc/arm-none-eabi/11.3.1/../../../../arm-none-eabi/lib/thumb/v7e-m+fp/hard/libc_nano.a
END GROUP
START GROUP
LOAD /opt/st/stm32cubeide_1.14.0_2/plugins/com.st.stm32cube.ide.mcu.externaltools.gnu-tools-for-stm32.11.3.rel1.linux64_1.1.100.202309141235/tools/bin/../lib/gcc/arm-none-eabi/11.3.1/thumb/v7e-m+fp/hard/libgcc.a
LOAD /opt/st/stm32cubeide_1.14.0_2/plugins/com.st.stm32cube.ide.mcu.externaltools.gnu-tools-for-stm32.11.3.rel1.linux64_1.1.100.202309141235/tools/bin/../lib/gcc/arm-none-eabi/11.3.1/../../../../arm-none-eabi/lib/thumb/v7e-m+fp/hard/libc_nano.a
LOAD /opt/st/stm32cubeide_1.14.0_2/plugins/com.st.stm32cube.ide.mcu.externaltools.gnu-tools-for-stm32.11.3.rel1.linux64_1.1.100.202309141235/tools/bin/../lib/gcc/arm-none-eabi/11.3.1/../../../../arm-none-eabi/lib/thumb/v7e-m+fp/hard/libnosys.a
END GROUP
START GROUP
LOAD /opt/st/stm32cubeide_1.14.0_2/plugins/com.st.stm32cube.ide.mcu.externaltools.gnu-tools-for-stm32.11.3.rel1.linux64_1.1.100.202309141235/tools/bin/../lib/gcc/arm-none-eabi/11.3.1/thumb/v7e-m+fp/hard/libgcc.a
LOAD /opt/st/stm32cubeide_1.14.0_2/plugins/com.st.stm32cube.ide.mcu.externaltools.gnu-tools-for-stm32.11.3.rel1.linux64_1.1.100.202309141235/tools/bin/../lib/gcc/arm-none-eabi/11.3.1/../../../../arm-none-eabi/lib/thumb/v7e-m+fp/hard/libc_nano.a
LOAD /opt/st/stm32cubeide_1.14.0_2/plugins/com.st.stm32cube.ide.mcu.externaltools.gnu-tools-for-stm32.11.3.rel1.linux64_1.1.100.202309141235/tools/bin/../lib/gcc/arm-none-eabi/11.3.1/../../../../arm-none-eabi/lib/thumb/v7e-m+fp/hard/libnosys.a
END GROUP
LOAD /opt/st/stm32cubeide_1.14.0_2/plugins/com.st.stm32cube.ide.mcu.externaltools.gnu-tools-for-stm32.11.3.rel1.linux64_1.1.100.202309141235/tools/bin/../lib/gcc/arm-none-eabi/11.3.1/thumb/v7e-m+fp/hard/crtend.o
LOAD /opt/st/stm32cubeide_1.14.0_2/plugins/com.st.stm32cube.ide.mcu.externaltools.gnu-tools-for-stm32.11.3.rel1.linux64_1.1.100.202309141235/tools/bin/../lib/gcc/arm-none-eabi/11.3.1/thumb/v7e-m+fp/hard/crtn.o
                0x0000000020020000                _estack = (ORIGIN (RAM) + LENGTH (RAM))
                0x0000000000000200                _Min_Heap_Size = 0x200
                0x0000000000000400                _Min_Stack_Size = 0x400

.isr_vector     0x0000000008000000      0x188
                0x0000000008000000                . = ALIGN (0x4)
 *(.isr_vector)
 .isr_vector    0x0000000008000000      0x188 ./Startup/startup_stm32f407vgtx.o
                0x0000000008000000                g_pfnVectors
                0x0000000008000188                . = ALIGN (0x4)

.text           0x0000000008000190     0x3cd0
                0x0000000008000190                . = ALIGN (0x4)
 *(.text)
 .text          0x0000000008000190       0x40 /opt/st/stm32cubeide_1.14.0_2/plugins/com.st.stm32cube.ide.mcu.externaltools.gnu-tools-for-stm32.11.3.rel1.linux64_1.1.100.202309141235/tools/bin/../lib/gcc/arm-none-eabi/11.3.1/thumb/v7e-m+fp/hard/crtbegin.o
 .text          0x00000000080001d0       0x10 /opt/st/stm32cubeide_1.14.0_2/plugins/com.st.stm32cube.ide.mcu.externaltools.gnu-tools-for-stm32.11.3.rel1.linux64_1.1.100.202309141235/tools/bin/../lib/gcc/arm-none-eabi/11.3.1/../../../../arm-none-eabi/lib/thumb/v7e-m+fp/hard/libc_nano.a(libc_a-strlen.o)
                0x00000000080001d0                strlen
 *(.text*)
 .text.vListInitialise
                0x00000000080001e0       0x40 ./FreeRTOS/Source/list.o
                0x00000000080001e0                vListInitialise
 .text.vListInitialiseItem
                0x0000000008000220       0x1a ./FreeRTOS/Source/list.o
                0x0000000008000220                vListInitialiseItem
 .text.vListInsert
                0x000000000800023a       0x72 ./FreeRTOS/Source/list.o
                0x000000000800023a                vListInsert
 .text.uxListRemove
                0x00000000080002ac       0x54 ./FreeRTOS/Source/list.o
                0x00000000080002ac                uxListRemove
 .text.xQueueGenericReset
                0x0000000008000300      0x120 ./FreeRTOS/Source/queue.o
                0x0000000008000300                xQueueGenericReset
 .text.xQueueGenericCreate
                0x0000000008000420       0x9c ./FreeRTOS/Source/queue.o
                0x0000000008000420                xQueueGenericCreate
 .text.prvInitialiseNewQueue
                0x00000000080004bc       0x46 ./FreeRTOS/Source/queue.o
 *fill*         0x0000000008000502        0x2 
 .text.xQueueReceive
                0x0000000008000504      0x1c0 ./FreeRTOS/Source/queue.o
                0x0000000008000504                xQueueReceive
 .text.prvCopyDataFromQueue
                0x00000000080006c4       0x4c ./FreeRTOS/Source/queue.o
 .text.prvUnlockQueue
                0x0000000008000710       0xa4 ./FreeRTOS/Source/queue.o
 .text.prvIsQueueEmpty
                0x00000000080007b4       0x2c ./FreeRTOS/Source/queue.o
 .text.vQueueAddToRegistry
                0x00000000080007e0       0x9c ./FreeRTOS/Source/queue.o
                0x00000000080007e0                vQueueAddToRegistry
 .text.vQueueWaitForMessageRestricted
                0x000000000800087c       0x68 ./FreeRTOS/Source/queue.o
                0x000000000800087c                vQueueWaitForMessageRestricted
 .text.xTaskCreate
                0x00000000080008e4       0x82 ./FreeRTOS/Source/tasks.o
                0x00000000080008e4                xTaskCreate
 .text.prvInitialiseNewTask
                0x0000000008000966      0x148 ./FreeRTOS/Source/tasks.o
 *fill*         0x0000000008000aae        0x2 
 .text.prvAddNewTaskToReadyList
                0x0000000008000ab0      0x12c ./FreeRTOS/Source/tasks.o
 .text.vTaskDelay
                0x0000000008000bdc       0x68 ./FreeRTOS/Source/tasks.o
                0x0000000008000bdc                vTaskDelay
 .text.vTaskStartScheduler
                0x0000000008000c44       0xa4 ./FreeRTOS/Source/tasks.o
                0x0000000008000c44                vTaskStartScheduler
 .text.vTaskSuspendAll
                0x0000000008000ce8       0x1c ./FreeRTOS/Source/tasks.o
                0x0000000008000ce8                vTaskSuspendAll
 .text.xTaskResumeAll
                0x0000000008000d04      0x1f8 ./FreeRTOS/Source/tasks.o
                0x0000000008000d04                xTaskResumeAll
 .text.xTaskGetTickCount
                0x0000000008000efc       0x20 ./FreeRTOS/Source/tasks.o
                0x0000000008000efc                xTaskGetTickCount
 .text.xTaskIncrementTick
                0x0000000008000f1c      0x22c ./FreeRTOS/Source/tasks.o
                0x0000000008000f1c                xTaskIncrementTick
 .text.vTaskSwitchContext
                0x0000000008001148      0x100 ./FreeRTOS/Source/tasks.o
                0x0000000008001148                vTaskSwitchContext
 .text.vTaskPlaceOnEventList
                0x0000000008001248       0x48 ./FreeRTOS/Source/tasks.o
                0x0000000008001248                vTaskPlaceOnEventList
 .text.vTaskPlaceOnEventListRestricted
                0x0000000008001290       0x8c ./FreeRTOS/Source/tasks.o
                0x0000000008001290                vTaskPlaceOnEventListRestricted
 .text.xTaskRemoveFromEventList
                0x000000000800131c      0x1ac ./FreeRTOS/Source/tasks.o
                0x000000000800131c                xTaskRemoveFromEventList
 .text.vTaskInternalSetTimeOutState
                0x00000000080014c8       0x2c ./FreeRTOS/Source/tasks.o
                0x00000000080014c8                vTaskInternalSetTimeOutState
 .text.xTaskCheckForTimeOut
                0x00000000080014f4       0xcc ./FreeRTOS/Source/tasks.o
                0x00000000080014f4                xTaskCheckForTimeOut
 .text.vTaskMissedYield
                0x00000000080015c0       0x18 ./FreeRTOS/Source/tasks.o
                0x00000000080015c0                vTaskMissedYield
 .text.prvIdleTask
                0x00000000080015d8       0x30 ./FreeRTOS/Source/tasks.o
 .text.prvInitialiseTaskLists
                0x0000000008001608       0x80 ./FreeRTOS/Source/tasks.o
 .text.prvCheckTasksWaitingTermination
                0x0000000008001688       0x5c ./FreeRTOS/Source/tasks.o
 .text.prvDeleteTCB
                0x00000000080016e4       0x20 ./FreeRTOS/Source/tasks.o
 .text.prvResetNextTaskUnblockTime
                0x0000000008001704       0x38 ./FreeRTOS/Source/tasks.o
 .text.xTaskGetSchedulerState
                0x000000000800173c       0x3c ./FreeRTOS/Source/tasks.o
                0x000000000800173c                xTaskGetSchedulerState
 .text.prvAddCurrentTaskToDelayedList
                0x0000000008001778      0x100 ./FreeRTOS/Source/tasks.o
 .text.xTimerCreateTimerTask
                0x0000000008001878       0x64 ./FreeRTOS/Source/timers.o
                0x0000000008001878                xTimerCreateTimerTask
 .text.prvReloadTimer
                0x00000000080018dc       0x42 ./FreeRTOS/Source/timers.o
 *fill*         0x000000000800191e        0x2 
 .text.prvProcessExpiredTimer
                0x0000000008001920       0x60 ./FreeRTOS/Source/timers.o
 .text.prvTimerTask
                0x0000000008001980       0x24 ./FreeRTOS/Source/timers.o
 .text.prvProcessTimerOrBlockTask
                0x00000000080019a4       0x9c ./FreeRTOS/Source/timers.o
 .text.prvGetNextExpireTime
                0x0000000008001a40       0x48 ./FreeRTOS/Source/timers.o
 .text.prvSampleTimeNow
                0x0000000008001a88       0x40 ./FreeRTOS/Source/timers.o
 .text.prvInsertTimerInActiveList
                0x0000000008001ac8       0x84 ./FreeRTOS/Source/timers.o
 .text.prvProcessReceivedCommands
                0x0000000008001b4c      0x17c ./FreeRTOS/Source/timers.o
 .text.prvSwitchTimerLists
                0x0000000008001cc8       0x4c ./FreeRTOS/Source/timers.o
 .text.prvCheckForValidListAndQueue
                0x0000000008001d14       0x6c ./FreeRTOS/Source/timers.o
 .text.pxPortInitialiseStack
                0x0000000008001d80       0x68 ./FreeRTOS/Source/portable/GCC/ARM_CM4F/port.o
                0x0000000008001d80                pxPortInitialiseStack
 .text.prvTaskExitError
                0x0000000008001de8       0x58 ./FreeRTOS/Source/portable/GCC/ARM_CM4F/port.o
 .text.SVC_Handler
                0x0000000008001e40       0x28 ./FreeRTOS/Source/portable/GCC/ARM_CM4F/port.o
                0x0000000008001e40                SVC_Handler
 .text.prvPortStartFirstTask
                0x0000000008001e68       0x2c ./FreeRTOS/Source/portable/GCC/ARM_CM4F/port.o
 .text.xPortStartScheduler
                0x0000000008001e94      0x144 ./FreeRTOS/Source/portable/GCC/ARM_CM4F/port.o
                0x0000000008001e94                xPortStartScheduler
 .text.vPortEnterCritical
                0x0000000008001fd8       0x60 ./FreeRTOS/Source/portable/GCC/ARM_CM4F/port.o
                0x0000000008001fd8                vPortEnterCritical
 .text.vPortExitCritical
                0x0000000008002038       0x54 ./FreeRTOS/Source/portable/GCC/ARM_CM4F/port.o
                0x0000000008002038                vPortExitCritical
 *fill*         0x000000000800208c        0x4 
 .text.PendSV_Handler
                0x0000000008002090       0x68 ./FreeRTOS/Source/portable/GCC/ARM_CM4F/port.o
                0x0000000008002090                PendSV_Handler
 .text.SysTick_Handler
                0x00000000080020f8       0x44 ./FreeRTOS/Source/portable/GCC/ARM_CM4F/port.o
                0x00000000080020f8                SysTick_Handler
 .text.vPortSetupTimerInterrupt
                0x000000000800213c       0x34 ./FreeRTOS/Source/portable/GCC/ARM_CM4F/port.o
                0x000000000800213c                vPortSetupTimerInterrupt
 .text.vPortEnableVFP
                0x0000000008002170       0x18 ./FreeRTOS/Source/portable/GCC/ARM_CM4F/port.o
 .text.pvPortMalloc
                0x0000000008002188       0xa8 ./FreeRTOS/Source/portable/MemMang/heap_1.o
                0x0000000008002188                pvPortMalloc
 .text.vPortFree
                0x0000000008002230       0x30 ./FreeRTOS/Source/portable/MemMang/heap_1.o
                0x0000000008002230                vPortFree
 .text.USART2_IRQHandler
                0x0000000008002260       0x14 ./Src/it.o
                0x0000000008002260                USART2_IRQHandler
 .text.Task_A   0x0000000008002274       0x48 ./Src/main.o
                0x0000000008002274                Task_A
 .text.main     0x00000000080022bc       0x2c ./Src/main.o
                0x00000000080022bc                main
 .text.PreOS_Init
                0x00000000080022e8       0x5c ./Src/main.o
                0x00000000080022e8                PreOS_Init
 .text.aRCC_Init
                0x0000000008002344       0x26 ./Src/main.o
                0x0000000008002344                aRCC_Init
 *fill*         0x000000000800236a        0x2 
 .text.aLED4_Init
                0x000000000800236c       0x38 ./Src/main.o
                0x000000000800236c                aLED4_Init
 .text.aButton_Init
                0x00000000080023a4       0x40 ./Src/main.o
                0x00000000080023a4                aButton_Init
 .text.aLED4_Tog
                0x00000000080023e4       0x5c ./Src/main.o
                0x00000000080023e4                aLED4_Tog
 .text.delay    0x0000000008002440       0x2c ./Src/main.o
                0x0000000008002440                delay
 .text.aUSART2_Init
                0x000000000800246c       0x44 ./Src/main.o
                0x000000000800246c                aUSART2_Init
 .text.aGPIO_USART2_Init
                0x00000000080024b0       0x48 ./Src/main.o
                0x00000000080024b0                aGPIO_USART2_Init
 .text.NVIC_Init
                0x00000000080024f8       0x50 ./Src/main.o
                0x00000000080024f8                NVIC_Init
 .text.vApplicationStackOverflowHook
                0x0000000008002548        0xc ./Src/main.o
                0x0000000008002548                vApplicationStackOverflowHook
 .text.Reset_Handler
                0x0000000008002554       0x50 ./Startup/startup_stm32f407vgtx.o
                0x0000000008002554                Reset_Handler
 .text.Default_Handler
                0x00000000080025a4        0x2 ./Startup/startup_stm32f407vgtx.o
                0x00000000080025a4                RTC_Alarm_IRQHandler
                0x00000000080025a4                HASH_RNG_IRQHandler
                0x00000000080025a4                TIM8_CC_IRQHandler
                0x00000000080025a4                DebugMon_Handler
                0x00000000080025a4                TIM1_CC_IRQHandler
                0x00000000080025a4                DMA2_Stream5_IRQHandler
                0x00000000080025a4                HardFault_Handler
                0x00000000080025a4                DMA1_Stream5_IRQHandler
                0x00000000080025a4                PVD_IRQHandler
                0x00000000080025a4                SDIO_IRQHandler
                0x00000000080025a4                TAMP_STAMP_IRQHandler
                0x00000000080025a4                NMI_Handler
                0x00000000080025a4                CAN2_RX1_IRQHandler
                0x00000000080025a4                TIM8_TRG_COM_TIM14_IRQHandler
                0x00000000080025a4                TIM1_UP_TIM10_IRQHandler
                0x00000000080025a4                TIM8_UP_TIM13_IRQHandler
                0x00000000080025a4                I2C3_ER_IRQHandler
                0x00000000080025a4                I2C2_EV_IRQHandler
                0x00000000080025a4                DMA1_Stream2_IRQHandler
                0x00000000080025a4                CAN1_RX0_IRQHandler
                0x00000000080025a4                FPU_IRQHandler
                0x00000000080025a4                OTG_HS_WKUP_IRQHandler
                0x00000000080025a4                UsageFault_Handler
                0x00000000080025a4                CAN2_SCE_IRQHandler
                0x00000000080025a4                DMA2_Stream2_IRQHandler
                0x00000000080025a4                SPI1_IRQHandler
                0x00000000080025a4                TIM6_DAC_IRQHandler
                0x00000000080025a4                TIM1_BRK_TIM9_IRQHandler
                0x00000000080025a4                DCMI_IRQHandler
                0x00000000080025a4                CAN2_RX0_IRQHandler
                0x00000000080025a4                DMA2_Stream3_IRQHandler
                0x00000000080025a4                USART6_IRQHandler
                0x00000000080025a4                USART3_IRQHandler
                0x00000000080025a4                CRYP_IRQHandler
                0x00000000080025a4                CAN1_RX1_IRQHandler
                0x00000000080025a4                UART5_IRQHandler
                0x00000000080025a4                DMA2_Stream0_IRQHandler
                0x00000000080025a4                TIM4_IRQHandler
                0x00000000080025a4                I2C1_EV_IRQHandler
                0x00000000080025a4                DMA1_Stream6_IRQHandler
                0x00000000080025a4                DMA1_Stream1_IRQHandler
                0x00000000080025a4                UART4_IRQHandler
                0x00000000080025a4                TIM3_IRQHandler
                0x00000000080025a4                RCC_IRQHandler
                0x00000000080025a4                TIM8_BRK_TIM12_IRQHandler
                0x00000000080025a4                Default_Handler
                0x00000000080025a4                ADC_IRQHandler
                0x00000000080025a4                DMA1_Stream7_IRQHandler
                0x00000000080025a4                TIM7_IRQHandler
                0x00000000080025a4                CAN2_TX_IRQHandler
                0x00000000080025a4                TIM5_IRQHandler
                0x00000000080025a4                DMA2_Stream7_IRQHandler
                0x00000000080025a4                I2C3_EV_IRQHandler
                0x00000000080025a4                RTC_WKUP_IRQHandler
                0x00000000080025a4                ETH_WKUP_IRQHandler
                0x00000000080025a4                SPI2_IRQHandler
                0x00000000080025a4                OTG_HS_EP1_IN_IRQHandler
                0x00000000080025a4                MemManage_Handler
                0x00000000080025a4                DMA1_Stream0_IRQHandler
                0x00000000080025a4                CAN1_TX_IRQHandler
                0x00000000080025a4                FSMC_IRQHandler
                0x00000000080025a4                ETH_IRQHandler
                0x00000000080025a4                OTG_HS_EP1_OUT_IRQHandler
                0x00000000080025a4                WWDG_IRQHandler
                0x00000000080025a4                TIM2_IRQHandler
                0x00000000080025a4                OTG_FS_WKUP_IRQHandler
                0x00000000080025a4                TIM1_TRG_COM_TIM11_IRQHandler
                0x00000000080025a4                OTG_HS_IRQHandler
                0x00000000080025a4                I2C2_ER_IRQHandler
                0x00000000080025a4                DMA2_Stream1_IRQHandler
                0x00000000080025a4                CAN1_SCE_IRQHandler
                0x00000000080025a4                DMA2_Stream4_IRQHandler
                0x00000000080025a4                BusFault_Handler
                0x00000000080025a4                USART1_IRQHandler
                0x00000000080025a4                OTG_FS_IRQHandler
                0x00000000080025a4                SPI3_IRQHandler
                0x00000000080025a4                DMA1_Stream4_IRQHandler
                0x00000000080025a4                I2C1_ER_IRQHandler
                0x00000000080025a4                DMA2_Stream6_IRQHandler
                0x00000000080025a4                DMA1_Stream3_IRQHandler
 *fill*         0x00000000080025a6        0x2 
 .text.MCAL_SCB_ConfigPriorityGrouping
                0x00000000080025a8       0xb0 ./drivers/cortex_m4_MCAL/src/cortex_m4.o
                0x00000000080025a8                MCAL_SCB_ConfigPriorityGrouping
 .text.MCAL_NVIC_EnableIRQn
                0x0000000008002658       0x54 ./drivers/cortex_m4_MCAL/src/cortex_m4.o
                0x0000000008002658                MCAL_NVIC_EnableIRQn
 .text.MCAL_NVIC_SetPendingIRQn
                0x00000000080026ac       0x54 ./drivers/cortex_m4_MCAL/src/cortex_m4.o
                0x00000000080026ac                MCAL_NVIC_SetPendingIRQn
 .text.MCAL_NVIC_SetPriorityIRQn
                0x0000000008002700       0x54 ./drivers/cortex_m4_MCAL/src/cortex_m4.o
                0x0000000008002700                MCAL_NVIC_SetPriorityIRQn
 .text.SCB_enuInit
                0x0000000008002754       0x24 ./drivers/cortex_m4_drivers/src/cortexm4_nvic.o
                0x0000000008002754                SCB_enuInit
 .text.NVIC_enuInitIRQn
                0x0000000008002778       0x5c ./drivers/cortex_m4_drivers/src/cortexm4_nvic.o
                0x0000000008002778                NVIC_enuInitIRQn
 .text.MCAL_GPIO_SelectPort
                0x00000000080027d4       0xcc ./drivers/stm32f407x_MCAL/src/stm32f407x_gpio_exti.o
                0x00000000080027d4                MCAL_GPIO_SelectPort
 .text.MCAL_GPIO_SetPinMode
                0x00000000080028a0       0x56 ./drivers/stm32f407x_MCAL/src/stm32f407x_gpio_exti.o
                0x00000000080028a0                MCAL_GPIO_SetPinMode
 .text.MCAL_GPIO_SelectSpeed
                0x00000000080028f6       0x4c ./drivers/stm32f407x_MCAL/src/stm32f407x_gpio_exti.o
                0x00000000080028f6                MCAL_GPIO_SelectSpeed
 .text.MCAL_GPIO_SetPullUpPullDown
                0x0000000008002942       0x50 ./drivers/stm32f407x_MCAL/src/stm32f407x_gpio_exti.o
                0x0000000008002942                MCAL_GPIO_SetPullUpPullDown
 .text.MCAL_GPIO_SelectPinOutputType
                0x0000000008002992       0x48 ./drivers/stm32f407x_MCAL/src/stm32f407x_gpio_exti.o
                0x0000000008002992                MCAL_GPIO_SelectPinOutputType
 .text.MCAL_GPIO_SetAltFuncMode
                0x00000000080029da       0x7a ./drivers/stm32f407x_MCAL/src/stm32f407x_gpio_exti.o
                0x00000000080029da                MCAL_GPIO_SetAltFuncMode
 .text.MCAL_GPIO_TogglePin
                0x0000000008002a54       0x34 ./drivers/stm32f407x_MCAL/src/stm32f407x_gpio_exti.o
                0x0000000008002a54                MCAL_GPIO_TogglePin
 .text.MCAL_EXTI_SetEdgeTrig
                0x0000000008002a88       0xc4 ./drivers/stm32f407x_MCAL/src/stm32f407x_gpio_exti.o
                0x0000000008002a88                MCAL_EXTI_SetEdgeTrig
 .text.MCAL_SYSCFG_SellectEXTIChannel
                0x0000000008002b4c       0x4c ./drivers/stm32f407x_MCAL/src/stm32f407x_gpio_exti.o
                0x0000000008002b4c                MCAL_SYSCFG_SellectEXTIChannel
 .text.MCAL_EXTI_EnableLine
                0x0000000008002b98       0x38 ./drivers/stm32f407x_MCAL/src/stm32f407x_gpio_exti.o
                0x0000000008002b98                MCAL_EXTI_EnableLine
 .text.MCAL_EXTI_SetCallBack
                0x0000000008002bd0       0x38 ./drivers/stm32f407x_MCAL/src/stm32f407x_gpio_exti.o
                0x0000000008002bd0                MCAL_EXTI_SetCallBack
 .text.EXTI0_IRQHandler
                0x0000000008002c08       0x38 ./drivers/stm32f407x_MCAL/src/stm32f407x_gpio_exti.o
                0x0000000008002c08                EXTI0_IRQHandler
 .text.EXTI1_IRQHandler
                0x0000000008002c40       0x38 ./drivers/stm32f407x_MCAL/src/stm32f407x_gpio_exti.o
                0x0000000008002c40                EXTI1_IRQHandler
 .text.EXTI2_IRQHandler
                0x0000000008002c78       0x38 ./drivers/stm32f407x_MCAL/src/stm32f407x_gpio_exti.o
                0x0000000008002c78                EXTI2_IRQHandler
 .text.EXTI3_IRQHandler
                0x0000000008002cb0       0x38 ./drivers/stm32f407x_MCAL/src/stm32f407x_gpio_exti.o
                0x0000000008002cb0                EXTI3_IRQHandler
 .text.EXTI4_IRQHandler
                0x0000000008002ce8       0x38 ./drivers/stm32f407x_MCAL/src/stm32f407x_gpio_exti.o
                0x0000000008002ce8                EXTI4_IRQHandler
 .text.EXTI9_5_IRQHandler
                0x0000000008002d20       0xd0 ./drivers/stm32f407x_MCAL/src/stm32f407x_gpio_exti.o
                0x0000000008002d20                EXTI9_5_IRQHandler
 .text.EXTI15_10_IRQHandler
                0x0000000008002df0       0xf4 ./drivers/stm32f407x_MCAL/src/stm32f407x_gpio_exti.o
                0x0000000008002df0                EXTI15_10_IRQHandler
 .text.MCAL_RCC_SetAHBPrescaller
                0x0000000008002ee4       0x38 ./drivers/stm32f407x_MCAL/src/stm32f407x_rcc.o
                0x0000000008002ee4                MCAL_RCC_SetAHBPrescaller
 .text.MCAL_RCC_SetAPB1Prescaller
                0x0000000008002f1c       0x38 ./drivers/stm32f407x_MCAL/src/stm32f407x_rcc.o
                0x0000000008002f1c                MCAL_RCC_SetAPB1Prescaller
 .text.MCAL_RCC_SetAPB2Prescaller
                0x0000000008002f54       0x38 ./drivers/stm32f407x_MCAL/src/stm32f407x_rcc.o
                0x0000000008002f54                MCAL_RCC_SetAPB2Prescaller
 .text.MCAL_RCC_SelectSystemClockSource
                0x0000000008002f8c       0x5e ./drivers/stm32f407x_MCAL/src/stm32f407x_rcc.o
                0x0000000008002f8c                MCAL_RCC_SelectSystemClockSource
 *fill*         0x0000000008002fea        0x2 
 .text.MCAL_RCC_AHB1PeriphClockEnable
                0x0000000008002fec       0x38 ./drivers/stm32f407x_MCAL/src/stm32f407x_rcc.o
                0x0000000008002fec                MCAL_RCC_AHB1PeriphClockEnable
 .text.MCAL_RCC_APB1PeriphClockEnable
                0x0000000008003024       0x38 ./drivers/stm32f407x_MCAL/src/stm32f407x_rcc.o
                0x0000000008003024                MCAL_RCC_APB1PeriphClockEnable
 .text.MCAL_RCC_AHB1PeriphClockDisable
                0x000000000800305c       0x3c ./drivers/stm32f407x_MCAL/src/stm32f407x_rcc.o
                0x000000000800305c                MCAL_RCC_AHB1PeriphClockDisable
 .text.MCAL_RCC_APB1PeriphClockDisable
                0x0000000008003098       0x3c ./drivers/stm32f407x_MCAL/src/stm32f407x_rcc.o
                0x0000000008003098                MCAL_RCC_APB1PeriphClockDisable
 .text.MCAL_RCC_GetAPB1Value
                0x00000000080030d4       0xc4 ./drivers/stm32f407x_MCAL/src/stm32f407x_rcc.o
                0x00000000080030d4                MCAL_RCC_GetAPB1Value
 .text.EnableHSE_crys
                0x0000000008003198       0x2c ./drivers/stm32f407x_MCAL/src/stm32f407x_rcc.o
 .text.EnableHSE_rc
                0x00000000080031c4       0x2c ./drivers/stm32f407x_MCAL/src/stm32f407x_rcc.o
 .text.DisableHSE
                0x00000000080031f0       0x2c ./drivers/stm32f407x_MCAL/src/stm32f407x_rcc.o
 .text.SelectHSE
                0x000000000800321c       0x2c ./drivers/stm32f407x_MCAL/src/stm32f407x_rcc.o
 .text.EnableHSI
                0x0000000008003248       0x2c ./drivers/stm32f407x_MCAL/src/stm32f407x_rcc.o
 .text.DisableHSI
                0x0000000008003274       0x20 ./drivers/stm32f407x_MCAL/src/stm32f407x_rcc.o
 .text.SelectHSI
                0x0000000008003294       0x2c ./drivers/stm32f407x_MCAL/src/stm32f407x_rcc.o
 .text.MCAL_USART_Enable
                0x00000000080032c0       0x20 ./drivers/stm32f407x_MCAL/src/stm32f407x_usart.o
                0x00000000080032c0                MCAL_USART_Enable
 .text.MCAL_USART_EnableRxOnly
                0x00000000080032e0       0x2c ./drivers/stm32f407x_MCAL/src/stm32f407x_usart.o
                0x00000000080032e0                MCAL_USART_EnableRxOnly
 .text.MCAL_USART_EnableTxOnly
                0x000000000800330c       0x2c ./drivers/stm32f407x_MCAL/src/stm32f407x_usart.o
                0x000000000800330c                MCAL_USART_EnableTxOnly
 .text.MCAL_USART_EnableRxTx
                0x0000000008003338       0x2c ./drivers/stm32f407x_MCAL/src/stm32f407x_usart.o
                0x0000000008003338                MCAL_USART_EnableRxTx
 .text.MCAL_USART_SetWordLen8Bit
                0x0000000008003364       0x20 ./drivers/stm32f407x_MCAL/src/stm32f407x_usart.o
                0x0000000008003364                MCAL_USART_SetWordLen8Bit
 .text.MCAL_USART_SetWordLen9Bit
                0x0000000008003384       0x20 ./drivers/stm32f407x_MCAL/src/stm32f407x_usart.o
                0x0000000008003384                MCAL_USART_SetWordLen9Bit
 .text.MCAL_USART_EnableOddParity
                0x00000000080033a4       0x2c ./drivers/stm32f407x_MCAL/src/stm32f407x_usart.o
                0x00000000080033a4                MCAL_USART_EnableOddParity
 .text.MCAL_USART_EnableEvenParity
                0x00000000080033d0       0x2c ./drivers/stm32f407x_MCAL/src/stm32f407x_usart.o
                0x00000000080033d0                MCAL_USART_EnableEvenParity
 .text.MCAL_USART_DisableParity
                0x00000000080033fc       0x2c ./drivers/stm32f407x_MCAL/src/stm32f407x_usart.o
                0x00000000080033fc                MCAL_USART_DisableParity
 .text.MCAL_USART_SetStopConfig
                0x0000000008003428       0x2c ./drivers/stm32f407x_MCAL/src/stm32f407x_usart.o
                0x0000000008003428                MCAL_USART_SetStopConfig
 .text.MCAL_USART_DisableTXEI
                0x0000000008003454       0x20 ./drivers/stm32f407x_MCAL/src/stm32f407x_usart.o
                0x0000000008003454                MCAL_USART_DisableTXEI
 .text.MCAL_USART_ReadTXEI
                0x0000000008003474       0x22 ./drivers/stm32f407x_MCAL/src/stm32f407x_usart.o
                0x0000000008003474                MCAL_USART_ReadTXEI
 .text.MCAL_USART_DisableRXNI
                0x0000000008003496       0x20 ./drivers/stm32f407x_MCAL/src/stm32f407x_usart.o
                0x0000000008003496                MCAL_USART_DisableRXNI
 .text.MCAL_USART_ReadRXNI
                0x00000000080034b6       0x22 ./drivers/stm32f407x_MCAL/src/stm32f407x_usart.o
                0x00000000080034b6                MCAL_USART_ReadRXNI
 .text.MCAL_USART_EnableCTSFlowControl
                0x00000000080034d8       0x20 ./drivers/stm32f407x_MCAL/src/stm32f407x_usart.o
                0x00000000080034d8                MCAL_USART_EnableCTSFlowControl
 .text.MCAL_USART_DisableCTSFlowControl
                0x00000000080034f8       0x20 ./drivers/stm32f407x_MCAL/src/stm32f407x_usart.o
                0x00000000080034f8                MCAL_USART_DisableCTSFlowControl
 .text.MCAL_USART_EnableRTSFlowControl
                0x0000000008003518       0x20 ./drivers/stm32f407x_MCAL/src/stm32f407x_usart.o
                0x0000000008003518                MCAL_USART_EnableRTSFlowControl
 .text.MCAL_USART_DisableRTSFlowControl
                0x0000000008003538       0x20 ./drivers/stm32f407x_MCAL/src/stm32f407x_usart.o
                0x0000000008003538                MCAL_USART_DisableRTSFlowControl
 .text.MCAL_USART_SetBaudRateValue
                0x0000000008003558       0xec ./drivers/stm32f407x_MCAL/src/stm32f407x_usart.o
                0x0000000008003558                MCAL_USART_SetBaudRateValue
 .text.MCAL_USART_GetFlagStatus
                0x0000000008003644       0x2a ./drivers/stm32f407x_MCAL/src/stm32f407x_usart.o
                0x0000000008003644                MCAL_USART_GetFlagStatus
 .text.MCAL_USART_WriteData
                0x000000000800366e       0x1e ./drivers/stm32f407x_MCAL/src/stm32f407x_usart.o
                0x000000000800366e                MCAL_USART_WriteData
 .text.MCAL_USART_ReadData
                0x000000000800368c       0x1a ./drivers/stm32f407x_MCAL/src/stm32f407x_usart.o
                0x000000000800368c                MCAL_USART_ReadData
 .text.GPIO_enuInit
                0x00000000080036a6       0xea ./drivers/stm32f407x_drivers/src/stm32f4xxx_gpio.o
                0x00000000080036a6                GPIO_enuInit
 .text.GPIO_enuToggleOutputPin
                0x0000000008003790       0x48 ./drivers/stm32f407x_drivers/src/stm32f4xxx_gpio.o
                0x0000000008003790                GPIO_enuToggleOutputPin
 .text.RCC_enuInitSystemClk
                0x00000000080037d8       0x42 ./drivers/stm32f407x_drivers/src/stm32f4xxx_rcc.o
                0x00000000080037d8                RCC_enuInitSystemClk
 .text.RCC_enuAHB1PeriphClkCtrl
                0x000000000800381a       0x44 ./drivers/stm32f407x_drivers/src/stm32f4xxx_rcc.o
                0x000000000800381a                RCC_enuAHB1PeriphClkCtrl
 .text.RCC_enuAPB1PeriphClkCtrl
                0x000000000800385e       0x44 ./drivers/stm32f407x_drivers/src/stm32f4xxx_rcc.o
                0x000000000800385e                RCC_enuAPB1PeriphClkCtrl
 .text.RCC_enuGetAPB1Value
                0x00000000080038a2       0x20 ./drivers/stm32f407x_drivers/src/stm32f4xxx_rcc.o
                0x00000000080038a2                RCC_enuGetAPB1Value
 *fill*         0x00000000080038c2        0x2 
 .text.USART_enuInit
                0x00000000080038c4      0x178 ./drivers/stm32f407x_drivers/src/stm32f4xxx_usart.o
                0x00000000080038c4                USART_enuInit
 .text.USART_enuSendDataSyn
                0x0000000008003a3c      0x11c ./drivers/stm32f407x_drivers/src/stm32f4xxx_usart.o
                0x0000000008003a3c                USART_enuSendDataSyn
 .text.USART_IRQHandling
                0x0000000008003b58      0x27c ./drivers/stm32f407x_drivers/src/stm32f4xxx_usart.o
                0x0000000008003b58                USART_IRQHandling
 .text.memset   0x0000000008003dd4       0x10 /opt/st/stm32cubeide_1.14.0_2/plugins/com.st.stm32cube.ide.mcu.externaltools.gnu-tools-for-stm32.11.3.rel1.linux64_1.1.100.202309141235/tools/bin/../lib/gcc/arm-none-eabi/11.3.1/../../../../arm-none-eabi/lib/thumb/v7e-m+fp/hard/libc_nano.a(libc_a-memset.o)
                0x0000000008003dd4                memset
 .text.__libc_init_array
                0x0000000008003de4       0x48 /opt/st/stm32cubeide_1.14.0_2/plugins/com.st.stm32cube.ide.mcu.externaltools.gnu-tools-for-stm32.11.3.rel1.linux64_1.1.100.202309141235/tools/bin/../lib/gcc/arm-none-eabi/11.3.1/../../../../arm-none-eabi/lib/thumb/v7e-m+fp/hard/libc_nano.a(libc_a-init.o)
                0x0000000008003de4                __libc_init_array
 .text.memcpy   0x0000000008003e2c       0x1c /opt/st/stm32cubeide_1.14.0_2/plugins/com.st.stm32cube.ide.mcu.externaltools.gnu-tools-for-stm32.11.3.rel1.linux64_1.1.100.202309141235/tools/bin/../lib/gcc/arm-none-eabi/11.3.1/../../../../arm-none-eabi/lib/thumb/v7e-m+fp/hard/libc_nano.a(libc_a-memcpy-stub.o)
                0x0000000008003e2c                memcpy
 *(.glue_7)
 .glue_7        0x0000000008003e48        0x0 linker stubs
 *(.glue_7t)
 .glue_7t       0x0000000008003e48        0x0 linker stubs
 *(.eh_frame)
 .eh_frame      0x0000000008003e48        0x0 /opt/st/stm32cubeide_1.14.0_2/plugins/com.st.stm32cube.ide.mcu.externaltools.gnu-tools-for-stm32.11.3.rel1.linux64_1.1.100.202309141235/tools/bin/../lib/gcc/arm-none-eabi/11.3.1/thumb/v7e-m+fp/hard/crtbegin.o
 *(.init)
 .init          0x0000000008003e48        0x4 /opt/st/stm32cubeide_1.14.0_2/plugins/com.st.stm32cube.ide.mcu.externaltools.gnu-tools-for-stm32.11.3.rel1.linux64_1.1.100.202309141235/tools/bin/../lib/gcc/arm-none-eabi/11.3.1/thumb/v7e-m+fp/hard/crti.o
                0x0000000008003e48                _init
 .init          0x0000000008003e4c        0x8 /opt/st/stm32cubeide_1.14.0_2/plugins/com.st.stm32cube.ide.mcu.externaltools.gnu-tools-for-stm32.11.3.rel1.linux64_1.1.100.202309141235/tools/bin/../lib/gcc/arm-none-eabi/11.3.1/thumb/v7e-m+fp/hard/crtn.o
 *(.fini)
 .fini          0x0000000008003e54        0x4 /opt/st/stm32cubeide_1.14.0_2/plugins/com.st.stm32cube.ide.mcu.externaltools.gnu-tools-for-stm32.11.3.rel1.linux64_1.1.100.202309141235/tools/bin/../lib/gcc/arm-none-eabi/11.3.1/thumb/v7e-m+fp/hard/crti.o
                0x0000000008003e54                _fini
 .fini          0x0000000008003e58        0x8 /opt/st/stm32cubeide_1.14.0_2/plugins/com.st.stm32cube.ide.mcu.externaltools.gnu-tools-for-stm32.11.3.rel1.linux64_1.1.100.202309141235/tools/bin/../lib/gcc/arm-none-eabi/11.3.1/thumb/v7e-m+fp/hard/crtn.o
                0x0000000008003e60                . = ALIGN (0x4)
                0x0000000008003e60                _etext = .

.vfp11_veneer   0x0000000008003e60        0x0
 .vfp11_veneer  0x0000000008003e60        0x0 linker stubs

.v4_bx          0x0000000008003e60        0x0
 .v4_bx         0x0000000008003e60        0x0 linker stubs

.iplt           0x0000000008003e60        0x0
 .iplt          0x0000000008003e60        0x0 /opt/st/stm32cubeide_1.14.0_2/plugins/com.st.stm32cube.ide.mcu.externaltools.gnu-tools-for-stm32.11.3.rel1.linux64_1.1.100.202309141235/tools/bin/../lib/gcc/arm-none-eabi/11.3.1/thumb/v7e-m+fp/hard/crtbegin.o

.rodata         0x0000000008003e60       0x4c
                0x0000000008003e60                . = ALIGN (0x4)
 *(.rodata)
 .rodata        0x0000000008003e60        0x5 ./FreeRTOS/Source/tasks.o
 *fill*         0x0000000008003e65        0x3 
 .rodata        0x0000000008003e68        0xd ./FreeRTOS/Source/timers.o
 *fill*         0x0000000008003e75        0x3 
 .rodata        0x0000000008003e78       0x31 ./Src/main.o
 *(.rodata*)
                0x0000000008003eac                . = ALIGN (0x4)
 *fill*         0x0000000008003ea9        0x3 

.rel.dyn        0x0000000008003eac        0x0
 .rel.iplt      0x0000000008003eac        0x0 /opt/st/stm32cubeide_1.14.0_2/plugins/com.st.stm32cube.ide.mcu.externaltools.gnu-tools-for-stm32.11.3.rel1.linux64_1.1.100.202309141235/tools/bin/../lib/gcc/arm-none-eabi/11.3.1/thumb/v7e-m+fp/hard/crtbegin.o

.ARM.extab      0x0000000008003eac        0x0
                0x0000000008003eac                . = ALIGN (0x4)
 *(.ARM.extab* .gnu.linkonce.armextab.*)
                0x0000000008003eac                . = ALIGN (0x4)

.ARM            0x0000000008003eac        0x0
                0x0000000008003eac                . = ALIGN (0x4)
                0x0000000008003eac                __exidx_start = .
 *(.ARM.exidx*)
                0x0000000008003eac                __exidx_end = .
                0x0000000008003eac                . = ALIGN (0x4)

.preinit_array  0x0000000008003eac        0x0
                0x0000000008003eac                . = ALIGN (0x4)
                0x0000000008003eac                PROVIDE (__preinit_array_start = .)
 *(.preinit_array*)
                0x0000000008003eac                PROVIDE (__preinit_array_end = .)
                0x0000000008003eac                . = ALIGN (0x4)

.init_array     0x0000000008003eac        0x4
                0x0000000008003eac                . = ALIGN (0x4)
                0x0000000008003eac                PROVIDE (__init_array_start = .)
 *(SORT_BY_NAME(.init_array.*))
 *(.init_array*)
 .init_array    0x0000000008003eac        0x4 /opt/st/stm32cubeide_1.14.0_2/plugins/com.st.stm32cube.ide.mcu.externaltools.gnu-tools-for-stm32.11.3.rel1.linux64_1.1.100.202309141235/tools/bin/../lib/gcc/arm-none-eabi/11.3.1/thumb/v7e-m+fp/hard/crtbegin.o
                0x0000000008003eb0                PROVIDE (__init_array_end = .)
                0x0000000008003eb0                . = ALIGN (0x4)

.fini_array     0x0000000008003eb0        0x4
                0x0000000008003eb0                . = ALIGN (0x4)
                [!provide]                        PROVIDE (__fini_array_start = .)
 *(SORT_BY_NAME(.fini_array.*))
 *(.fini_array*)
 .fini_array    0x0000000008003eb0        0x4 /opt/st/stm32cubeide_1.14.0_2/plugins/com.st.stm32cube.ide.mcu.externaltools.gnu-tools-for-stm32.11.3.rel1.linux64_1.1.100.202309141235/tools/bin/../lib/gcc/arm-none-eabi/11.3.1/thumb/v7e-m+fp/hard/crtbegin.o
                [!provide]                        PROVIDE (__fini_array_end = .)
                0x0000000008003eb4                . = ALIGN (0x4)
                0x0000000008003eb4                _sidata = LOADADDR (.data)

.data           0x0000000020000000       0x30 load address 0x0000000008003eb4
                0x0000000020000000                . = ALIGN (0x4)
                0x0000000020000000                _sdata = .
 *(.data)
 *(.data*)
 .data.uxTopUsedPriority
                0x0000000020000000        0x4 ./FreeRTOS/Source/tasks.o
                0x0000000020000000                uxTopUsedPriority
 .data.uxCriticalNesting
                0x0000000020000004        0x4 ./FreeRTOS/Source/portable/GCC/ARM_CM4F/port.o
 .data.aStringData
                0x0000000020000008       0x11 ./Src/main.o
                0x0000000020000008                aStringData
 *fill*         0x0000000020000019        0x3 
 .data.AHB_PreScaler
                0x000000002000001c       0x10 ./drivers/stm32f407x_MCAL/src/stm32f407x_rcc.o
                0x000000002000001c                AHB_PreScaler
 .data.APB_PreScaler
                0x000000002000002c        0x4 ./drivers/stm32f407x_MCAL/src/stm32f407x_rcc.o
                0x000000002000002c                APB_PreScaler
 *(.RamFunc)
 *(.RamFunc*)
                0x0000000020000030                . = ALIGN (0x4)
                0x0000000020000030                _edata = .
                0x0000000008003ee4                _siccmram = LOADADDR (.ccmram)

.igot.plt       0x0000000020000030        0x0 load address 0x0000000008003ee4
 .igot.plt      0x0000000020000030        0x0 /opt/st/stm32cubeide_1.14.0_2/plugins/com.st.stm32cube.ide.mcu.externaltools.gnu-tools-for-stm32.11.3.rel1.linux64_1.1.100.202309141235/tools/bin/../lib/gcc/arm-none-eabi/11.3.1/thumb/v7e-m+fp/hard/crtbegin.o

.ccmram         0x0000000010000000        0x0 load address 0x0000000008003ee4
                0x0000000010000000                . = ALIGN (0x4)
                0x0000000010000000                _sccmram = .
 *(.ccmram)
 *(.ccmram*)
                0x0000000010000000                . = ALIGN (0x4)
                0x0000000010000000                _eccmram = .
                0x0000000010000000                . = ALIGN (0x4)

.bss            0x0000000020000030    0x12e4c
                0x0000000020000030                _sbss = .
                0x0000000020000030                __bss_start__ = _sbss
 *(.bss)
 .bss           0x0000000020000030       0x1c /opt/st/stm32cubeide_1.14.0_2/plugins/com.st.stm32cube.ide.mcu.externaltools.gnu-tools-for-stm32.11.3.rel1.linux64_1.1.100.202309141235/tools/bin/../lib/gcc/arm-none-eabi/11.3.1/thumb/v7e-m+fp/hard/crtbegin.o
 *(.bss*)
 .bss.xQueueRegistry
                0x000000002000004c       0x40 ./FreeRTOS/Source/queue.o
                0x000000002000004c                xQueueRegistry
 .bss.pxCurrentTCB
                0x000000002000008c        0x4 ./FreeRTOS/Source/tasks.o
                0x000000002000008c                pxCurrentTCB
 .bss.pxReadyTasksLists
                0x0000000020000090       0x64 ./FreeRTOS/Source/tasks.o
 .bss.xDelayedTaskList1
                0x00000000200000f4       0x14 ./FreeRTOS/Source/tasks.o
 .bss.xDelayedTaskList2
                0x0000000020000108       0x14 ./FreeRTOS/Source/tasks.o
 .bss.pxDelayedTaskList
                0x000000002000011c        0x4 ./FreeRTOS/Source/tasks.o
 .bss.pxOverflowDelayedTaskList
                0x0000000020000120        0x4 ./FreeRTOS/Source/tasks.o
 .bss.xPendingReadyList
                0x0000000020000124       0x14 ./FreeRTOS/Source/tasks.o
 .bss.xTasksWaitingTermination
                0x0000000020000138       0x14 ./FreeRTOS/Source/tasks.o
 .bss.uxDeletedTasksWaitingCleanUp
                0x000000002000014c        0x4 ./FreeRTOS/Source/tasks.o
 .bss.xSuspendedTaskList
                0x0000000020000150       0x14 ./FreeRTOS/Source/tasks.o
 .bss.uxCurrentNumberOfTasks
                0x0000000020000164        0x4 ./FreeRTOS/Source/tasks.o
 .bss.xTickCount
                0x0000000020000168        0x4 ./FreeRTOS/Source/tasks.o
 .bss.uxTopReadyPriority
                0x000000002000016c        0x4 ./FreeRTOS/Source/tasks.o
 .bss.xSchedulerRunning
                0x0000000020000170        0x4 ./FreeRTOS/Source/tasks.o
 .bss.xPendedTicks
                0x0000000020000174        0x4 ./FreeRTOS/Source/tasks.o
 .bss.xYieldPending
                0x0000000020000178        0x4 ./FreeRTOS/Source/tasks.o
 .bss.xNumOfOverflows
                0x000000002000017c        0x4 ./FreeRTOS/Source/tasks.o
 .bss.uxTaskNumber
                0x0000000020000180        0x4 ./FreeRTOS/Source/tasks.o
 .bss.xNextTaskUnblockTime
                0x0000000020000184        0x4 ./FreeRTOS/Source/tasks.o
 .bss.xIdleTaskHandle
                0x0000000020000188        0x4 ./FreeRTOS/Source/tasks.o
 .bss.uxSchedulerSuspended
                0x000000002000018c        0x4 ./FreeRTOS/Source/tasks.o
 .bss.xActiveTimerList1
                0x0000000020000190       0x14 ./FreeRTOS/Source/timers.o
 .bss.xActiveTimerList2
                0x00000000200001a4       0x14 ./FreeRTOS/Source/timers.o
 .bss.pxCurrentTimerList
                0x00000000200001b8        0x4 ./FreeRTOS/Source/timers.o
 .bss.pxOverflowTimerList
                0x00000000200001bc        0x4 ./FreeRTOS/Source/timers.o
 .bss.xTimerQueue
                0x00000000200001c0        0x4 ./FreeRTOS/Source/timers.o
 .bss.xTimerTaskHandle
                0x00000000200001c4        0x4 ./FreeRTOS/Source/timers.o
 .bss.xLastTime.0
                0x00000000200001c8        0x4 ./FreeRTOS/Source/timers.o
 .bss.ucMaxSysCallPriority
                0x00000000200001cc        0x1 ./FreeRTOS/Source/portable/GCC/ARM_CM4F/port.o
 *fill*         0x00000000200001cd        0x3 
 .bss.ulMaxPRIGROUPValue
                0x00000000200001d0        0x4 ./FreeRTOS/Source/portable/GCC/ARM_CM4F/port.o
 .bss.ucHeap    0x00000000200001d4    0x12c00 ./FreeRTOS/Source/portable/MemMang/heap_1.o
 .bss.xNextFreeByte
                0x0000000020012dd4        0x4 ./FreeRTOS/Source/portable/MemMang/heap_1.o
 .bss.pucAlignedHeap.0
                0x0000000020012dd8        0x4 ./FreeRTOS/Source/portable/MemMang/heap_1.o
 .bss.aNvic_Hn  0x0000000020012ddc        0x5 ./Src/main.o
                0x0000000020012ddc                aNvic_Hn
 *fill*         0x0000000020012de1        0x3 
 .bss.aLED4pin  0x0000000020012de4       0x10 ./Src/main.o
                0x0000000020012de4                aLED4pin
 .bss.aUART2pin
                0x0000000020012df4       0x10 ./Src/main.o
                0x0000000020012df4                aUART2pin
 .bss.aUSART2_hn
                0x0000000020012e04       0x24 ./Src/main.o
                0x0000000020012e04                aUSART2_hn
 .bss.aBUTpin   0x0000000020012e28       0x10 ./Src/main.o
                0x0000000020012e28                aBUTpin
 .bss.SCB_SubPriBits
                0x0000000020012e38        0x1 ./drivers/cortex_m4_MCAL/src/cortex_m4.o
                0x0000000020012e38                SCB_SubPriBits
 *fill*         0x0000000020012e39        0x3 
 .bss.EXTI_CallBack
                0x0000000020012e3c       0x40 ./drivers/stm32f407x_MCAL/src/stm32f407x_gpio_exti.o
                0x0000000020012e3c                EXTI_CallBack
 *(COMMON)
                0x0000000020012e7c                . = ALIGN (0x4)
                0x0000000020012e7c                _ebss = .
                0x0000000020012e7c                __bss_end__ = _ebss

._user_heap_stack
                0x0000000020012e7c      0x604
                0x0000000020012e80                . = ALIGN (0x8)
 *fill*         0x0000000020012e7c        0x4 
                [!provide]                        PROVIDE (end = .)
                0x0000000020012e80                PROVIDE (_end = .)
                0x0000000020013080                . = (. + _Min_Heap_Size)
 *fill*         0x0000000020012e80      0x200 
                0x0000000020013480                . = (. + _Min_Stack_Size)
 *fill*         0x0000000020013080      0x400 
                0x0000000020013480                . = ALIGN (0x8)

/DISCARD/
 libc.a(*)
 libm.a(*)
 libgcc.a(*)

.ARM.attributes
                0x0000000000000000       0x30
 *(.ARM.attributes)
 .ARM.attributes
                0x0000000000000000       0x1e /opt/st/stm32cubeide_1.14.0_2/plugins/com.st.stm32cube.ide.mcu.externaltools.gnu-tools-for-stm32.11.3.rel1.linux64_1.1.100.202309141235/tools/bin/../lib/gcc/arm-none-eabi/11.3.1/thumb/v7e-m+fp/hard/crti.o
 .ARM.attributes
                0x000000000000001e       0x34 /opt/st/stm32cubeide_1.14.0_2/plugins/com.st.stm32cube.ide.mcu.externaltools.gnu-tools-for-stm32.11.3.rel1.linux64_1.1.100.202309141235/tools/bin/../lib/gcc/arm-none-eabi/11.3.1/thumb/v7e-m+fp/hard/crtbegin.o
 .ARM.attributes
                0x0000000000000052       0x34 ./FreeRTOS/Source/list.o
 .ARM.attributes
                0x0000000000000086       0x34 ./FreeRTOS/Source/queue.o
 .ARM.attributes
                0x00000000000000ba       0x34 ./FreeRTOS/Source/tasks.o
 .ARM.attributes
                0x00000000000000ee       0x34 ./FreeRTOS/Source/timers.o
 .ARM.attributes
                0x0000000000000122       0x34 ./FreeRTOS/Source/portable/GCC/ARM_CM4F/port.o
 .ARM.attributes
                0x0000000000000156       0x34 ./FreeRTOS/Source/portable/MemMang/heap_1.o
 .ARM.attributes
                0x000000000000018a       0x34 ./Src/it.o
 .ARM.attributes
                0x00000000000001be       0x34 ./Src/main.o
 .ARM.attributes
                0x00000000000001f2       0x21 ./Startup/startup_stm32f407vgtx.o
 .ARM.attributes
                0x0000000000000213       0x34 ./drivers/cortex_m4_MCAL/src/cortex_m4.o
 .ARM.attributes
                0x0000000000000247       0x34 ./drivers/cortex_m4_drivers/src/cortexm4_nvic.o
 .ARM.attributes
                0x000000000000027b       0x34 ./drivers/stm32f407x_MCAL/src/stm32f407x_gpio_exti.o
 .ARM.attributes
                0x00000000000002af       0x34 ./drivers/stm32f407x_MCAL/src/stm32f407x_rcc.o
 .ARM.attributes
                0x00000000000002e3       0x34 ./drivers/stm32f407x_MCAL/src/stm32f407x_usart.o
 .ARM.attributes
                0x0000000000000317       0x34 ./drivers/stm32f407x_drivers/src/stm32f4xxx_gpio.o
 .ARM.attributes
                0x000000000000034b       0x34 ./drivers/stm32f407x_drivers/src/stm32f4xxx_rcc.o
 .ARM.attributes
                0x000000000000037f       0x34 ./drivers/stm32f407x_drivers/src/stm32f4xxx_usart.o
 .ARM.attributes
                0x00000000000003b3       0x34 /opt/st/stm32cubeide_1.14.0_2/plugins/com.st.stm32cube.ide.mcu.externaltools.gnu-tools-for-stm32.11.3.rel1.linux64_1.1.100.202309141235/tools/bin/../lib/gcc/arm-none-eabi/11.3.1/../../../../arm-none-eabi/lib/thumb/v7e-m+fp/hard/libc_nano.a(libc_a-memset.o)
 .ARM.attributes
                0x00000000000003e7       0x34 /opt/st/stm32cubeide_1.14.0_2/plugins/com.st.stm32cube.ide.mcu.externaltools.gnu-tools-for-stm32.11.3.rel1.linux64_1.1.100.202309141235/tools/bin/../lib/gcc/arm-none-eabi/11.3.1/../../../../arm-none-eabi/lib/thumb/v7e-m+fp/hard/libc_nano.a(libc_a-init.o)
 .ARM.attributes
                0x000000000000041b       0x34 /opt/st/stm32cubeide_1.14.0_2/plugins/com.st.stm32cube.ide.mcu.externaltools.gnu-tools-for-stm32.11.3.rel1.linux64_1.1.100.202309141235/tools/bin/../lib/gcc/arm-none-eabi/11.3.1/../../../../arm-none-eabi/lib/thumb/v7e-m+fp/hard/libc_nano.a(libc_a-memcpy-stub.o)
 .ARM.attributes
                0x000000000000044f       0x17 /opt/st/stm32cubeide_1.14.0_2/plugins/com.st.stm32cube.ide.mcu.externaltools.gnu-tools-for-stm32.11.3.rel1.linux64_1.1.100.202309141235/tools/bin/../lib/gcc/arm-none-eabi/11.3.1/../../../../arm-none-eabi/lib/thumb/v7e-m+fp/hard/libc_nano.a(libc_a-strlen.o)
 .ARM.attributes
                0x0000000000000466       0x1e /opt/st/stm32cubeide_1.14.0_2/plugins/com.st.stm32cube.ide.mcu.externaltools.gnu-tools-for-stm32.11.3.rel1.linux64_1.1.100.202309141235/tools/bin/../lib/gcc/arm-none-eabi/11.3.1/thumb/v7e-m+fp/hard/crtn.o
OUTPUT(freertos_with_stm32f407.elf elf32-littlearm)
LOAD linker stubs
LOAD /opt/st/stm32cubeide_1.14.0_2/plugins/com.st.stm32cube.ide.mcu.externaltools.gnu-tools-for-stm32.11.3.rel1.linux64_1.1.100.202309141235/tools/bin/../lib/gcc/arm-none-eabi/11.3.1/../../../../arm-none-eabi/lib/thumb/v7e-m+fp/hard/libc.a
LOAD /opt/st/stm32cubeide_1.14.0_2/plugins/com.st.stm32cube.ide.mcu.externaltools.gnu-tools-for-stm32.11.3.rel1.linux64_1.1.100.202309141235/tools/bin/../lib/gcc/arm-none-eabi/11.3.1/../../../../arm-none-eabi/lib/thumb/v7e-m+fp/hard/libm.a
LOAD /opt/st/stm32cubeide_1.14.0_2/plugins/com.st.stm32cube.ide.mcu.externaltools.gnu-tools-for-stm32.11.3.rel1.linux64_1.1.100.202309141235/tools/bin/../lib/gcc/arm-none-eabi/11.3.1/thumb/v7e-m+fp/hard/libgcc.a

.comment        0x0000000000000000       0x43
 .comment       0x0000000000000000       0x43 /opt/st/stm32cubeide_1.14.0_2/plugins/com.st.stm32cube.ide.mcu.externaltools.gnu-tools-for-stm32.11.3.rel1.linux64_1.1.100.202309141235/tools/bin/../lib/gcc/arm-none-eabi/11.3.1/thumb/v7e-m+fp/hard/crtbegin.o
                                         0x44 (size before relaxing)
 .comment       0x0000000000000043       0x44 ./FreeRTOS/Source/list.o
 .comment       0x0000000000000043       0x44 ./FreeRTOS/Source/queue.o
 .comment       0x0000000000000043       0x44 ./FreeRTOS/Source/tasks.o
 .comment       0x0000000000000043       0x44 ./FreeRTOS/Source/timers.o
 .comment       0x0000000000000043       0x44 ./FreeRTOS/Source/portable/GCC/ARM_CM4F/port.o
 .comment       0x0000000000000043       0x44 ./FreeRTOS/Source/portable/MemMang/heap_1.o
 .comment       0x0000000000000043       0x44 ./Src/it.o
 .comment       0x0000000000000043       0x44 ./Src/main.o
 .comment       0x0000000000000043       0x44 ./drivers/cortex_m4_MCAL/src/cortex_m4.o
 .comment       0x0000000000000043       0x44 ./drivers/cortex_m4_drivers/src/cortexm4_nvic.o
 .comment       0x0000000000000043       0x44 ./drivers/stm32f407x_MCAL/src/stm32f407x_gpio_exti.o
 .comment       0x0000000000000043       0x44 ./drivers/stm32f407x_MCAL/src/stm32f407x_rcc.o
 .comment       0x0000000000000043       0x44 ./drivers/stm32f407x_MCAL/src/stm32f407x_usart.o
 .comment       0x0000000000000043       0x44 ./drivers/stm32f407x_drivers/src/stm32f4xxx_gpio.o
 .comment       0x0000000000000043       0x44 ./drivers/stm32f407x_drivers/src/stm32f4xxx_rcc.o
 .comment       0x0000000000000043       0x44 ./drivers/stm32f407x_drivers/src/stm32f4xxx_usart.o

.debug_info     0x0000000000000000     0x9787
 .debug_info    0x0000000000000000      0x2af ./FreeRTOS/Source/list.o
 .debug_info    0x00000000000002af     0x180d ./FreeRTOS/Source/queue.o
 .debug_info    0x0000000000001abc     0x2457 ./FreeRTOS/Source/tasks.o
 .debug_info    0x0000000000003f13      0xdf6 ./FreeRTOS/Source/timers.o
 .debug_info    0x0000000000004d09      0x4d5 ./FreeRTOS/Source/portable/GCC/ARM_CM4F/port.o
 .debug_info    0x00000000000051de      0x1df ./FreeRTOS/Source/portable/MemMang/heap_1.o
 .debug_info    0x00000000000053bd      0x2df ./Src/it.o
 .debug_info    0x000000000000569c      0xdf4 ./Src/main.o
 .debug_info    0x0000000000006490       0x23 ./Startup/startup_stm32f407vgtx.o
 .debug_info    0x00000000000064b3      0x2e0 ./drivers/cortex_m4_MCAL/src/cortex_m4.o
 .debug_info    0x0000000000006793      0x6ec ./drivers/cortex_m4_drivers/src/cortexm4_nvic.o
 .debug_info    0x0000000000006e7f      0x6b2 ./drivers/stm32f407x_MCAL/src/stm32f407x_gpio_exti.o
 .debug_info    0x0000000000007531      0x7d8 ./drivers/stm32f407x_MCAL/src/stm32f407x_rcc.o
 .debug_info    0x0000000000007d09      0x5cf ./drivers/stm32f407x_MCAL/src/stm32f407x_usart.o
 .debug_info    0x00000000000082d8      0x64f ./drivers/stm32f407x_drivers/src/stm32f4xxx_gpio.o
 .debug_info    0x0000000000008927      0x6a2 ./drivers/stm32f407x_drivers/src/stm32f4xxx_rcc.o
 .debug_info    0x0000000000008fc9      0x7be ./drivers/stm32f407x_drivers/src/stm32f4xxx_usart.o

.debug_abbrev   0x0000000000000000     0x1bb9
 .debug_abbrev  0x0000000000000000       0xf5 ./FreeRTOS/Source/list.o
 .debug_abbrev  0x00000000000000f5      0x323 ./FreeRTOS/Source/queue.o
 .debug_abbrev  0x0000000000000418      0x37c ./FreeRTOS/Source/tasks.o
 .debug_abbrev  0x0000000000000794      0x2cb ./FreeRTOS/Source/timers.o
 .debug_abbrev  0x0000000000000a5f      0x247 ./FreeRTOS/Source/portable/GCC/ARM_CM4F/port.o
 .debug_abbrev  0x0000000000000ca6      0x15f ./FreeRTOS/Source/portable/MemMang/heap_1.o
 .debug_abbrev  0x0000000000000e05       0xea ./Src/it.o
 .debug_abbrev  0x0000000000000eef      0x23b ./Src/main.o
 .debug_abbrev  0x000000000000112a       0x12 ./Startup/startup_stm32f407vgtx.o
 .debug_abbrev  0x000000000000113c       0xe9 ./drivers/cortex_m4_MCAL/src/cortex_m4.o
 .debug_abbrev  0x0000000000001225      0x114 ./drivers/cortex_m4_drivers/src/cortexm4_nvic.o
 .debug_abbrev  0x0000000000001339      0x14a ./drivers/stm32f407x_MCAL/src/stm32f407x_gpio_exti.o
 .debug_abbrev  0x0000000000001483      0x1bb ./drivers/stm32f407x_MCAL/src/stm32f407x_rcc.o
 .debug_abbrev  0x000000000000163e      0x181 ./drivers/stm32f407x_MCAL/src/stm32f407x_usart.o
 .debug_abbrev  0x00000000000017bf      0x122 ./drivers/stm32f407x_drivers/src/stm32f4xxx_gpio.o
 .debug_abbrev  0x00000000000018e1      0x108 ./drivers/stm32f407x_drivers/src/stm32f4xxx_rcc.o
 .debug_abbrev  0x00000000000019e9      0x1d0 ./drivers/stm32f407x_drivers/src/stm32f4xxx_usart.o

.debug_aranges  0x0000000000000000      0xa38
 .debug_aranges
                0x0000000000000000       0x40 ./FreeRTOS/Source/list.o
 .debug_aranges
                0x0000000000000040      0x130 ./FreeRTOS/Source/queue.o
 .debug_aranges
                0x0000000000000170      0x1f8 ./FreeRTOS/Source/tasks.o
 .debug_aranges
                0x0000000000000368       0xe0 ./FreeRTOS/Source/timers.o
 .debug_aranges
                0x0000000000000448       0x80 ./FreeRTOS/Source/portable/GCC/ARM_CM4F/port.o
 .debug_aranges
                0x00000000000004c8       0x38 ./FreeRTOS/Source/portable/MemMang/heap_1.o
 .debug_aranges
                0x0000000000000500       0x20 ./Src/it.o
 .debug_aranges
                0x0000000000000520       0x80 ./Src/main.o
 .debug_aranges
                0x00000000000005a0       0x28 ./Startup/startup_stm32f407vgtx.o
 .debug_aranges
                0x00000000000005c8       0x60 ./drivers/cortex_m4_MCAL/src/cortex_m4.o
 .debug_aranges
                0x0000000000000628       0x68 ./drivers/cortex_m4_drivers/src/cortexm4_nvic.o
 .debug_aranges
                0x0000000000000690       0xb8 ./drivers/stm32f407x_MCAL/src/stm32f407x_gpio_exti.o
 .debug_aranges
                0x0000000000000748       0xf0 ./drivers/stm32f407x_MCAL/src/stm32f407x_rcc.o
 .debug_aranges
                0x0000000000000838      0x100 ./drivers/stm32f407x_MCAL/src/stm32f407x_usart.o
 .debug_aranges
                0x0000000000000938       0x38 ./drivers/stm32f407x_drivers/src/stm32f4xxx_gpio.o
 .debug_aranges
                0x0000000000000970       0x80 ./drivers/stm32f407x_drivers/src/stm32f4xxx_rcc.o
 .debug_aranges
                0x00000000000009f0       0x48 ./drivers/stm32f407x_drivers/src/stm32f4xxx_usart.o

.debug_rnglists
                0x0000000000000000      0x798
 .debug_rnglists
                0x0000000000000000       0x2b ./FreeRTOS/Source/list.o
 .debug_rnglists
                0x000000000000002b       0xec ./FreeRTOS/Source/queue.o
 .debug_rnglists
                0x0000000000000117      0x195 ./FreeRTOS/Source/tasks.o
 .debug_rnglists
                0x00000000000002ac       0xa7 ./FreeRTOS/Source/timers.o
 .debug_rnglists
                0x0000000000000353       0x5d ./FreeRTOS/Source/portable/GCC/ARM_CM4F/port.o
 .debug_rnglists
                0x00000000000003b0       0x26 ./FreeRTOS/Source/portable/MemMang/heap_1.o
 .debug_rnglists
                0x00000000000003d6       0x13 ./Src/it.o
 .debug_rnglists
                0x00000000000003e9       0x5b ./Src/main.o
 .debug_rnglists
                0x0000000000000444       0x19 ./Startup/startup_stm32f407vgtx.o
 .debug_rnglists
                0x000000000000045d       0x44 ./drivers/cortex_m4_MCAL/src/cortex_m4.o
 .debug_rnglists
                0x00000000000004a1       0x49 ./drivers/cortex_m4_drivers/src/cortexm4_nvic.o
 .debug_rnglists
                0x00000000000004ea       0x89 ./drivers/stm32f407x_MCAL/src/stm32f407x_gpio_exti.o
 .debug_rnglists
                0x0000000000000573       0xb1 ./drivers/stm32f407x_MCAL/src/stm32f407x_rcc.o
 .debug_rnglists
                0x0000000000000624       0xbc ./drivers/stm32f407x_MCAL/src/stm32f407x_usart.o
 .debug_rnglists
                0x00000000000006e0       0x26 ./drivers/stm32f407x_drivers/src/stm32f4xxx_gpio.o
 .debug_rnglists
                0x0000000000000706       0x5b ./drivers/stm32f407x_drivers/src/stm32f4xxx_rcc.o
 .debug_rnglists
                0x0000000000000761       0x37 ./drivers/stm32f407x_drivers/src/stm32f4xxx_usart.o

.debug_macro    0x0000000000000000     0x1e44
 .debug_macro   0x0000000000000000      0x198 ./FreeRTOS/Source/list.o
 .debug_macro   0x0000000000000198      0x221 ./FreeRTOS/Source/queue.o
 .debug_macro   0x00000000000003b9       0x16 ./FreeRTOS/Source/queue.o
 .debug_macro   0x00000000000003cf       0x35 ./FreeRTOS/Source/queue.o
 .debug_macro   0x0000000000000404       0x20 ./FreeRTOS/Source/queue.o
 .debug_macro   0x0000000000000424       0x80 ./FreeRTOS/Source/queue.o
 .debug_macro   0x00000000000004a4      0x27e ./FreeRTOS/Source/tasks.o
 .debug_macro   0x0000000000000722       0x16 ./FreeRTOS/Source/tasks.o
 .debug_macro   0x0000000000000738      0x1e7 ./FreeRTOS/Source/timers.o
 .debug_macro   0x000000000000091f       0x97 ./FreeRTOS/Source/timers.o
 .debug_macro   0x00000000000009b6      0x19b ./FreeRTOS/Source/portable/GCC/ARM_CM4F/port.o
 .debug_macro   0x0000000000000b51      0x1ad ./FreeRTOS/Source/portable/MemMang/heap_1.o
 .debug_macro   0x0000000000000cfe      0x1ca ./Src/it.o
 .debug_macro   0x0000000000000ec8       0x16 ./Src/it.o
 .debug_macro   0x0000000000000ede       0x97 ./Src/it.o
 .debug_macro   0x0000000000000f75       0xfd ./Src/it.o
 .debug_macro   0x0000000000001072       0x10 ./Src/it.o
 .debug_macro   0x0000000000001082       0x16 ./Src/it.o
 .debug_macro   0x0000000000001098       0x16 ./Src/it.o
 .debug_macro   0x00000000000010ae      0x147 ./Src/it.o
 .debug_macro   0x00000000000011f5       0x2e ./Src/it.o
 .debug_macro   0x0000000000001223       0x22 ./Src/it.o
 .debug_macro   0x0000000000001245       0x52 ./Src/it.o
 .debug_macro   0x0000000000001297       0x1c ./Src/it.o
 .debug_macro   0x00000000000012b3      0x23d ./Src/main.o
 .debug_macro   0x00000000000014f0       0x36 ./drivers/cortex_m4_MCAL/src/cortex_m4.o
 .debug_macro   0x0000000000001526       0x34 ./drivers/cortex_m4_MCAL/src/cortex_m4.o
 .debug_macro   0x000000000000155a      0x2a1 ./drivers/cortex_m4_MCAL/src/cortex_m4.o
 .debug_macro   0x00000000000017fb       0x40 ./drivers/cortex_m4_drivers/src/cortexm4_nvic.o
 .debug_macro   0x000000000000183b       0x36 ./drivers/stm32f407x_MCAL/src/stm32f407x_gpio_exti.o
 .debug_macro   0x0000000000001871      0x13c ./drivers/stm32f407x_MCAL/src/stm32f407x_gpio_exti.o
 .debug_macro   0x00000000000019ad       0x36 ./drivers/stm32f407x_MCAL/src/stm32f407x_rcc.o
 .debug_macro   0x00000000000019e3       0xd6 ./drivers/stm32f407x_MCAL/src/stm32f407x_rcc.o
 .debug_macro   0x0000000000001ab9       0x40 ./drivers/stm32f407x_MCAL/src/stm32f407x_usart.o
 .debug_macro   0x0000000000001af9      0x28c ./drivers/stm32f407x_MCAL/src/stm32f407x_usart.o
 .debug_macro   0x0000000000001d85       0x40 ./drivers/stm32f407x_drivers/src/stm32f4xxx_gpio.o
 .debug_macro   0x0000000000001dc5       0x40 ./drivers/stm32f407x_drivers/src/stm32f4xxx_rcc.o
 .debug_macro   0x0000000000001e05       0x3f ./drivers/stm32f407x_drivers/src/stm32f4xxx_usart.o

.debug_line     0x0000000000000000     0x9159
 .debug_line    0x0000000000000000      0x79f ./FreeRTOS/Source/list.o
 .debug_line    0x000000000000079f     0x16c8 ./FreeRTOS/Source/queue.o
 .debug_line    0x0000000000001e67     0x1e11 ./FreeRTOS/Source/tasks.o
 .debug_line    0x0000000000003c78      0xca9 ./FreeRTOS/Source/timers.o
 .debug_line    0x0000000000004921      0x880 ./FreeRTOS/Source/portable/GCC/ARM_CM4F/port.o
 .debug_line    0x00000000000051a1      0x765 ./FreeRTOS/Source/portable/MemMang/heap_1.o
 .debug_line    0x0000000000005906      0x6ff ./Src/it.o
 .debug_line    0x0000000000006005      0xaa3 ./Src/main.o
 .debug_line    0x0000000000006aa8       0x7b ./Startup/startup_stm32f407vgtx.o
 .debug_line    0x0000000000006b23      0x381 ./drivers/cortex_m4_MCAL/src/cortex_m4.o
 .debug_line    0x0000000000006ea4      0x341 ./drivers/cortex_m4_drivers/src/cortexm4_nvic.o
 .debug_line    0x00000000000071e5      0x643 ./drivers/stm32f407x_MCAL/src/stm32f407x_gpio_exti.o
 .debug_line    0x0000000000007828      0x5af ./drivers/stm32f407x_MCAL/src/stm32f407x_rcc.o
 .debug_line    0x0000000000007dd7      0x53f ./drivers/stm32f407x_MCAL/src/stm32f407x_usart.o
 .debug_line    0x0000000000008316      0x306 ./drivers/stm32f407x_drivers/src/stm32f4xxx_gpio.o
 .debug_line    0x000000000000861c      0x3ca ./drivers/stm32f407x_drivers/src/stm32f4xxx_rcc.o
 .debug_line    0x00000000000089e6      0x773 ./drivers/stm32f407x_drivers/src/stm32f4xxx_usart.o

.debug_str      0x0000000000000000    0x146a3
 .debug_str     0x0000000000000000     0xae77 ./FreeRTOS/Source/list.o
                                       0xb09c (size before relaxing)
 .debug_str     0x000000000000ae77     0x247a ./FreeRTOS/Source/queue.o
                                       0xd536 (size before relaxing)
 .debug_str     0x000000000000d2f1     0x1caa ./FreeRTOS/Source/tasks.o
                                       0xe340 (size before relaxing)
 .debug_str     0x000000000000ef9b      0x541 ./FreeRTOS/Source/timers.o
                                       0xd8f9 (size before relaxing)
 .debug_str     0x000000000000f4dc      0x763 ./FreeRTOS/Source/portable/GCC/ARM_CM4F/port.o
                                       0x9850 (size before relaxing)
 .debug_str     0x000000000000fc3f       0xd0 ./FreeRTOS/Source/portable/MemMang/heap_1.o
                                       0xc2e3 (size before relaxing)
 .debug_str     0x000000000000fd0f      0xbd7 ./Src/it.o
                                       0x7e8b (size before relaxing)
 .debug_str     0x00000000000108e6      0xd90 ./Src/main.o
                                       0xdc12 (size before relaxing)
 .debug_str     0x0000000000011676       0x2f ./Startup/startup_stm32f407vgtx.o
                                         0x92 (size before relaxing)
 .debug_str     0x00000000000116a5      0xc43 ./drivers/cortex_m4_MCAL/src/cortex_m4.o
                                       0x3bf7 (size before relaxing)
 .debug_str     0x00000000000122e8      0x187 ./drivers/cortex_m4_drivers/src/cortexm4_nvic.o
                                       0x43ce (size before relaxing)
 .debug_str     0x000000000001246f      0x94b ./drivers/stm32f407x_MCAL/src/stm32f407x_gpio_exti.o
                                       0x391c (size before relaxing)
 .debug_str     0x0000000000012dba      0x734 ./drivers/stm32f407x_MCAL/src/stm32f407x_rcc.o
                                       0x3775 (size before relaxing)
 .debug_str     0x00000000000134ee      0xe40 ./drivers/stm32f407x_MCAL/src/stm32f407x_usart.o
                                       0x3df7 (size before relaxing)
 .debug_str     0x000000000001432e       0xef ./drivers/stm32f407x_drivers/src/stm32f4xxx_gpio.o
                                       0x3bb9 (size before relaxing)
 .debug_str     0x000000000001441d      0x19e ./drivers/stm32f407x_drivers/src/stm32f4xxx_rcc.o
                                       0x3973 (size before relaxing)
 .debug_str     0x00000000000145bb       0xe8 ./drivers/stm32f407x_drivers/src/stm32f4xxx_usart.o
                                       0x425e (size before relaxing)

.debug_frame    0x0000000000000000     0x28c4
 .debug_frame   0x0000000000000000       0xd8 ./FreeRTOS/Source/list.o
 .debug_frame   0x00000000000000d8      0x534 ./FreeRTOS/Source/queue.o
 .debug_frame   0x000000000000060c      0x8a0 ./FreeRTOS/Source/tasks.o
 .debug_frame   0x0000000000000eac      0x3a4 ./FreeRTOS/Source/timers.o
 .debug_frame   0x0000000000001250      0x1a8 ./FreeRTOS/Source/portable/GCC/ARM_CM4F/port.o
 .debug_frame   0x00000000000013f8       0x9c ./FreeRTOS/Source/portable/MemMang/heap_1.o
 .debug_frame   0x0000000000001494       0x2c ./Src/it.o
 .debug_frame   0x00000000000014c0      0x1b4 ./Src/main.o
 .debug_frame   0x0000000000001674      0x178 ./drivers/cortex_m4_MCAL/src/cortex_m4.o
 .debug_frame   0x00000000000017ec      0x178 ./drivers/cortex_m4_drivers/src/cortexm4_nvic.o
 .debug_frame   0x0000000000001964      0x2dc ./drivers/stm32f407x_MCAL/src/stm32f407x_gpio_exti.o
 .debug_frame   0x0000000000001c40      0x40c ./drivers/stm32f407x_MCAL/src/stm32f407x_rcc.o
 .debug_frame   0x000000000000204c      0x494 ./drivers/stm32f407x_MCAL/src/stm32f407x_usart.o
 .debug_frame   0x00000000000024e0       0xa0 ./drivers/stm32f407x_drivers/src/stm32f4xxx_gpio.o
 .debug_frame   0x0000000000002580      0x1e4 ./drivers/stm32f407x_drivers/src/stm32f4xxx_rcc.o
 .debug_frame   0x0000000000002764       0xec ./drivers/stm32f407x_drivers/src/stm32f4xxx_usart.o
 .debug_frame   0x0000000000002850       0x20 /opt/st/stm32cubeide_1.14.0_2/plugins/com.st.stm32cube.ide.mcu.externaltools.gnu-tools-for-stm32.11.3.rel1.linux64_1.1.100.202309141235/tools/bin/../lib/gcc/arm-none-eabi/11.3.1/../../../../arm-none-eabi/lib/thumb/v7e-m+fp/hard/libc_nano.a(libc_a-memset.o)
 .debug_frame   0x0000000000002870       0x2c /opt/st/stm32cubeide_1.14.0_2/plugins/com.st.stm32cube.ide.mcu.externaltools.gnu-tools-for-stm32.11.3.rel1.linux64_1.1.100.202309141235/tools/bin/../lib/gcc/arm-none-eabi/11.3.1/../../../../arm-none-eabi/lib/thumb/v7e-m+fp/hard/libc_nano.a(libc_a-init.o)
 .debug_frame   0x000000000000289c       0x28 /opt/st/stm32cubeide_1.14.0_2/plugins/com.st.stm32cube.ide.mcu.externaltools.gnu-tools-for-stm32.11.3.rel1.linux64_1.1.100.202309141235/tools/bin/../lib/gcc/arm-none-eabi/11.3.1/../../../../arm-none-eabi/lib/thumb/v7e-m+fp/hard/libc_nano.a(libc_a-memcpy-stub.o)

.debug_line_str
                0x0000000000000000       0x86
 .debug_line_str
                0x0000000000000000       0x86 ./Startup/startup_stm32f407vgtx.o
                                         0x9e (size before relaxing)
