Archive member included to satisfy reference by file (symbol)

/opt/st/stm32cubeide_1.14.0_2/plugins/com.st.stm32cube.ide.mcu.externaltools.gnu-tools-for-stm32.11.3.rel1.linux64_1.1.100.202309141235/tools/bin/../lib/gcc/arm-none-eabi/11.3.1/../../../../arm-none-eabi/lib/thumb/v7e-m+fp/hard/libc_nano.a(libc_a-exit.o)
                              /opt/st/stm32cubeide_1.14.0_2/plugins/com.st.stm32cube.ide.mcu.externaltools.gnu-tools-for-stm32.11.3.rel1.linux64_1.1.100.202309141235/tools/bin/../lib/gcc/arm-none-eabi/11.3.1/../../../../arm-none-eabi/lib/thumb/v7e-m+fp/hard/crt0.o (exit)
/opt/st/stm32cubeide_1.14.0_2/plugins/com.st.stm32cube.ide.mcu.externaltools.gnu-tools-for-stm32.11.3.rel1.linux64_1.1.100.202309141235/tools/bin/../lib/gcc/arm-none-eabi/11.3.1/../../../../arm-none-eabi/lib/thumb/v7e-m+fp/hard/libc_nano.a(libc_a-findfp.o)
                              /opt/st/stm32cubeide_1.14.0_2/plugins/com.st.stm32cube.ide.mcu.externaltools.gnu-tools-for-stm32.11.3.rel1.linux64_1.1.100.202309141235/tools/bin/../lib/gcc/arm-none-eabi/11.3.1/../../../../arm-none-eabi/lib/thumb/v7e-m+fp/hard/libc_nano.a(libc_a-exit.o) (__stdio_exit_handler)
/opt/st/stm32cubeide_1.14.0_2/plugins/com.st.stm32cube.ide.mcu.externaltools.gnu-tools-for-stm32.11.3.rel1.linux64_1.1.100.202309141235/tools/bin/../lib/gcc/arm-none-eabi/11.3.1/../../../../arm-none-eabi/lib/thumb/v7e-m+fp/hard/libc_nano.a(libc_a-fwalk.o)
                              /opt/st/stm32cubeide_1.14.0_2/plugins/com.st.stm32cube.ide.mcu.externaltools.gnu-tools-for-stm32.11.3.rel1.linux64_1.1.100.202309141235/tools/bin/../lib/gcc/arm-none-eabi/11.3.1/../../../../arm-none-eabi/lib/thumb/v7e-m+fp/hard/libc_nano.a(libc_a-findfp.o) (_fwalk_sglue)
/opt/st/stm32cubeide_1.14.0_2/plugins/com.st.stm32cube.ide.mcu.externaltools.gnu-tools-for-stm32.11.3.rel1.linux64_1.1.100.202309141235/tools/bin/../lib/gcc/arm-none-eabi/11.3.1/../../../../arm-none-eabi/lib/thumb/v7e-m+fp/hard/libc_nano.a(libc_a-printf.o)
                              ./Src/main.o (printf)
/opt/st/stm32cubeide_1.14.0_2/plugins/com.st.stm32cube.ide.mcu.externaltools.gnu-tools-for-stm32.11.3.rel1.linux64_1.1.100.202309141235/tools/bin/../lib/gcc/arm-none-eabi/11.3.1/../../../../arm-none-eabi/lib/thumb/v7e-m+fp/hard/libc_nano.a(libc_a-puts.o)
                              ./Src/main.o (puts)
/opt/st/stm32cubeide_1.14.0_2/plugins/com.st.stm32cube.ide.mcu.externaltools.gnu-tools-for-stm32.11.3.rel1.linux64_1.1.100.202309141235/tools/bin/../lib/gcc/arm-none-eabi/11.3.1/../../../../arm-none-eabi/lib/thumb/v7e-m+fp/hard/libc_nano.a(libc_a-stdio.o)
                              /opt/st/stm32cubeide_1.14.0_2/plugins/com.st.stm32cube.ide.mcu.externaltools.gnu-tools-for-stm32.11.3.rel1.linux64_1.1.100.202309141235/tools/bin/../lib/gcc/arm-none-eabi/11.3.1/../../../../arm-none-eabi/lib/thumb/v7e-m+fp/hard/libc_nano.a(libc_a-findfp.o) (__sread)
/opt/st/stm32cubeide_1.14.0_2/plugins/com.st.stm32cube.ide.mcu.externaltools.gnu-tools-for-stm32.11.3.rel1.linux64_1.1.100.202309141235/tools/bin/../lib/gcc/arm-none-eabi/11.3.1/../../../../arm-none-eabi/lib/thumb/v7e-m+fp/hard/libc_nano.a(libc_a-wbuf.o)
                              /opt/st/stm32cubeide_1.14.0_2/plugins/com.st.stm32cube.ide.mcu.externaltools.gnu-tools-for-stm32.11.3.rel1.linux64_1.1.100.202309141235/tools/bin/../lib/gcc/arm-none-eabi/11.3.1/../../../../arm-none-eabi/lib/thumb/v7e-m+fp/hard/libc_nano.a(libc_a-puts.o) (__swbuf_r)
/opt/st/stm32cubeide_1.14.0_2/plugins/com.st.stm32cube.ide.mcu.externaltools.gnu-tools-for-stm32.11.3.rel1.linux64_1.1.100.202309141235/tools/bin/../lib/gcc/arm-none-eabi/11.3.1/../../../../arm-none-eabi/lib/thumb/v7e-m+fp/hard/libc_nano.a(libc_a-wsetup.o)
                              /opt/st/stm32cubeide_1.14.0_2/plugins/com.st.stm32cube.ide.mcu.externaltools.gnu-tools-for-stm32.11.3.rel1.linux64_1.1.100.202309141235/tools/bin/../lib/gcc/arm-none-eabi/11.3.1/../../../../arm-none-eabi/lib/thumb/v7e-m+fp/hard/libc_nano.a(libc_a-puts.o) (__swsetup_r)
/opt/st/stm32cubeide_1.14.0_2/plugins/com.st.stm32cube.ide.mcu.externaltools.gnu-tools-for-stm32.11.3.rel1.linux64_1.1.100.202309141235/tools/bin/../lib/gcc/arm-none-eabi/11.3.1/../../../../arm-none-eabi/lib/thumb/v7e-m+fp/hard/libc_nano.a(libc_a-memset.o)
                              /opt/st/stm32cubeide_1.14.0_2/plugins/com.st.stm32cube.ide.mcu.externaltools.gnu-tools-for-stm32.11.3.rel1.linux64_1.1.100.202309141235/tools/bin/../lib/gcc/arm-none-eabi/11.3.1/../../../../arm-none-eabi/lib/thumb/v7e-m+fp/hard/crt0.o (memset)
/opt/st/stm32cubeide_1.14.0_2/plugins/com.st.stm32cube.ide.mcu.externaltools.gnu-tools-for-stm32.11.3.rel1.linux64_1.1.100.202309141235/tools/bin/../lib/gcc/arm-none-eabi/11.3.1/../../../../arm-none-eabi/lib/thumb/v7e-m+fp/hard/libc_nano.a(libc_a-closer.o)
[...]
Memory Configuration

Name             Origin             Length             Attributes
CCMRAM           0x0000000010000000 0x0000000000010000 xrw
RAM              0x0000000020000000 0x0000000000020000 xrw
FLASH            0x0000000008000000 0x0000000000100000 xr
*default*        0x0000000000000000 0xffffffffffffffff

Linker script and memory map

LOAD /opt/st/stm32cubeide_1.14.0_2/plugins/com.st.stm32cube.ide.mcu.externaltools.gnu-tools-for-stm32.11.3.rel1.linux64_1.1.100.202309141235/tools/bin/../lib/gcc/arm-none-eabi/11.3.1/thumb/v7e-m+fp/hard/crti.o
LOAD /opt/st/stm32cubeide_1.14.0_2/plugins/com.st.stm32cube.ide.mcu.externaltools.gnu-tools-for-stm32.11.3.rel1.linux64_1.1.100.202309141235/tools/bin/../lib/gcc/arm-none-eabi/11.3.1/thumb/v7e-m+fp/hard/crtbegin.o
LOAD /opt/st/stm32cubeide_1.14.0_2/plugins/com.st.stm32cube.ide.mcu.externaltools.gnu-tools-for-stm32.11.3.rel1.linux64_1.1.100.202309141235/tools/bin/../lib/gcc/arm-none-eabi/11.3.1/../../../../arm-none-eabi/lib/thumb/v7e-m+fp/hard/crt0.o
LOAD ./FreeRTOS/Source/croutine.o
LOAD ./FreeRTOS/Source/event_groups.o
LOAD ./FreeRTOS/Source/list.o
LOAD ./FreeRTOS/Source/queue.o
LOAD ./FreeRTOS/Source/stream_buffer.o
LOAD ./FreeRTOS/Source/tasks.o
LOAD ./FreeRTOS/Source/timers.o
LOAD ./FreeRTOS/Source/portable/GCC/ARM_CM4F/port.o
LOAD ./FreeRTOS/Source/portable/MemMang/heap_1.o
LOAD ./Src/it.o
LOAD ./Src/main.o
LOAD ./Src/msp.o
LOAD ./Src/syscalls.o
LOAD ./Src/sysmem.o
LOAD ./Startup/startup_stm32f407vgtx.o
LOAD ./drivers/cortex_m4_MCAL/src/cortex_m4.o
LOAD ./drivers/cortex_m4_drivers/src/cortexm4_nvic.o
LOAD ./drivers/cortex_m4_drivers/src/cortexm4_systick.o
LOAD ./drivers/stm32f407x_MCAL/src/stm32f407x_gpio_exti.o
LOAD ./drivers/stm32f407x_MCAL/src/stm32f407x_i2c.o
LOAD ./drivers/stm32f407x_MCAL/src/stm32f407x_rcc.o
LOAD ./drivers/stm32f407x_MCAL/src/stm32f407x_spi.o
LOAD ./drivers/stm32f407x_MCAL/src/stm32f407x_usart.o
LOAD ./drivers/stm32f407x_drivers/src/stm32f4xxx_gpio.o
LOAD ./drivers/stm32f407x_drivers/src/stm32f4xxx_rcc.o
LOAD ./drivers/stm32f407x_drivers/src/stm32f4xxx_spi.o
LOAD ./drivers/stm32f407x_drivers/src/stm32f4xxx_usart.o
LOAD ./drivers/stm32f407x_drivers/src/stm32f4xxxx_i2c.o
START GROUP
LOAD /opt/st/stm32cubeide_1.14.0_2/plugins/com.st.stm32cube.ide.mcu.externaltools.gnu-tools-for-stm32.11.3.rel1.linux64_1.1.100.202309141235/tools/bin/../lib/gcc/arm-none-eabi/11.3.1/../../../../arm-none-eabi/lib/thumb/v7e-m+fp/hard/libc_nano.a
LOAD /opt/st/stm32cubeide_1.14.0_2/plugins/com.st.stm32cube.ide.mcu.externaltools.gnu-tools-for-stm32.11.3.rel1.linux64_1.1.100.202309141235/tools/bin/../lib/gcc/arm-none-eabi/11.3.1/../../../../arm-none-eabi/lib/thumb/v7e-m+fp/hard/libm.a
END GROUP
START GROUP
LOAD /opt/st/stm32cubeide_1.14.0_2/plugins/com.st.stm32cube.ide.mcu.externaltools.gnu-tools-for-stm32.11.3.rel1.linux64_1.1.100.202309141235/tools/bin/../lib/gcc/arm-none-eabi/11.3.1/thumb/v7e-m+fp/hard/libgcc.a
LOAD /opt/st/stm32cubeide_1.14.0_2/plugins/com.st.stm32cube.ide.mcu.externaltools.gnu-tools-for-stm32.11.3.rel1.linux64_1.1.100.202309141235/tools/bin/../lib/gcc/arm-none-eabi/11.3.1/../../../../arm-none-eabi/lib/thumb/v7e-m+fp/hard/libc_nano.a
END GROUP
START GROUP
LOAD /opt/st/stm32cubeide_1.14.0_2/plugins/com.st.stm32cube.ide.mcu.externaltools.gnu-tools-for-stm32.11.3.rel1.linux64_1.1.100.202309141235/tools/bin/../lib/gcc/arm-none-eabi/11.3.1/thumb/v7e-m+fp/hard/libgcc.a
LOAD /opt/st/stm32cubeide_1.14.0_2/plugins/com.st.stm32cube.ide.mcu.externaltools.gnu-tools-for-stm32.11.3.rel1.linux64_1.1.100.202309141235/tools/bin/../lib/gcc/arm-none-eabi/11.3.1/../../../../arm-none-eabi/lib/thumb/v7e-m+fp/hard/libc_nano.a
LOAD /opt/st/stm32cubeide_1.14.0_2/plugins/com.st.stm32cube.ide.mcu.externaltools.gnu-tools-for-stm32.11.3.rel1.linux64_1.1.100.202309141235/tools/bin/../lib/gcc/arm-none-eabi/11.3.1/../../../../arm-none-eabi/lib/thumb/v7e-m+fp/hard/libnosys.a
END GROUP
START GROUP
LOAD /opt/st/stm32cubeide_1.14.0_2/plugins/com.st.stm32cube.ide.mcu.externaltools.gnu-tools-for-stm32.11.3.rel1.linux64_1.1.100.202309141235/tools/bin/../lib/gcc/arm-none-eabi/11.3.1/thumb/v7e-m+fp/hard/libgcc.a
LOAD /opt/st/stm32cubeide_1.14.0_2/plugins/com.st.stm32cube.ide.mcu.externaltools.gnu-tools-for-stm32.11.3.rel1.linux64_1.1.100.202309141235/tools/bin/../lib/gcc/arm-none-eabi/11.3.1/../../../../arm-none-eabi/lib/thumb/v7e-m+fp/hard/libc_nano.a
LOAD /opt/st/stm32cubeide_1.14.0_2/plugins/com.st.stm32cube.ide.mcu.externaltools.gnu-tools-for-stm32.11.3.rel1.linux64_1.1.100.202309141235/tools/bin/../lib/gcc/arm-none-eabi/11.3.1/../../../../arm-none-eabi/lib/thumb/v7e-m+fp/hard/libnosys.a
END GROUP
LOAD /opt/st/stm32cubeide_1.14.0_2/plugins/com.st.stm32cube.ide.mcu.externaltools.gnu-tools-for-stm32.11.3.rel1.linux64_1.1.100.202309141235/tools/bin/../lib/gcc/arm-none-eabi/11.3.1/thumb/v7e-m+fp/hard/crtend.o
LOAD /opt/st/stm32cubeide_1.14.0_2/plugins/com.st.stm32cube.ide.mcu.externaltools.gnu-tools-for-stm32.11.3.rel1.linux64_1.1.100.202309141235/tools/bin/../lib/gcc/arm-none-eabi/11.3.1/thumb/v7e-m+fp/hard/crtn.o
                0x0000000020020000                _estack = (ORIGIN (RAM) + LENGTH (RAM))
                0x0000000000000200                _Min_Heap_Size = 0x200
                0x0000000000000400                _Min_Stack_Size = 0x400

.isr_vector     0x0000000008000000      0x188
                0x0000000008000000                . = ALIGN (0x4)
 *(.isr_vector)
 .isr_vector    0x0000000008000000      0x188 ./Startup/startup_stm32f407vgtx.o
                0x0000000008000000                g_pfnVectors
                0x0000000008000188                . = ALIGN (0x4)

.text           0x0000000008000190     0x4d20
                0x0000000008000190                . = ALIGN (0x4)
 *(.text)
 .text          0x0000000008000190       0x40 /opt/st/stm32cubeide_1.14.0_2/plugins/com.st.stm32cube.ide.mcu.externaltools.gnu-tools-for-stm32.11.3.rel1.linux64_1.1.100.202309141235/tools/bin/../lib/gcc/arm-none-eabi/11.3.1/thumb/v7e-m+fp/hard/crtbegin.o
 .text          0x00000000080001d0       0x10 /opt/st/stm32cubeide_1.14.0_2/plugins/com.st.stm32cube.ide.mcu.externaltools.gnu-tools-for-stm32.11.3.rel1.linux64_1.1.100.202309141235/tools/bin/../lib/gcc/arm-none-eabi/11.3.1/../../../../arm-none-eabi/lib/thumb/v7e-m+fp/hard/libc_nano.a(libc_a-strlen.o)
                0x00000000080001d0                strlen
 .text          0x00000000080001e0       0xa0 /opt/st/stm32cubeide_1.14.0_2/plugins/com.st.stm32cube.ide.mcu.externaltools.gnu-tools-for-stm32.11.3.rel1.linux64_1.1.100.202309141235/tools/bin/../lib/gcc/arm-none-eabi/11.3.1/../../../../arm-none-eabi/lib/thumb/v7e-m+fp/hard/libc_nano.a(libc_a-memchr.o)
                0x00000000080001e0                memchr
 *(.text*)
 .text.vListInitialise
                0x0000000008000280       0x40 ./FreeRTOS/Source/list.o
                0x0000000008000280                vListInitialise
 .text.vListInitialiseItem
                0x00000000080002c0       0x1a ./FreeRTOS/Source/list.o
                0x00000000080002c0                vListInitialiseItem
 .text.vListInsert
                0x00000000080002da       0x72 ./FreeRTOS/Source/list.o
                0x00000000080002da                vListInsert
 .text.uxListRemove
                0x000000000800034c       0x54 ./FreeRTOS/Source/list.o
                0x000000000800034c                uxListRemove
 .text.xQueueGenericReset
                0x00000000080003a0      0x120 ./FreeRTOS/Source/queue.o
                0x00000000080003a0                xQueueGenericReset
 .text.xQueueGenericCreate
                0x00000000080004c0       0x9c ./FreeRTOS/Source/queue.o
                0x00000000080004c0                xQueueGenericCreate
 .text.prvInitialiseNewQueue
                0x000000000800055c       0x46 ./FreeRTOS/Source/queue.o
 *fill*         0x00000000080005a2        0x2 
 .text.xQueueReceive
                0x00000000080005a4      0x1c0 ./FreeRTOS/Source/queue.o
                0x00000000080005a4                xQueueReceive
 .text.prvCopyDataFromQueue
                0x0000000008000764       0x4c ./FreeRTOS/Source/queue.o
 .text.prvUnlockQueue
                0x00000000080007b0       0xa4 ./FreeRTOS/Source/queue.o
 .text.prvIsQueueEmpty
                0x0000000008000854       0x2c ./FreeRTOS/Source/queue.o
 .text.vQueueAddToRegistry
                0x0000000008000880       0x9c ./FreeRTOS/Source/queue.o
                0x0000000008000880                vQueueAddToRegistry
 .text.vQueueWaitForMessageRestricted
                0x000000000800091c       0x68 ./FreeRTOS/Source/queue.o
                0x000000000800091c                vQueueWaitForMessageRestricted
 .text.xTaskCreate
                0x0000000008000984       0x82 ./FreeRTOS/Source/tasks.o
                0x0000000008000984                xTaskCreate
 .text.prvInitialiseNewTask
                0x0000000008000a06      0x148 ./FreeRTOS/Source/tasks.o
 *fill*         0x0000000008000b4e        0x2 
 .text.prvAddNewTaskToReadyList
                0x0000000008000b50      0x12c ./FreeRTOS/Source/tasks.o
 .text.vTaskDelay
                0x0000000008000c7c       0x68 ./FreeRTOS/Source/tasks.o
                0x0000000008000c7c                vTaskDelay
 .text.vTaskStartScheduler
                0x0000000008000ce4       0xa4 ./FreeRTOS/Source/tasks.o
                0x0000000008000ce4                vTaskStartScheduler
 .text.vTaskSuspendAll
                0x0000000008000d88       0x1c ./FreeRTOS/Source/tasks.o
                0x0000000008000d88                vTaskSuspendAll
 .text.xTaskResumeAll
                0x0000000008000da4      0x1f8 ./FreeRTOS/Source/tasks.o
                0x0000000008000da4                xTaskResumeAll
 .text.xTaskGetTickCount
                0x0000000008000f9c       0x20 ./FreeRTOS/Source/tasks.o
                0x0000000008000f9c                xTaskGetTickCount
 .text.xTaskIncrementTick
                0x0000000008000fbc      0x22c ./FreeRTOS/Source/tasks.o
                0x0000000008000fbc                xTaskIncrementTick
 .text.vTaskSwitchContext
                0x00000000080011e8      0x100 ./FreeRTOS/Source/tasks.o
                0x00000000080011e8                vTaskSwitchContext
 .text.vTaskPlaceOnEventList
                0x00000000080012e8       0x48 ./FreeRTOS/Source/tasks.o
                0x00000000080012e8                vTaskPlaceOnEventList
 .text.vTaskPlaceOnEventListRestricted
                0x0000000008001330       0x8c ./FreeRTOS/Source/tasks.o
                0x0000000008001330                vTaskPlaceOnEventListRestricted
 .text.xTaskRemoveFromEventList
                0x00000000080013bc      0x1ac ./FreeRTOS/Source/tasks.o
                0x00000000080013bc                xTaskRemoveFromEventList
 .text.vTaskInternalSetTimeOutState
                0x0000000008001568       0x2c ./FreeRTOS/Source/tasks.o
                0x0000000008001568                vTaskInternalSetTimeOutState
 .text.xTaskCheckForTimeOut
                0x0000000008001594       0xcc ./FreeRTOS/Source/tasks.o
                0x0000000008001594                xTaskCheckForTimeOut
 .text.vTaskMissedYield
                0x0000000008001660       0x18 ./FreeRTOS/Source/tasks.o
                0x0000000008001660                vTaskMissedYield
 .text.prvIdleTask
                0x0000000008001678       0x30 ./FreeRTOS/Source/tasks.o
 .text.prvInitialiseTaskLists
                0x00000000080016a8       0x80 ./FreeRTOS/Source/tasks.o
 .text.prvCheckTasksWaitingTermination
                0x0000000008001728       0x5c ./FreeRTOS/Source/tasks.o
 .text.prvDeleteTCB
                0x0000000008001784       0x20 ./FreeRTOS/Source/tasks.o
 .text.prvResetNextTaskUnblockTime
                0x00000000080017a4       0x38 ./FreeRTOS/Source/tasks.o
 .text.xTaskGetSchedulerState
                0x00000000080017dc       0x3c ./FreeRTOS/Source/tasks.o
                0x00000000080017dc                xTaskGetSchedulerState
 .text.prvAddCurrentTaskToDelayedList
                0x0000000008001818      0x100 ./FreeRTOS/Source/tasks.o
 .text.xTimerCreateTimerTask
                0x0000000008001918       0x64 ./FreeRTOS/Source/timers.o
                0x0000000008001918                xTimerCreateTimerTask
 .text.prvReloadTimer
                0x000000000800197c       0x42 ./FreeRTOS/Source/timers.o
 *fill*         0x00000000080019be        0x2 
 .text.prvProcessExpiredTimer
                0x00000000080019c0       0x60 ./FreeRTOS/Source/timers.o
 .text.prvTimerTask
                0x0000000008001a20       0x24 ./FreeRTOS/Source/timers.o
 .text.prvProcessTimerOrBlockTask
                0x0000000008001a44       0x9c ./FreeRTOS/Source/timers.o
 .text.prvGetNextExpireTime
                0x0000000008001ae0       0x48 ./FreeRTOS/Source/timers.o
 .text.prvSampleTimeNow
                0x0000000008001b28       0x40 ./FreeRTOS/Source/timers.o
 .text.prvInsertTimerInActiveList
                0x0000000008001b68       0x84 ./FreeRTOS/Source/timers.o
 .text.prvProcessReceivedCommands
                0x0000000008001bec      0x17c ./FreeRTOS/Source/timers.o
 .text.prvSwitchTimerLists
                0x0000000008001d68       0x4c ./FreeRTOS/Source/timers.o
 .text.prvCheckForValidListAndQueue
                0x0000000008001db4       0x6c ./FreeRTOS/Source/timers.o
 .text.pxPortInitialiseStack
                0x0000000008001e20       0x68 ./FreeRTOS/Source/portable/GCC/ARM_CM4F/port.o
                0x0000000008001e20                pxPortInitialiseStack
 .text.prvTaskExitError
                0x0000000008001e88       0x58 ./FreeRTOS/Source/portable/GCC/ARM_CM4F/port.o
 .text.SVC_Handler
                0x0000000008001ee0       0x28 ./FreeRTOS/Source/portable/GCC/ARM_CM4F/port.o
                0x0000000008001ee0                SVC_Handler
 .text.prvPortStartFirstTask
                0x0000000008001f08       0x2c ./FreeRTOS/Source/portable/GCC/ARM_CM4F/port.o
 .text.xPortStartScheduler
                0x0000000008001f34      0x144 ./FreeRTOS/Source/portable/GCC/ARM_CM4F/port.o
                0x0000000008001f34                xPortStartScheduler
 .text.vPortEnterCritical
                0x0000000008002078       0x60 ./FreeRTOS/Source/portable/GCC/ARM_CM4F/port.o
                0x0000000008002078                vPortEnterCritical
 .text.vPortExitCritical
                0x00000000080020d8       0x54 ./FreeRTOS/Source/portable/GCC/ARM_CM4F/port.o
                0x00000000080020d8                vPortExitCritical
 *fill*         0x000000000800212c        0x4 
 .text.PendSV_Handler
                0x0000000008002130       0x68 ./FreeRTOS/Source/portable/GCC/ARM_CM4F/port.o
                0x0000000008002130                PendSV_Handler
 .text.SysTick_Handler
                0x0000000008002198       0x44 ./FreeRTOS/Source/portable/GCC/ARM_CM4F/port.o
                0x0000000008002198                SysTick_Handler
 .text.vPortSetupTimerInterrupt
                0x00000000080021dc       0x34 ./FreeRTOS/Source/portable/GCC/ARM_CM4F/port.o
                0x00000000080021dc                vPortSetupTimerInterrupt
 .text.vPortEnableVFP
                0x0000000008002210       0x18 ./FreeRTOS/Source/portable/GCC/ARM_CM4F/port.o
 .text.pvPortMalloc
                0x0000000008002228       0xa8 ./FreeRTOS/Source/portable/MemMang/heap_1.o
                0x0000000008002228                pvPortMalloc
 .text.vPortFree
                0x00000000080022d0       0x30 ./FreeRTOS/Source/portable/MemMang/heap_1.o
                0x00000000080022d0                vPortFree
 .text.USART2_IRQHandler
                0x0000000008002300       0x14 ./Src/it.o
                0x0000000008002300                USART2_IRQHandler
 .text.Task_A   0x0000000008002314       0x48 ./Src/main.o
                0x0000000008002314                Task_A
 .text.main     0x000000000800235c       0x2c ./Src/main.o
                0x000000000800235c                main
 .text.PreOS_Init
                0x0000000008002388       0x54 ./Src/main.o
                0x0000000008002388                PreOS_Init
 .text.aRCC_Init
                0x00000000080023dc       0x70 ./Src/main.o
                0x00000000080023dc                aRCC_Init
 .text.aUSART2_Init
                0x000000000800244c       0x44 ./Src/main.o
                0x000000000800244c                aUSART2_Init
 .text.aGPIO_USART2_Init
                0x0000000008002490       0x48 ./Src/main.o
                0x0000000008002490                aGPIO_USART2_Init
 .text.NVIC_Init
                0x00000000080024d8       0x30 ./Src/main.o
                0x00000000080024d8                NVIC_Init
 .text.vApplicationStackOverflowHook
                0x0000000008002508        0xc ./Src/main.o
                0x0000000008002508                vApplicationStackOverflowHook
 .text._read    0x0000000008002514       0x3a ./Src/syscalls.o
                0x0000000008002514                _read
 .text._write   0x000000000800254e       0x38 ./Src/syscalls.o
                0x000000000800254e                _write
 .text._close   0x0000000008002586       0x18 ./Src/syscalls.o
                0x0000000008002586                _close
 .text._fstat   0x000000000800259e       0x20 ./Src/syscalls.o
                0x000000000800259e                _fstat
 .text._isatty  0x00000000080025be       0x16 ./Src/syscalls.o
                0x00000000080025be                _isatty
 .text._lseek   0x00000000080025d4       0x1a ./Src/syscalls.o
                0x00000000080025d4                _lseek
 *fill*         0x00000000080025ee        0x2 
 .text._sbrk    0x00000000080025f0       0x6c ./Src/sysmem.o
                0x00000000080025f0                _sbrk
 .text.Reset_Handler
                0x000000000800265c       0x50 ./Startup/startup_stm32f407vgtx.o
                0x000000000800265c                Reset_Handler
 .text.Default_Handler
                0x00000000080026ac        0x2 ./Startup/startup_stm32f407vgtx.o
                0x00000000080026ac                RTC_Alarm_IRQHandler
                0x00000000080026ac                HASH_RNG_IRQHandler
                0x00000000080026ac                TIM8_CC_IRQHandler
                0x00000000080026ac                DebugMon_Handler
                0x00000000080026ac                TIM1_CC_IRQHandler
                0x00000000080026ac                DMA2_Stream5_IRQHandler
                0x00000000080026ac                HardFault_Handler
                0x00000000080026ac                DMA1_Stream5_IRQHandler
                0x00000000080026ac                PVD_IRQHandler
                0x00000000080026ac                SDIO_IRQHandler
                0x00000000080026ac                TAMP_STAMP_IRQHandler
                0x00000000080026ac                NMI_Handler
                0x00000000080026ac                CAN2_RX1_IRQHandler
                0x00000000080026ac                TIM8_TRG_COM_TIM14_IRQHandler
                0x00000000080026ac                TIM1_UP_TIM10_IRQHandler
                0x00000000080026ac                TIM8_UP_TIM13_IRQHandler
                0x00000000080026ac                I2C3_ER_IRQHandler
                0x00000000080026ac                I2C2_EV_IRQHandler
                0x00000000080026ac                DMA1_Stream2_IRQHandler
                0x00000000080026ac                CAN1_RX0_IRQHandler
                0x00000000080026ac                FPU_IRQHandler
                0x00000000080026ac                OTG_HS_WKUP_IRQHandler
                0x00000000080026ac                UsageFault_Handler
                0x00000000080026ac                CAN2_SCE_IRQHandler
                0x00000000080026ac                DMA2_Stream2_IRQHandler
                0x00000000080026ac                SPI1_IRQHandler
                0x00000000080026ac                TIM6_DAC_IRQHandler
                0x00000000080026ac                TIM1_BRK_TIM9_IRQHandler
                0x00000000080026ac                DCMI_IRQHandler
                0x00000000080026ac                CAN2_RX0_IRQHandler
                0x00000000080026ac                DMA2_Stream3_IRQHandler
                0x00000000080026ac                USART6_IRQHandler
                0x00000000080026ac                USART3_IRQHandler
                0x00000000080026ac                CRYP_IRQHandler
                0x00000000080026ac                CAN1_RX1_IRQHandler
                0x00000000080026ac                UART5_IRQHandler
                0x00000000080026ac                DMA2_Stream0_IRQHandler
                0x00000000080026ac                TIM4_IRQHandler
                0x00000000080026ac                I2C1_EV_IRQHandler
                0x00000000080026ac                DMA1_Stream6_IRQHandler
                0x00000000080026ac                DMA1_Stream1_IRQHandler
                0x00000000080026ac                UART4_IRQHandler
                0x00000000080026ac                TIM3_IRQHandler
                0x00000000080026ac                RCC_IRQHandler
                0x00000000080026ac                TIM8_BRK_TIM12_IRQHandler
                0x00000000080026ac                Default_Handler
                0x00000000080026ac                ADC_IRQHandler
                0x00000000080026ac                DMA1_Stream7_IRQHandler
                0x00000000080026ac                TIM7_IRQHandler
                0x00000000080026ac                CAN2_TX_IRQHandler
                0x00000000080026ac                TIM5_IRQHandler
                0x00000000080026ac                DMA2_Stream7_IRQHandler
                0x00000000080026ac                I2C3_EV_IRQHandler
                0x00000000080026ac                RTC_WKUP_IRQHandler
                0x00000000080026ac                ETH_WKUP_IRQHandler
                0x00000000080026ac                SPI2_IRQHandler
                0x00000000080026ac                OTG_HS_EP1_IN_IRQHandler
                0x00000000080026ac                MemManage_Handler
                0x00000000080026ac                DMA1_Stream0_IRQHandler
                0x00000000080026ac                CAN1_TX_IRQHandler
                0x00000000080026ac                FSMC_IRQHandler
                0x00000000080026ac                ETH_IRQHandler
                0x00000000080026ac                OTG_HS_EP1_OUT_IRQHandler
                0x00000000080026ac                WWDG_IRQHandler
                0x00000000080026ac                TIM2_IRQHandler
                0x00000000080026ac                OTG_FS_WKUP_IRQHandler
                0x00000000080026ac                TIM1_TRG_COM_TIM11_IRQHandler
                0x00000000080026ac                OTG_HS_IRQHandler
                0x00000000080026ac                I2C2_ER_IRQHandler
                0x00000000080026ac                DMA2_Stream1_IRQHandler
                0x00000000080026ac                CAN1_SCE_IRQHandler
                0x00000000080026ac                DMA2_Stream4_IRQHandler
                0x00000000080026ac                BusFault_Handler
                0x00000000080026ac                USART1_IRQHandler
                0x00000000080026ac                OTG_FS_IRQHandler
                0x00000000080026ac                SPI3_IRQHandler
                0x00000000080026ac                DMA1_Stream4_IRQHandler
                0x00000000080026ac                I2C1_ER_IRQHandler
                0x00000000080026ac                DMA2_Stream6_IRQHandler
                0x00000000080026ac                DMA1_Stream3_IRQHandler
 *fill*         0x00000000080026ae        0x2 
 .text.MCAL_SCB_ConfigPriorityGrouping
                0x00000000080026b0       0xb0 ./drivers/cortex_m4_MCAL/src/cortex_m4.o
                0x00000000080026b0                MCAL_SCB_ConfigPriorityGrouping
 .text.MCAL_NVIC_EnableIRQn
                0x0000000008002760       0x54 ./drivers/cortex_m4_MCAL/src/cortex_m4.o
                0x0000000008002760                MCAL_NVIC_EnableIRQn
 .text.MCAL_NVIC_SetPendingIRQn
                0x00000000080027b4       0x54 ./drivers/cortex_m4_MCAL/src/cortex_m4.o
                0x00000000080027b4                MCAL_NVIC_SetPendingIRQn
 .text.MCAL_NVIC_SetPriorityIRQn
                0x0000000008002808       0x54 ./drivers/cortex_m4_MCAL/src/cortex_m4.o
                0x0000000008002808                MCAL_NVIC_SetPriorityIRQn
 .text.SCB_enuInit
                0x000000000800285c       0x24 ./drivers/cortex_m4_drivers/src/cortexm4_nvic.o
                0x000000000800285c                SCB_enuInit
 .text.NVIC_enuInitIRQn
                0x0000000008002880       0x5c ./drivers/cortex_m4_drivers/src/cortexm4_nvic.o
                0x0000000008002880                NVIC_enuInitIRQn
 .text.MCAL_GPIO_SelectPort
                0x00000000080028dc       0xcc ./drivers/stm32f407x_MCAL/src/stm32f407x_gpio_exti.o
                0x00000000080028dc                MCAL_GPIO_SelectPort
 .text.MCAL_GPIO_SetPinMode
                0x00000000080029a8       0x56 ./drivers/stm32f407x_MCAL/src/stm32f407x_gpio_exti.o
                0x00000000080029a8                MCAL_GPIO_SetPinMode
 .text.MCAL_GPIO_SelectSpeed
                0x00000000080029fe       0x4c ./drivers/stm32f407x_MCAL/src/stm32f407x_gpio_exti.o
                0x00000000080029fe                MCAL_GPIO_SelectSpeed
 .text.MCAL_GPIO_SetPullUpPullDown
                0x0000000008002a4a       0x50 ./drivers/stm32f407x_MCAL/src/stm32f407x_gpio_exti.o
                0x0000000008002a4a                MCAL_GPIO_SetPullUpPullDown
 .text.MCAL_GPIO_SelectPinOutputType
                0x0000000008002a9a       0x48 ./drivers/stm32f407x_MCAL/src/stm32f407x_gpio_exti.o
                0x0000000008002a9a                MCAL_GPIO_SelectPinOutputType
 .text.MCAL_GPIO_SetAltFuncMode
                0x0000000008002ae2       0x7a ./drivers/stm32f407x_MCAL/src/stm32f407x_gpio_exti.o
                0x0000000008002ae2                MCAL_GPIO_SetAltFuncMode
 .text.MCAL_EXTI_SetEdgeTrig
                0x0000000008002b5c       0xc4 ./drivers/stm32f407x_MCAL/src/stm32f407x_gpio_exti.o
                0x0000000008002b5c                MCAL_EXTI_SetEdgeTrig
 .text.MCAL_SYSCFG_SellectEXTIChannel
                0x0000000008002c20       0x4c ./drivers/stm32f407x_MCAL/src/stm32f407x_gpio_exti.o
                0x0000000008002c20                MCAL_SYSCFG_SellectEXTIChannel
 .text.MCAL_EXTI_EnableLine
                0x0000000008002c6c       0x38 ./drivers/stm32f407x_MCAL/src/stm32f407x_gpio_exti.o
                0x0000000008002c6c                MCAL_EXTI_EnableLine
 .text.MCAL_EXTI_SetCallBack
                0x0000000008002ca4       0x38 ./drivers/stm32f407x_MCAL/src/stm32f407x_gpio_exti.o
                0x0000000008002ca4                MCAL_EXTI_SetCallBack
 .text.EXTI0_IRQHandler
                0x0000000008002cdc       0x38 ./drivers/stm32f407x_MCAL/src/stm32f407x_gpio_exti.o
                0x0000000008002cdc                EXTI0_IRQHandler
 .text.EXTI1_IRQHandler
                0x0000000008002d14       0x38 ./drivers/stm32f407x_MCAL/src/stm32f407x_gpio_exti.o
                0x0000000008002d14                EXTI1_IRQHandler
 .text.EXTI2_IRQHandler
                0x0000000008002d4c       0x38 ./drivers/stm32f407x_MCAL/src/stm32f407x_gpio_exti.o
                0x0000000008002d4c                EXTI2_IRQHandler
 .text.EXTI3_IRQHandler
                0x0000000008002d84       0x38 ./drivers/stm32f407x_MCAL/src/stm32f407x_gpio_exti.o
                0x0000000008002d84                EXTI3_IRQHandler
 .text.EXTI4_IRQHandler
                0x0000000008002dbc       0x38 ./drivers/stm32f407x_MCAL/src/stm32f407x_gpio_exti.o
                0x0000000008002dbc                EXTI4_IRQHandler
 .text.EXTI9_5_IRQHandler
                0x0000000008002df4       0xd0 ./drivers/stm32f407x_MCAL/src/stm32f407x_gpio_exti.o
                0x0000000008002df4                EXTI9_5_IRQHandler
 .text.EXTI15_10_IRQHandler
                0x0000000008002ec4       0xf4 ./drivers/stm32f407x_MCAL/src/stm32f407x_gpio_exti.o
                0x0000000008002ec4                EXTI15_10_IRQHandler
 .text.MCAL_RCC_SetAHBPrescaller
                0x0000000008002fb8       0x38 ./drivers/stm32f407x_MCAL/src/stm32f407x_rcc.o
                0x0000000008002fb8                MCAL_RCC_SetAHBPrescaller
 .text.MCAL_RCC_SetAPB1Prescaller
                0x0000000008002ff0       0x38 ./drivers/stm32f407x_MCAL/src/stm32f407x_rcc.o
                0x0000000008002ff0                MCAL_RCC_SetAPB1Prescaller
 .text.MCAL_RCC_SetAPB2Prescaller
                0x0000000008003028       0x38 ./drivers/stm32f407x_MCAL/src/stm32f407x_rcc.o
                0x0000000008003028                MCAL_RCC_SetAPB2Prescaller
 .text.MCAL_RCC_SelectSystemClockSource
                0x0000000008003060       0x5e ./drivers/stm32f407x_MCAL/src/stm32f407x_rcc.o
                0x0000000008003060                MCAL_RCC_SelectSystemClockSource
 *fill*         0x00000000080030be        0x2 
 .text.MCAL_RCC_AHB1PeriphClockEnable
                0x00000000080030c0       0x38 ./drivers/stm32f407x_MCAL/src/stm32f407x_rcc.o
                0x00000000080030c0                MCAL_RCC_AHB1PeriphClockEnable
 .text.MCAL_RCC_APB1PeriphClockEnable
                0x00000000080030f8       0x38 ./drivers/stm32f407x_MCAL/src/stm32f407x_rcc.o
                0x00000000080030f8                MCAL_RCC_APB1PeriphClockEnable
 .text.MCAL_RCC_AHB1PeriphClockDisable
                0x0000000008003130       0x3c ./drivers/stm32f407x_MCAL/src/stm32f407x_rcc.o
                0x0000000008003130                MCAL_RCC_AHB1PeriphClockDisable
 .text.MCAL_RCC_APB1PeriphClockDisable
                0x000000000800316c       0x3c ./drivers/stm32f407x_MCAL/src/stm32f407x_rcc.o
                0x000000000800316c                MCAL_RCC_APB1PeriphClockDisable
 .text.MCAL_RCC_GetAPB1Value
                0x00000000080031a8       0xc4 ./drivers/stm32f407x_MCAL/src/stm32f407x_rcc.o
                0x00000000080031a8                MCAL_RCC_GetAPB1Value
 .text.MCAL_RCC_GetSysClkValue
                0x000000000800326c       0x58 ./drivers/stm32f407x_MCAL/src/stm32f407x_rcc.o
                0x000000000800326c                MCAL_RCC_GetSysClkValue
 .text.MCAL_RCC_GetSysClkType
                0x00000000080032c4       0x60 ./drivers/stm32f407x_MCAL/src/stm32f407x_rcc.o
                0x00000000080032c4                MCAL_RCC_GetSysClkType
 .text.EnableHSE_crys
                0x0000000008003324       0x2c ./drivers/stm32f407x_MCAL/src/stm32f407x_rcc.o
 .text.EnableHSE_rc
                0x0000000008003350       0x2c ./drivers/stm32f407x_MCAL/src/stm32f407x_rcc.o
 .text.DisableHSE
                0x000000000800337c       0x2c ./drivers/stm32f407x_MCAL/src/stm32f407x_rcc.o
 .text.SelectHSE
                0x00000000080033a8       0x2c ./drivers/stm32f407x_MCAL/src/stm32f407x_rcc.o
 .text.EnableHSI
                0x00000000080033d4       0x2c ./drivers/stm32f407x_MCAL/src/stm32f407x_rcc.o
 .text.DisableHSI
                0x0000000008003400       0x20 ./drivers/stm32f407x_MCAL/src/stm32f407x_rcc.o
 .text.SelectHSI
                0x0000000008003420       0x2c ./drivers/stm32f407x_MCAL/src/stm32f407x_rcc.o
 .text.MCAL_USART_Enable
                0x000000000800344c       0x20 ./drivers/stm32f407x_MCAL/src/stm32f407x_usart.o
                0x000000000800344c                MCAL_USART_Enable
 .text.MCAL_USART_EnableRxOnly
                0x000000000800346c       0x2c ./drivers/stm32f407x_MCAL/src/stm32f407x_usart.o
                0x000000000800346c                MCAL_USART_EnableRxOnly
 .text.MCAL_USART_EnableTxOnly
                0x0000000008003498       0x2c ./drivers/stm32f407x_MCAL/src/stm32f407x_usart.o
                0x0000000008003498                MCAL_USART_EnableTxOnly
 .text.MCAL_USART_EnableRxTx
                0x00000000080034c4       0x2c ./drivers/stm32f407x_MCAL/src/stm32f407x_usart.o
                0x00000000080034c4                MCAL_USART_EnableRxTx
 .text.MCAL_USART_SetWordLen8Bit
                0x00000000080034f0       0x20 ./drivers/stm32f407x_MCAL/src/stm32f407x_usart.o
                0x00000000080034f0                MCAL_USART_SetWordLen8Bit
 .text.MCAL_USART_SetWordLen9Bit
                0x0000000008003510       0x20 ./drivers/stm32f407x_MCAL/src/stm32f407x_usart.o
                0x0000000008003510                MCAL_USART_SetWordLen9Bit
 .text.MCAL_USART_EnableOddParity
                0x0000000008003530       0x2c ./drivers/stm32f407x_MCAL/src/stm32f407x_usart.o
                0x0000000008003530                MCAL_USART_EnableOddParity
 .text.MCAL_USART_EnableEvenParity
                0x000000000800355c       0x2c ./drivers/stm32f407x_MCAL/src/stm32f407x_usart.o
                0x000000000800355c                MCAL_USART_EnableEvenParity
 .text.MCAL_USART_DisableParity
                0x0000000008003588       0x2c ./drivers/stm32f407x_MCAL/src/stm32f407x_usart.o
                0x0000000008003588                MCAL_USART_DisableParity
 .text.MCAL_USART_SetStopConfig
                0x00000000080035b4       0x2c ./drivers/stm32f407x_MCAL/src/stm32f407x_usart.o
                0x00000000080035b4                MCAL_USART_SetStopConfig
 .text.MCAL_USART_DisableTXEI
                0x00000000080035e0       0x20 ./drivers/stm32f407x_MCAL/src/stm32f407x_usart.o
                0x00000000080035e0                MCAL_USART_DisableTXEI
 .text.MCAL_USART_ReadTXEI
                0x0000000008003600       0x22 ./drivers/stm32f407x_MCAL/src/stm32f407x_usart.o
                0x0000000008003600                MCAL_USART_ReadTXEI
 .text.MCAL_USART_DisableRXNI
                0x0000000008003622       0x20 ./drivers/stm32f407x_MCAL/src/stm32f407x_usart.o
                0x0000000008003622                MCAL_USART_DisableRXNI
 .text.MCAL_USART_ReadRXNI
                0x0000000008003642       0x22 ./drivers/stm32f407x_MCAL/src/stm32f407x_usart.o
                0x0000000008003642                MCAL_USART_ReadRXNI
 .text.MCAL_USART_EnableCTSFlowControl
                0x0000000008003664       0x20 ./drivers/stm32f407x_MCAL/src/stm32f407x_usart.o
                0x0000000008003664                MCAL_USART_EnableCTSFlowControl
 .text.MCAL_USART_DisableCTSFlowControl
                0x0000000008003684       0x20 ./drivers/stm32f407x_MCAL/src/stm32f407x_usart.o
                0x0000000008003684                MCAL_USART_DisableCTSFlowControl
 .text.MCAL_USART_EnableRTSFlowControl
                0x00000000080036a4       0x20 ./drivers/stm32f407x_MCAL/src/stm32f407x_usart.o
                0x00000000080036a4                MCAL_USART_EnableRTSFlowControl
 .text.MCAL_USART_DisableRTSFlowControl
                0x00000000080036c4       0x20 ./drivers/stm32f407x_MCAL/src/stm32f407x_usart.o
                0x00000000080036c4                MCAL_USART_DisableRTSFlowControl
 .text.MCAL_USART_SetBaudRateValue
                0x00000000080036e4       0xec ./drivers/stm32f407x_MCAL/src/stm32f407x_usart.o
                0x00000000080036e4                MCAL_USART_SetBaudRateValue
 .text.MCAL_USART_GetFlagStatus
                0x00000000080037d0       0x2a ./drivers/stm32f407x_MCAL/src/stm32f407x_usart.o
                0x00000000080037d0                MCAL_USART_GetFlagStatus
 .text.MCAL_USART_WriteData
                0x00000000080037fa       0x1e ./drivers/stm32f407x_MCAL/src/stm32f407x_usart.o
                0x00000000080037fa                MCAL_USART_WriteData
 .text.MCAL_USART_ReadData
                0x0000000008003818       0x1a ./drivers/stm32f407x_MCAL/src/stm32f407x_usart.o
                0x0000000008003818                MCAL_USART_ReadData
 .text.GPIO_enuInit
                0x0000000008003832       0xea ./drivers/stm32f407x_drivers/src/stm32f4xxx_gpio.o
                0x0000000008003832                GPIO_enuInit
 .text.RCC_enuInitSystemClk
                0x000000000800391c       0x42 ./drivers/stm32f407x_drivers/src/stm32f4xxx_rcc.o
                0x000000000800391c                RCC_enuInitSystemClk
 .text.RCC_enuAHB1PeriphClkCtrl
                0x000000000800395e       0x44 ./drivers/stm32f407x_drivers/src/stm32f4xxx_rcc.o
                0x000000000800395e                RCC_enuAHB1PeriphClkCtrl
 .text.RCC_enuAPB1PeriphClkCtrl
                0x00000000080039a2       0x44 ./drivers/stm32f407x_drivers/src/stm32f4xxx_rcc.o
                0x00000000080039a2                RCC_enuAPB1PeriphClkCtrl
 .text.RCC_enuGetAPB1Value
                0x00000000080039e6       0x20 ./drivers/stm32f407x_drivers/src/stm32f4xxx_rcc.o
                0x00000000080039e6                RCC_enuGetAPB1Value
 .text.RCC_enuGetSysClkValue
                0x0000000008003a06       0x20 ./drivers/stm32f407x_drivers/src/stm32f4xxx_rcc.o
                0x0000000008003a06                RCC_enuGetSysClkValue
 .text.RCC_enuGetSysClkType
                0x0000000008003a26       0x20 ./drivers/stm32f407x_drivers/src/stm32f4xxx_rcc.o
                0x0000000008003a26                RCC_enuGetSysClkType
 *fill*         0x0000000008003a46        0x2 
 .text.USART_enuInit
                0x0000000008003a48      0x178 ./drivers/stm32f407x_drivers/src/stm32f4xxx_usart.o
                0x0000000008003a48                USART_enuInit
 .text.USART_enuSendDataSyn
                0x0000000008003bc0      0x11c ./drivers/stm32f407x_drivers/src/stm32f4xxx_usart.o
                0x0000000008003bc0                USART_enuSendDataSyn
 .text.USART_IRQHandling
                0x0000000008003cdc      0x27c ./drivers/stm32f407x_drivers/src/stm32f4xxx_usart.o
                0x0000000008003cdc                USART_IRQHandling
 .text.std      0x0000000008003f58       0x6c /opt/st/stm32cubeide_1.14.0_2/plugins/com.st.stm32cube.ide.mcu.externaltools.gnu-tools-for-stm32.11.3.rel1.linux64_1.1.100.202309141235/tools/bin/../lib/gcc/arm-none-eabi/11.3.1/../../../../arm-none-eabi/lib/thumb/v7e-m+fp/hard/libc_nano.a(libc_a-findfp.o)
 .text.stdio_exit_handler
                0x0000000008003fc4       0x18 /opt/st/stm32cubeide_1.14.0_2/plugins/com.st.stm32cube.ide.mcu.externaltools.gnu-tools-for-stm32.11.3.rel1.linux64_1.1.100.202309141235/tools/bin/../lib/gcc/arm-none-eabi/11.3.1/../../../../arm-none-eabi/lib/thumb/v7e-m+fp/hard/libc_nano.a(libc_a-findfp.o)
 .text.cleanup_stdio
                0x0000000008003fdc       0x40 /opt/st/stm32cubeide_1.14.0_2/plugins/com.st.stm32cube.ide.mcu.externaltools.gnu-tools-for-stm32.11.3.rel1.linux64_1.1.100.202309141235/tools/bin/../lib/gcc/arm-none-eabi/11.3.1/../../../../arm-none-eabi/lib/thumb/v7e-m+fp/hard/libc_nano.a(libc_a-findfp.o)
 .text.global_stdio_init.part.0
                0x000000000800401c       0x3c /opt/st/stm32cubeide_1.14.0_2/plugins/com.st.stm32cube.ide.mcu.externaltools.gnu-tools-for-stm32.11.3.rel1.linux64_1.1.100.202309141235/tools/bin/../lib/gcc/arm-none-eabi/11.3.1/../../../../arm-none-eabi/lib/thumb/v7e-m+fp/hard/libc_nano.a(libc_a-findfp.o)
 .text.__sfp_lock_acquire
                0x0000000008004058        0xc /opt/st/stm32cubeide_1.14.0_2/plugins/com.st.stm32cube.ide.mcu.externaltools.gnu-tools-for-stm32.11.3.rel1.linux64_1.1.100.202309141235/tools/bin/../lib/gcc/arm-none-eabi/11.3.1/../../../../arm-none-eabi/lib/thumb/v7e-m+fp/hard/libc_nano.a(libc_a-findfp.o)
                0x0000000008004058                __sfp_lock_acquire
 .text.__sfp_lock_release
                0x0000000008004064        0xc /opt/st/stm32cubeide_1.14.0_2/plugins/com.st.stm32cube.ide.mcu.externaltools.gnu-tools-for-stm32.11.3.rel1.linux64_1.1.100.202309141235/tools/bin/../lib/gcc/arm-none-eabi/11.3.1/../../../../arm-none-eabi/lib/thumb/v7e-m+fp/hard/libc_nano.a(libc_a-findfp.o)
                0x0000000008004064                __sfp_lock_release
 .text.__sinit  0x0000000008004070       0x30 /opt/st/stm32cubeide_1.14.0_2/plugins/com.st.stm32cube.ide.mcu.externaltools.gnu-tools-for-stm32.11.3.rel1.linux64_1.1.100.202309141235/tools/bin/../lib/gcc/arm-none-eabi/11.3.1/../../../../arm-none-eabi/lib/thumb/v7e-m+fp/hard/libc_nano.a(libc_a-findfp.o)
                0x0000000008004070                __sinit
 .text._fwalk_sglue
                0x00000000080040a0       0x3c /opt/st/stm32cubeide_1.14.0_2/plugins/com.st.stm32cube.ide.mcu.externaltools.gnu-tools-for-stm32.11.3.rel1.linux64_1.1.100.202309141235/tools/bin/../lib/gcc/arm-none-eabi/11.3.1/../../../../arm-none-eabi/lib/thumb/v7e-m+fp/hard/libc_nano.a(libc_a-fwalk.o)
                0x00000000080040a0                _fwalk_sglue
 .text.printf   0x00000000080040dc       0x24 /opt/st/stm32cubeide_1.14.0_2/plugins/com.st.stm32cube.ide.mcu.externaltools.gnu-tools-for-stm32.11.3.rel1.linux64_1.1.100.202309141235/tools/bin/../lib/gcc/arm-none-eabi/11.3.1/../../../../arm-none-eabi/lib/thumb/v7e-m+fp/hard/libc_nano.a(libc_a-printf.o)
                0x00000000080040dc                printf
                0x00000000080040dc                iprintf
 .text._puts_r  0x0000000008004100       0xa8 /opt/st/stm32cubeide_1.14.0_2/plugins/com.st.stm32cube.ide.mcu.externaltools.gnu-tools-for-stm32.11.3.rel1.linux64_1.1.100.202309141235/tools/bin/../lib/gcc/arm-none-eabi/11.3.1/../../../../arm-none-eabi/lib/thumb/v7e-m+fp/hard/libc_nano.a(libc_a-puts.o)
                0x0000000008004100                _puts_r
 .text.puts     0x00000000080041a8       0x10 /opt/st/stm32cubeide_1.14.0_2/plugins/com.st.stm32cube.ide.mcu.externaltools.gnu-tools-for-stm32.11.3.rel1.linux64_1.1.100.202309141235/tools/bin/../lib/gcc/arm-none-eabi/11.3.1/../../../../arm-none-eabi/lib/thumb/v7e-m+fp/hard/libc_nano.a(libc_a-puts.o)
                0x00000000080041a8                puts
 .text.__sread  0x00000000080041b8       0x22 /opt/st/stm32cubeide_1.14.0_2/plugins/com.st.stm32cube.ide.mcu.externaltools.gnu-tools-for-stm32.11.3.rel1.linux64_1.1.100.202309141235/tools/bin/../lib/gcc/arm-none-eabi/11.3.1/../../../../arm-none-eabi/lib/thumb/v7e-m+fp/hard/libc_nano.a(libc_a-stdio.o)
                0x00000000080041b8                __sread
 .text.__swrite
                0x00000000080041da       0x38 /opt/st/stm32cubeide_1.14.0_2/plugins/com.st.stm32cube.ide.mcu.externaltools.gnu-tools-for-stm32.11.3.rel1.linux64_1.1.100.202309141235/tools/bin/../lib/gcc/arm-none-eabi/11.3.1/../../../../arm-none-eabi/lib/thumb/v7e-m+fp/hard/libc_nano.a(libc_a-stdio.o)
                0x00000000080041da                __swrite
 .text.__sseek  0x0000000008004212       0x24 /opt/st/stm32cubeide_1.14.0_2/plugins/com.st.stm32cube.ide.mcu.externaltools.gnu-tools-for-stm32.11.3.rel1.linux64_1.1.100.202309141235/tools/bin/../lib/gcc/arm-none-eabi/11.3.1/../../../../arm-none-eabi/lib/thumb/v7e-m+fp/hard/libc_nano.a(libc_a-stdio.o)
                0x0000000008004212                __sseek
 .text.__sclose
                0x0000000008004236        0x8 /opt/st/stm32cubeide_1.14.0_2/plugins/com.st.stm32cube.ide.mcu.externaltools.gnu-tools-for-stm32.11.3.rel1.linux64_1.1.100.202309141235/tools/bin/../lib/gcc/arm-none-eabi/11.3.1/../../../../arm-none-eabi/lib/thumb/v7e-m+fp/hard/libc_nano.a(libc_a-stdio.o)
                0x0000000008004236                __sclose
 .text.__swbuf_r
                0x000000000800423e       0x7a /opt/st/stm32cubeide_1.14.0_2/plugins/com.st.stm32cube.ide.mcu.externaltools.gnu-tools-for-stm32.11.3.rel1.linux64_1.1.100.202309141235/tools/bin/../lib/gcc/arm-none-eabi/11.3.1/../../../../arm-none-eabi/lib/thumb/v7e-m+fp/hard/libc_nano.a(libc_a-wbuf.o)
                0x000000000800423e                __swbuf_r
 .text.__swsetup_r
                0x00000000080042b8       0xb0 /opt/st/stm32cubeide_1.14.0_2/plugins/com.st.stm32cube.ide.mcu.externaltools.gnu-tools-for-stm32.11.3.rel1.linux64_1.1.100.202309141235/tools/bin/../lib/gcc/arm-none-eabi/11.3.1/../../../../arm-none-eabi/lib/thumb/v7e-m+fp/hard/libc_nano.a(libc_a-wsetup.o)
                0x00000000080042b8                __swsetup_r
 .text.memset   0x0000000008004368       0x10 /opt/st/stm32cubeide_1.14.0_2/plugins/com.st.stm32cube.ide.mcu.externaltools.gnu-tools-for-stm32.11.3.rel1.linux64_1.1.100.202309141235/tools/bin/../lib/gcc/arm-none-eabi/11.3.1/../../../../arm-none-eabi/lib/thumb/v7e-m+fp/hard/libc_nano.a(libc_a-memset.o)
                0x0000000008004368                memset
 .text._close_r
                0x0000000008004378       0x20 /opt/st/stm32cubeide_1.14.0_2/plugins/com.st.stm32cube.ide.mcu.externaltools.gnu-tools-for-stm32.11.3.rel1.linux64_1.1.100.202309141235/tools/bin/../lib/gcc/arm-none-eabi/11.3.1/../../../../arm-none-eabi/lib/thumb/v7e-m+fp/hard/libc_nano.a(libc_a-closer.o)
                0x0000000008004378                _close_r
 .text._lseek_r
                0x0000000008004398       0x24 /opt/st/stm32cubeide_1.14.0_2/plugins/com.st.stm32cube.ide.mcu.externaltools.gnu-tools-for-stm32.11.3.rel1.linux64_1.1.100.202309141235/tools/bin/../lib/gcc/arm-none-eabi/11.3.1/../../../../arm-none-eabi/lib/thumb/v7e-m+fp/hard/libc_nano.a(libc_a-lseekr.o)
                0x0000000008004398                _lseek_r
 .text._read_r  0x00000000080043bc       0x24 /opt/st/stm32cubeide_1.14.0_2/plugins/com.st.stm32cube.ide.mcu.externaltools.gnu-tools-for-stm32.11.3.rel1.linux64_1.1.100.202309141235/tools/bin/../lib/gcc/arm-none-eabi/11.3.1/../../../../arm-none-eabi/lib/thumb/v7e-m+fp/hard/libc_nano.a(libc_a-readr.o)
                0x00000000080043bc                _read_r
 .text._write_r
                0x00000000080043e0       0x24 /opt/st/stm32cubeide_1.14.0_2/plugins/com.st.stm32cube.ide.mcu.externaltools.gnu-tools-for-stm32.11.3.rel1.linux64_1.1.100.202309141235/tools/bin/../lib/gcc/arm-none-eabi/11.3.1/../../../../arm-none-eabi/lib/thumb/v7e-m+fp/hard/libc_nano.a(libc_a-writer.o)
                0x00000000080043e0                _write_r
 .text.__errno  0x0000000008004404        0xc /opt/st/stm32cubeide_1.14.0_2/plugins/com.st.stm32cube.ide.mcu.externaltools.gnu-tools-for-stm32.11.3.rel1.linux64_1.1.100.202309141235/tools/bin/../lib/gcc/arm-none-eabi/11.3.1/../../../../arm-none-eabi/lib/thumb/v7e-m+fp/hard/libc_nano.a(libc_a-errno.o)
                0x0000000008004404                __errno
 .text.__libc_init_array
                0x0000000008004410       0x48 /opt/st/stm32cubeide_1.14.0_2/plugins/com.st.stm32cube.ide.mcu.externaltools.gnu-tools-for-stm32.11.3.rel1.linux64_1.1.100.202309141235/tools/bin/../lib/gcc/arm-none-eabi/11.3.1/../../../../arm-none-eabi/lib/thumb/v7e-m+fp/hard/libc_nano.a(libc_a-init.o)
                0x0000000008004410                __libc_init_array
 .text.__retarget_lock_init_recursive
                0x0000000008004458        0x2 /opt/st/stm32cubeide_1.14.0_2/plugins/com.st.stm32cube.ide.mcu.externaltools.gnu-tools-for-stm32.11.3.rel1.linux64_1.1.100.202309141235/tools/bin/../lib/gcc/arm-none-eabi/11.3.1/../../../../arm-none-eabi/lib/thumb/v7e-m+fp/hard/libc_nano.a(libc_a-lock.o)
                0x0000000008004458                __retarget_lock_init_recursive
 .text.__retarget_lock_acquire_recursive
                0x000000000800445a        0x2 /opt/st/stm32cubeide_1.14.0_2/plugins/com.st.stm32cube.ide.mcu.externaltools.gnu-tools-for-stm32.11.3.rel1.linux64_1.1.100.202309141235/tools/bin/../lib/gcc/arm-none-eabi/11.3.1/../../../../arm-none-eabi/lib/thumb/v7e-m+fp/hard/libc_nano.a(libc_a-lock.o)
                0x000000000800445a                __retarget_lock_acquire_recursive
 .text.__retarget_lock_release_recursive
                0x000000000800445c        0x2 /opt/st/stm32cubeide_1.14.0_2/plugins/com.st.stm32cube.ide.mcu.externaltools.gnu-tools-for-stm32.11.3.rel1.linux64_1.1.100.202309141235/tools/bin/../lib/gcc/arm-none-eabi/11.3.1/../../../../arm-none-eabi/lib/thumb/v7e-m+fp/hard/libc_nano.a(libc_a-lock.o)
                0x000000000800445c                __retarget_lock_release_recursive
 .text.memcpy   0x000000000800445e       0x1c /opt/st/stm32cubeide_1.14.0_2/plugins/com.st.stm32cube.ide.mcu.externaltools.gnu-tools-for-stm32.11.3.rel1.linux64_1.1.100.202309141235/tools/bin/../lib/gcc/arm-none-eabi/11.3.1/../../../../arm-none-eabi/lib/thumb/v7e-m+fp/hard/libc_nano.a(libc_a-memcpy-stub.o)
                0x000000000800445e                memcpy
 *fill*         0x000000000800447a        0x2 
 .text._free_r  0x000000000800447c       0x98 /opt/st/stm32cubeide_1.14.0_2/plugins/com.st.stm32cube.ide.mcu.externaltools.gnu-tools-for-stm32.11.3.rel1.linux64_1.1.100.202309141235/tools/bin/../lib/gcc/arm-none-eabi/11.3.1/../../../../arm-none-eabi/lib/thumb/v7e-m+fp/hard/libc_nano.a(libc_a-freer.o)
                0x000000000800447c                _free_r
 .text.sbrk_aligned
                0x0000000008004514       0x40 /opt/st/stm32cubeide_1.14.0_2/plugins/com.st.stm32cube.ide.mcu.externaltools.gnu-tools-for-stm32.11.3.rel1.linux64_1.1.100.202309141235/tools/bin/../lib/gcc/arm-none-eabi/11.3.1/../../../../arm-none-eabi/lib/thumb/v7e-m+fp/hard/libc_nano.a(libc_a-mallocr.o)
 .text._malloc_r
                0x0000000008004554      0x100 /opt/st/stm32cubeide_1.14.0_2/plugins/com.st.stm32cube.ide.mcu.externaltools.gnu-tools-for-stm32.11.3.rel1.linux64_1.1.100.202309141235/tools/bin/../lib/gcc/arm-none-eabi/11.3.1/../../../../arm-none-eabi/lib/thumb/v7e-m+fp/hard/libc_nano.a(libc_a-mallocr.o)
                0x0000000008004554                _malloc_r
 .text.__malloc_lock
                0x0000000008004654        0xc /opt/st/stm32cubeide_1.14.0_2/plugins/com.st.stm32cube.ide.mcu.externaltools.gnu-tools-for-stm32.11.3.rel1.linux64_1.1.100.202309141235/tools/bin/../lib/gcc/arm-none-eabi/11.3.1/../../../../arm-none-eabi/lib/thumb/v7e-m+fp/hard/libc_nano.a(libc_a-mlock.o)
                0x0000000008004654                __malloc_lock
 .text.__malloc_unlock
                0x0000000008004660        0xc /opt/st/stm32cubeide_1.14.0_2/plugins/com.st.stm32cube.ide.mcu.externaltools.gnu-tools-for-stm32.11.3.rel1.linux64_1.1.100.202309141235/tools/bin/../lib/gcc/arm-none-eabi/11.3.1/../../../../arm-none-eabi/lib/thumb/v7e-m+fp/hard/libc_nano.a(libc_a-mlock.o)
                0x0000000008004660                __malloc_unlock
 .text.__sfputc_r
                0x000000000800466c       0x2e /opt/st/stm32cubeide_1.14.0_2/plugins/com.st.stm32cube.ide.mcu.externaltools.gnu-tools-for-stm32.11.3.rel1.linux64_1.1.100.202309141235/tools/bin/../lib/gcc/arm-none-eabi/11.3.1/../../../../arm-none-eabi/lib/thumb/v7e-m+fp/hard/libc_nano.a(libc_a-nano-vfprintf.o)
 .text.__sfputs_r
                0x000000000800469a       0x24 /opt/st/stm32cubeide_1.14.0_2/plugins/com.st.stm32cube.ide.mcu.externaltools.gnu-tools-for-stm32.11.3.rel1.linux64_1.1.100.202309141235/tools/bin/../lib/gcc/arm-none-eabi/11.3.1/../../../../arm-none-eabi/lib/thumb/v7e-m+fp/hard/libc_nano.a(libc_a-nano-vfprintf.o)
                0x000000000800469a                __sfputs_r
 *fill*         0x00000000080046be        0x2 
 .text._vfprintf_r
                0x00000000080046c0      0x234 /opt/st/stm32cubeide_1.14.0_2/plugins/com.st.stm32cube.ide.mcu.externaltools.gnu-tools-for-stm32.11.3.rel1.linux64_1.1.100.202309141235/tools/bin/../lib/gcc/arm-none-eabi/11.3.1/../../../../arm-none-eabi/lib/thumb/v7e-m+fp/hard/libc_nano.a(libc_a-nano-vfprintf.o)
                0x00000000080046c0                _vfiprintf_r
                0x00000000080046c0                _vfprintf_r
 .text._printf_common
                0x00000000080048f4       0xda /opt/st/stm32cubeide_1.14.0_2/plugins/com.st.stm32cube.ide.mcu.externaltools.gnu-tools-for-stm32.11.3.rel1.linux64_1.1.100.202309141235/tools/bin/../lib/gcc/arm-none-eabi/11.3.1/../../../../arm-none-eabi/lib/thumb/v7e-m+fp/hard/libc_nano.a(libc_a-nano-vfprintf_i.o)
                0x00000000080048f4                _printf_common
 *fill*         0x00000000080049ce        0x2 
 .text._printf_i
                0x00000000080049d0      0x244 /opt/st/stm32cubeide_1.14.0_2/plugins/com.st.stm32cube.ide.mcu.externaltools.gnu-tools-for-stm32.11.3.rel1.linux64_1.1.100.202309141235/tools/bin/../lib/gcc/arm-none-eabi/11.3.1/../../../../arm-none-eabi/lib/thumb/v7e-m+fp/hard/libc_nano.a(libc_a-nano-vfprintf_i.o)
                0x00000000080049d0                _printf_i
 .text.__sflush_r
                0x0000000008004c14      0x10c /opt/st/stm32cubeide_1.14.0_2/plugins/com.st.stm32cube.ide.mcu.externaltools.gnu-tools-for-stm32.11.3.rel1.linux64_1.1.100.202309141235/tools/bin/../lib/gcc/arm-none-eabi/11.3.1/../../../../arm-none-eabi/lib/thumb/v7e-m+fp/hard/libc_nano.a(libc_a-fflush.o)
                0x0000000008004c14                __sflush_r
 .text._fflush_r
                0x0000000008004d20       0x50 /opt/st/stm32cubeide_1.14.0_2/plugins/com.st.stm32cube.ide.mcu.externaltools.gnu-tools-for-stm32.11.3.rel1.linux64_1.1.100.202309141235/tools/bin/../lib/gcc/arm-none-eabi/11.3.1/../../../../arm-none-eabi/lib/thumb/v7e-m+fp/hard/libc_nano.a(libc_a-fflush.o)
                0x0000000008004d20                _fflush_r
 .text.__swhatbuf_r
                0x0000000008004d70       0x4c /opt/st/stm32cubeide_1.14.0_2/plugins/com.st.stm32cube.ide.mcu.externaltools.gnu-tools-for-stm32.11.3.rel1.linux64_1.1.100.202309141235/tools/bin/../lib/gcc/arm-none-eabi/11.3.1/../../../../arm-none-eabi/lib/thumb/v7e-m+fp/hard/libc_nano.a(libc_a-makebuf.o)
                0x0000000008004d70                __swhatbuf_r
 .text.__smakebuf_r
                0x0000000008004dbc       0x78 /opt/st/stm32cubeide_1.14.0_2/plugins/com.st.stm32cube.ide.mcu.externaltools.gnu-tools-for-stm32.11.3.rel1.linux64_1.1.100.202309141235/tools/bin/../lib/gcc/arm-none-eabi/11.3.1/../../../../arm-none-eabi/lib/thumb/v7e-m+fp/hard/libc_nano.a(libc_a-makebuf.o)
                0x0000000008004dbc                __smakebuf_r
 .text._fstat_r
                0x0000000008004e34       0x24 /opt/st/stm32cubeide_1.14.0_2/plugins/com.st.stm32cube.ide.mcu.externaltools.gnu-tools-for-stm32.11.3.rel1.linux64_1.1.100.202309141235/tools/bin/../lib/gcc/arm-none-eabi/11.3.1/../../../../arm-none-eabi/lib/thumb/v7e-m+fp/hard/libc_nano.a(libc_a-fstatr.o)
                0x0000000008004e34                _fstat_r
 .text._isatty_r
                0x0000000008004e58       0x20 /opt/st/stm32cubeide_1.14.0_2/plugins/com.st.stm32cube.ide.mcu.externaltools.gnu-tools-for-stm32.11.3.rel1.linux64_1.1.100.202309141235/tools/bin/../lib/gcc/arm-none-eabi/11.3.1/../../../../arm-none-eabi/lib/thumb/v7e-m+fp/hard/libc_nano.a(libc_a-isattyr.o)
                0x0000000008004e58                _isatty_r
 .text._sbrk_r  0x0000000008004e78       0x20 /opt/st/stm32cubeide_1.14.0_2/plugins/com.st.stm32cube.ide.mcu.externaltools.gnu-tools-for-stm32.11.3.rel1.linux64_1.1.100.202309141235/tools/bin/../lib/gcc/arm-none-eabi/11.3.1/../../../../arm-none-eabi/lib/thumb/v7e-m+fp/hard/libc_nano.a(libc_a-sbrkr.o)
                0x0000000008004e78                _sbrk_r
 *(.glue_7)
 .glue_7        0x0000000008004e98        0x0 linker stubs
 *(.glue_7t)
 .glue_7t       0x0000000008004e98        0x0 linker stubs
 *(.eh_frame)
 .eh_frame      0x0000000008004e98        0x0 /opt/st/stm32cubeide_1.14.0_2/plugins/com.st.stm32cube.ide.mcu.externaltools.gnu-tools-for-stm32.11.3.rel1.linux64_1.1.100.202309141235/tools/bin/../lib/gcc/arm-none-eabi/11.3.1/thumb/v7e-m+fp/hard/crtbegin.o
 *(.init)
 .init          0x0000000008004e98        0x4 /opt/st/stm32cubeide_1.14.0_2/plugins/com.st.stm32cube.ide.mcu.externaltools.gnu-tools-for-stm32.11.3.rel1.linux64_1.1.100.202309141235/tools/bin/../lib/gcc/arm-none-eabi/11.3.1/thumb/v7e-m+fp/hard/crti.o
                0x0000000008004e98                _init
 .init          0x0000000008004e9c        0x8 /opt/st/stm32cubeide_1.14.0_2/plugins/com.st.stm32cube.ide.mcu.externaltools.gnu-tools-for-stm32.11.3.rel1.linux64_1.1.100.202309141235/tools/bin/../lib/gcc/arm-none-eabi/11.3.1/thumb/v7e-m+fp/hard/crtn.o
 *(.fini)
 .fini          0x0000000008004ea4        0x4 /opt/st/stm32cubeide_1.14.0_2/plugins/com.st.stm32cube.ide.mcu.externaltools.gnu-tools-for-stm32.11.3.rel1.linux64_1.1.100.202309141235/tools/bin/../lib/gcc/arm-none-eabi/11.3.1/thumb/v7e-m+fp/hard/crti.o
                0x0000000008004ea4                _fini
 .fini          0x0000000008004ea8        0x8 /opt/st/stm32cubeide_1.14.0_2/plugins/com.st.stm32cube.ide.mcu.externaltools.gnu-tools-for-stm32.11.3.rel1.linux64_1.1.100.202309141235/tools/bin/../lib/gcc/arm-none-eabi/11.3.1/thumb/v7e-m+fp/hard/crtn.o
                0x0000000008004eb0                . = ALIGN (0x4)
                0x0000000008004eb0                _etext = .

.vfp11_veneer   0x0000000008004eb0        0x0
 .vfp11_veneer  0x0000000008004eb0        0x0 linker stubs

.v4_bx          0x0000000008004eb0        0x0
 .v4_bx         0x0000000008004eb0        0x0 linker stubs

.iplt           0x0000000008004eb0        0x0
 .iplt          0x0000000008004eb0        0x0 /opt/st/stm32cubeide_1.14.0_2/plugins/com.st.stm32cube.ide.mcu.externaltools.gnu-tools-for-stm32.11.3.rel1.linux64_1.1.100.202309141235/tools/bin/../lib/gcc/arm-none-eabi/11.3.1/thumb/v7e-m+fp/hard/crtbegin.o

.rodata         0x0000000008004eb0       0xe8
                0x0000000008004eb0                . = ALIGN (0x4)
 *(.rodata)
 .rodata        0x0000000008004eb0        0x5 ./FreeRTOS/Source/tasks.o
 *fill*         0x0000000008004eb5        0x3 
 .rodata        0x0000000008004eb8        0xd ./FreeRTOS/Source/timers.o
 *fill*         0x0000000008004ec5        0x3 
 .rodata        0x0000000008004ec8       0x9a ./Src/main.o
 *(.rodata*)
 .rodata._vfprintf_r.str1.1
                0x0000000008004f62       0x11 /opt/st/stm32cubeide_1.14.0_2/plugins/com.st.stm32cube.ide.mcu.externaltools.gnu-tools-for-stm32.11.3.rel1.linux64_1.1.100.202309141235/tools/bin/../lib/gcc/arm-none-eabi/11.3.1/../../../../arm-none-eabi/lib/thumb/v7e-m+fp/hard/libc_nano.a(libc_a-nano-vfprintf.o)
 .rodata._printf_i.str1.1
                0x0000000008004f73       0x22 /opt/st/stm32cubeide_1.14.0_2/plugins/com.st.stm32cube.ide.mcu.externaltools.gnu-tools-for-stm32.11.3.rel1.linux64_1.1.100.202309141235/tools/bin/../lib/gcc/arm-none-eabi/11.3.1/../../../../arm-none-eabi/lib/thumb/v7e-m+fp/hard/libc_nano.a(libc_a-nano-vfprintf_i.o)
                0x0000000008004f98                . = ALIGN (0x4)
 *fill*         0x0000000008004f95        0x3 

.rel.dyn        0x0000000008004f98        0x0
 .rel.iplt      0x0000000008004f98        0x0 /opt/st/stm32cubeide_1.14.0_2/plugins/com.st.stm32cube.ide.mcu.externaltools.gnu-tools-for-stm32.11.3.rel1.linux64_1.1.100.202309141235/tools/bin/../lib/gcc/arm-none-eabi/11.3.1/thumb/v7e-m+fp/hard/crtbegin.o

.ARM.extab      0x0000000008004f98        0x0
                0x0000000008004f98                . = ALIGN (0x4)
 *(.ARM.extab* .gnu.linkonce.armextab.*)
                0x0000000008004f98                . = ALIGN (0x4)

.ARM            0x0000000008004f98        0x0
                0x0000000008004f98                . = ALIGN (0x4)
                0x0000000008004f98                __exidx_start = .
 *(.ARM.exidx*)
                0x0000000008004f98                __exidx_end = .
                0x0000000008004f98                . = ALIGN (0x4)

.preinit_array  0x0000000008004f98        0x0
                0x0000000008004f98                . = ALIGN (0x4)
                0x0000000008004f98                PROVIDE (__preinit_array_start = .)
 *(.preinit_array*)
                0x0000000008004f98                PROVIDE (__preinit_array_end = .)
                0x0000000008004f98                . = ALIGN (0x4)

.init_array     0x0000000008004f98        0x4
                0x0000000008004f98                . = ALIGN (0x4)
                0x0000000008004f98                PROVIDE (__init_array_start = .)
 *(SORT_BY_NAME(.init_array.*))
 *(.init_array*)
 .init_array    0x0000000008004f98        0x4 /opt/st/stm32cubeide_1.14.0_2/plugins/com.st.stm32cube.ide.mcu.externaltools.gnu-tools-for-stm32.11.3.rel1.linux64_1.1.100.202309141235/tools/bin/../lib/gcc/arm-none-eabi/11.3.1/thumb/v7e-m+fp/hard/crtbegin.o
                0x0000000008004f9c                PROVIDE (__init_array_end = .)
                0x0000000008004f9c                . = ALIGN (0x4)

.fini_array     0x0000000008004f9c        0x4
                0x0000000008004f9c                . = ALIGN (0x4)
                [!provide]                        PROVIDE (__fini_array_start = .)
 *(SORT_BY_NAME(.fini_array.*))
 *(.fini_array*)
 .fini_array    0x0000000008004f9c        0x4 /opt/st/stm32cubeide_1.14.0_2/plugins/com.st.stm32cube.ide.mcu.externaltools.gnu-tools-for-stm32.11.3.rel1.linux64_1.1.100.202309141235/tools/bin/../lib/gcc/arm-none-eabi/11.3.1/thumb/v7e-m+fp/hard/crtbegin.o
                [!provide]                        PROVIDE (__fini_array_end = .)
                0x0000000008004fa0                . = ALIGN (0x4)
                0x0000000008004fa0                _sidata = LOADADDR (.data)

.data           0x0000000020000000       0x8c load address 0x0000000008004fa0
                0x0000000020000000                . = ALIGN (0x4)
                0x0000000020000000                _sdata = .
 *(.data)
 *(.data*)
 .data.uxTopUsedPriority
                0x0000000020000000        0x4 ./FreeRTOS/Source/tasks.o
                0x0000000020000000                uxTopUsedPriority
 .data.uxCriticalNesting
                0x0000000020000004        0x4 ./FreeRTOS/Source/portable/GCC/ARM_CM4F/port.o
 .data.aStringData
                0x0000000020000008       0x11 ./Src/main.o
                0x0000000020000008                aStringData
 *fill*         0x0000000020000019        0x3 
 .data.AHB_PreScaler
                0x000000002000001c       0x10 ./drivers/stm32f407x_MCAL/src/stm32f407x_rcc.o
                0x000000002000001c                AHB_PreScaler
 .data.APB_PreScaler
                0x000000002000002c        0x4 ./drivers/stm32f407x_MCAL/src/stm32f407x_rcc.o
                0x000000002000002c                APB_PreScaler
 .data.__sglue  0x0000000020000030        0xc /opt/st/stm32cubeide_1.14.0_2/plugins/com.st.stm32cube.ide.mcu.externaltools.gnu-tools-for-stm32.11.3.rel1.linux64_1.1.100.202309141235/tools/bin/../lib/gcc/arm-none-eabi/11.3.1/../../../../arm-none-eabi/lib/thumb/v7e-m+fp/hard/libc_nano.a(libc_a-findfp.o)
                0x0000000020000030                __sglue
 .data._impure_data
                0x000000002000003c       0x4c /opt/st/stm32cubeide_1.14.0_2/plugins/com.st.stm32cube.ide.mcu.externaltools.gnu-tools-for-stm32.11.3.rel1.linux64_1.1.100.202309141235/tools/bin/../lib/gcc/arm-none-eabi/11.3.1/../../../../arm-none-eabi/lib/thumb/v7e-m+fp/hard/libc_nano.a(libc_a-impure.o)
                0x000000002000003c                _impure_data
 .data._impure_ptr
                0x0000000020000088        0x4 /opt/st/stm32cubeide_1.14.0_2/plugins/com.st.stm32cube.ide.mcu.externaltools.gnu-tools-for-stm32.11.3.rel1.linux64_1.1.100.202309141235/tools/bin/../lib/gcc/arm-none-eabi/11.3.1/../../../../arm-none-eabi/lib/thumb/v7e-m+fp/hard/libc_nano.a(libc_a-impure.o)
                0x0000000020000088                _impure_ptr
 *(.RamFunc)
 *(.RamFunc*)
                0x000000002000008c                . = ALIGN (0x4)
                0x000000002000008c                _edata = .
                0x000000000800502c                _siccmram = LOADADDR (.ccmram)

.igot.plt       0x000000002000008c        0x0 load address 0x000000000800502c
 .igot.plt      0x000000002000008c        0x0 /opt/st/stm32cubeide_1.14.0_2/plugins/com.st.stm32cube.ide.mcu.externaltools.gnu-tools-for-stm32.11.3.rel1.linux64_1.1.100.202309141235/tools/bin/../lib/gcc/arm-none-eabi/11.3.1/thumb/v7e-m+fp/hard/crtbegin.o

.ccmram         0x0000000010000000        0x0 load address 0x000000000800502c
                0x0000000010000000                . = ALIGN (0x4)
                0x0000000010000000                _sccmram = .
 *(.ccmram)
 *(.ccmram*)
                0x0000000010000000                . = ALIGN (0x4)
                0x0000000010000000                _eccmram = .
                0x0000000010000000                . = ALIGN (0x4)

.bss            0x000000002000008c    0x12f7c
                0x000000002000008c                _sbss = .
                0x000000002000008c                __bss_start__ = _sbss
 *(.bss)
 .bss           0x000000002000008c       0x1c /opt/st/stm32cubeide_1.14.0_2/plugins/com.st.stm32cube.ide.mcu.externaltools.gnu-tools-for-stm32.11.3.rel1.linux64_1.1.100.202309141235/tools/bin/../lib/gcc/arm-none-eabi/11.3.1/thumb/v7e-m+fp/hard/crtbegin.o
 *(.bss*)
 .bss.xQueueRegistry
                0x00000000200000a8       0x40 ./FreeRTOS/Source/queue.o
                0x00000000200000a8                xQueueRegistry
 .bss.pxCurrentTCB
                0x00000000200000e8        0x4 ./FreeRTOS/Source/tasks.o
                0x00000000200000e8                pxCurrentTCB
 .bss.pxReadyTasksLists
                0x00000000200000ec       0x64 ./FreeRTOS/Source/tasks.o
 .bss.xDelayedTaskList1
                0x0000000020000150       0x14 ./FreeRTOS/Source/tasks.o
 .bss.xDelayedTaskList2
                0x0000000020000164       0x14 ./FreeRTOS/Source/tasks.o
 .bss.pxDelayedTaskList
                0x0000000020000178        0x4 ./FreeRTOS/Source/tasks.o
 .bss.pxOverflowDelayedTaskList
                0x000000002000017c        0x4 ./FreeRTOS/Source/tasks.o
 .bss.xPendingReadyList
                0x0000000020000180       0x14 ./FreeRTOS/Source/tasks.o
 .bss.xTasksWaitingTermination
                0x0000000020000194       0x14 ./FreeRTOS/Source/tasks.o
 .bss.uxDeletedTasksWaitingCleanUp
                0x00000000200001a8        0x4 ./FreeRTOS/Source/tasks.o
 .bss.xSuspendedTaskList
                0x00000000200001ac       0x14 ./FreeRTOS/Source/tasks.o
 .bss.uxCurrentNumberOfTasks
                0x00000000200001c0        0x4 ./FreeRTOS/Source/tasks.o
 .bss.xTickCount
                0x00000000200001c4        0x4 ./FreeRTOS/Source/tasks.o
 .bss.uxTopReadyPriority
                0x00000000200001c8        0x4 ./FreeRTOS/Source/tasks.o
 .bss.xSchedulerRunning
                0x00000000200001cc        0x4 ./FreeRTOS/Source/tasks.o
 .bss.xPendedTicks
                0x00000000200001d0        0x4 ./FreeRTOS/Source/tasks.o
 .bss.xYieldPending
                0x00000000200001d4        0x4 ./FreeRTOS/Source/tasks.o
 .bss.xNumOfOverflows
                0x00000000200001d8        0x4 ./FreeRTOS/Source/tasks.o
 .bss.uxTaskNumber
                0x00000000200001dc        0x4 ./FreeRTOS/Source/tasks.o
 .bss.xNextTaskUnblockTime
                0x00000000200001e0        0x4 ./FreeRTOS/Source/tasks.o
 .bss.xIdleTaskHandle
                0x00000000200001e4        0x4 ./FreeRTOS/Source/tasks.o
 .bss.uxSchedulerSuspended
                0x00000000200001e8        0x4 ./FreeRTOS/Source/tasks.o
 .bss.xActiveTimerList1
                0x00000000200001ec       0x14 ./FreeRTOS/Source/timers.o
 .bss.xActiveTimerList2
                0x0000000020000200       0x14 ./FreeRTOS/Source/timers.o
 .bss.pxCurrentTimerList
                0x0000000020000214        0x4 ./FreeRTOS/Source/timers.o
 .bss.pxOverflowTimerList
                0x0000000020000218        0x4 ./FreeRTOS/Source/timers.o
 .bss.xTimerQueue
                0x000000002000021c        0x4 ./FreeRTOS/Source/timers.o
 .bss.xTimerTaskHandle
                0x0000000020000220        0x4 ./FreeRTOS/Source/timers.o
 .bss.xLastTime.0
                0x0000000020000224        0x4 ./FreeRTOS/Source/timers.o
 .bss.ucMaxSysCallPriority
                0x0000000020000228        0x1 ./FreeRTOS/Source/portable/GCC/ARM_CM4F/port.o
 *fill*         0x0000000020000229        0x3 
 .bss.ulMaxPRIGROUPValue
                0x000000002000022c        0x4 ./FreeRTOS/Source/portable/GCC/ARM_CM4F/port.o
 .bss.ucHeap    0x0000000020000230    0x12c00 ./FreeRTOS/Source/portable/MemMang/heap_1.o
 .bss.xNextFreeByte
                0x0000000020012e30        0x4 ./FreeRTOS/Source/portable/MemMang/heap_1.o
 .bss.pucAlignedHeap.0
                0x0000000020012e34        0x4 ./FreeRTOS/Source/portable/MemMang/heap_1.o
 .bss.aNvic_Hn  0x0000000020012e38        0x5 ./Src/main.o
                0x0000000020012e38                aNvic_Hn
 *fill*         0x0000000020012e3d        0x3 
 .bss.aUART2pin
                0x0000000020012e40       0x10 ./Src/main.o
                0x0000000020012e40                aUART2pin
 .bss.aUSART2_hn
                0x0000000020012e50       0x24 ./Src/main.o
                0x0000000020012e50                aUSART2_hn
 .bss.__sbrk_heap_end
                0x0000000020012e74        0x4 ./Src/sysmem.o
 .bss.SCB_SubPriBits
                0x0000000020012e78        0x1 ./drivers/cortex_m4_MCAL/src/cortex_m4.o
                0x0000000020012e78                SCB_SubPriBits
 *fill*         0x0000000020012e79        0x3 
 .bss.EXTI_CallBack
                0x0000000020012e7c       0x40 ./drivers/stm32f407x_MCAL/src/stm32f407x_gpio_exti.o
                0x0000000020012e7c                EXTI_CallBack
 .bss.__sf      0x0000000020012ebc      0x138 /opt/st/stm32cubeide_1.14.0_2/plugins/com.st.stm32cube.ide.mcu.externaltools.gnu-tools-for-stm32.11.3.rel1.linux64_1.1.100.202309141235/tools/bin/../lib/gcc/arm-none-eabi/11.3.1/../../../../arm-none-eabi/lib/thumb/v7e-m+fp/hard/libc_nano.a(libc_a-findfp.o)
                0x0000000020012ebc                __sf
 .bss.__stdio_exit_handler
                0x0000000020012ff4        0x4 /opt/st/stm32cubeide_1.14.0_2/plugins/com.st.stm32cube.ide.mcu.externaltools.gnu-tools-for-stm32.11.3.rel1.linux64_1.1.100.202309141235/tools/bin/../lib/gcc/arm-none-eabi/11.3.1/../../../../arm-none-eabi/lib/thumb/v7e-m+fp/hard/libc_nano.a(libc_a-findfp.o)
                0x0000000020012ff4                __stdio_exit_handler
 .bss.errno     0x0000000020012ff8        0x4 /opt/st/stm32cubeide_1.14.0_2/plugins/com.st.stm32cube.ide.mcu.externaltools.gnu-tools-for-stm32.11.3.rel1.linux64_1.1.100.202309141235/tools/bin/../lib/gcc/arm-none-eabi/11.3.1/../../../../arm-none-eabi/lib/thumb/v7e-m+fp/hard/libc_nano.a(libc_a-reent.o)
                0x0000000020012ff8                errno
 .bss.__lock___malloc_recursive_mutex
                0x0000000020012ffc        0x1 /opt/st/stm32cubeide_1.14.0_2/plugins/com.st.stm32cube.ide.mcu.externaltools.gnu-tools-for-stm32.11.3.rel1.linux64_1.1.100.202309141235/tools/bin/../lib/gcc/arm-none-eabi/11.3.1/../../../../arm-none-eabi/lib/thumb/v7e-m+fp/hard/libc_nano.a(libc_a-lock.o)
                0x0000000020012ffc                __lock___malloc_recursive_mutex
 .bss.__lock___sfp_recursive_mutex
                0x0000000020012ffd        0x1 /opt/st/stm32cubeide_1.14.0_2/plugins/com.st.stm32cube.ide.mcu.externaltools.gnu-tools-for-stm32.11.3.rel1.linux64_1.1.100.202309141235/tools/bin/../lib/gcc/arm-none-eabi/11.3.1/../../../../arm-none-eabi/lib/thumb/v7e-m+fp/hard/libc_nano.a(libc_a-lock.o)
                0x0000000020012ffd                __lock___sfp_recursive_mutex
 *fill*         0x0000000020012ffe        0x2 
 .bss.__malloc_free_list
                0x0000000020013000        0x4 /opt/st/stm32cubeide_1.14.0_2/plugins/com.st.stm32cube.ide.mcu.externaltools.gnu-tools-for-stm32.11.3.rel1.linux64_1.1.100.202309141235/tools/bin/../lib/gcc/arm-none-eabi/11.3.1/../../../../arm-none-eabi/lib/thumb/v7e-m+fp/hard/libc_nano.a(libc_a-mallocr.o)
                0x0000000020013000                __malloc_free_list
 .bss.__malloc_sbrk_start
                0x0000000020013004        0x4 /opt/st/stm32cubeide_1.14.0_2/plugins/com.st.stm32cube.ide.mcu.externaltools.gnu-tools-for-stm32.11.3.rel1.linux64_1.1.100.202309141235/tools/bin/../lib/gcc/arm-none-eabi/11.3.1/../../../../arm-none-eabi/lib/thumb/v7e-m+fp/hard/libc_nano.a(libc_a-mallocr.o)
                0x0000000020013004                __malloc_sbrk_start
 *(COMMON)
                0x0000000020013008                . = ALIGN (0x4)
                0x0000000020013008                _ebss = .
                0x0000000020013008                __bss_end__ = _ebss

._user_heap_stack
                0x0000000020013008      0x600
                0x0000000020013008                . = ALIGN (0x8)
                [!provide]                        PROVIDE (end = .)
                0x0000000020013008                PROVIDE (_end = .)
                0x0000000020013208                . = (. + _Min_Heap_Size)
 *fill*         0x0000000020013008      0x200 
                0x0000000020013608                . = (. + _Min_Stack_Size)
 *fill*         0x0000000020013208      0x400 
                0x0000000020013608                . = ALIGN (0x8)

/DISCARD/
 libc.a(*)
 libm.a(*)
 libgcc.a(*)

.ARM.attributes
                0x0000000000000000       0x30
 *(.ARM.attributes)
 .ARM.attributes
                0x0000000000000000       0x1e /opt/st/stm32cubeide_1.14.0_2/plugins/com.st.stm32cube.ide.mcu.externaltools.gnu-tools-for-stm32.11.3.rel1.linux64_1.1.100.202309141235/tools/bin/../lib/gcc/arm-none-eabi/11.3.1/thumb/v7e-m+fp/hard/crti.o
 .ARM.attributes
                0x000000000000001e       0x34 /opt/st/stm32cubeide_1.14.0_2/plugins/com.st.stm32cube.ide.mcu.externaltools.gnu-tools-for-stm32.11.3.rel1.linux64_1.1.100.202309141235/tools/bin/../lib/gcc/arm-none-eabi/11.3.1/thumb/v7e-m+fp/hard/crtbegin.o
 .ARM.attributes
                0x0000000000000052       0x34 ./FreeRTOS/Source/list.o
 .ARM.attributes
                0x0000000000000086       0x34 ./FreeRTOS/Source/queue.o
 .ARM.attributes
                0x00000000000000ba       0x34 ./FreeRTOS/Source/tasks.o
 .ARM.attributes
                0x00000000000000ee       0x34 ./FreeRTOS/Source/timers.o
 .ARM.attributes
                0x0000000000000122       0x34 ./FreeRTOS/Source/portable/GCC/ARM_CM4F/port.o
 .ARM.attributes
                0x0000000000000156       0x34 ./FreeRTOS/Source/portable/MemMang/heap_1.o
 .ARM.attributes
                0x000000000000018a       0x34 ./Src/it.o
 .ARM.attributes
                0x00000000000001be       0x34 ./Src/main.o
 .ARM.attributes
                0x00000000000001f2       0x34 ./Src/syscalls.o
 .ARM.attributes
                0x0000000000000226       0x34 ./Src/sysmem.o
 .ARM.attributes
                0x000000000000025a       0x21 ./Startup/startup_stm32f407vgtx.o
 .ARM.attributes
                0x000000000000027b       0x34 ./drivers/cortex_m4_MCAL/src/cortex_m4.o
 .ARM.attributes
                0x00000000000002af       0x34 ./drivers/cortex_m4_drivers/src/cortexm4_nvic.o
 .ARM.attributes
                0x00000000000002e3       0x34 ./drivers/stm32f407x_MCAL/src/stm32f407x_gpio_exti.o
 .ARM.attributes
                0x0000000000000317       0x34 ./drivers/stm32f407x_MCAL/src/stm32f407x_rcc.o
 .ARM.attributes
                0x000000000000034b       0x34 ./drivers/stm32f407x_MCAL/src/stm32f407x_usart.o
 .ARM.attributes
                0x000000000000037f       0x34 ./drivers/stm32f407x_drivers/src/stm32f4xxx_gpio.o
 .ARM.attributes
                0x00000000000003b3       0x34 ./drivers/stm32f407x_drivers/src/stm32f4xxx_rcc.o
 .ARM.attributes
                0x00000000000003e7       0x34 ./drivers/stm32f407x_drivers/src/stm32f4xxx_usart.o
 .ARM.attributes
                0x000000000000041b       0x34 /opt/st/stm32cubeide_1.14.0_2/plugins/com.st.stm32cube.ide.mcu.externaltools.gnu-tools-for-stm32.11.3.rel1.linux64_1.1.100.202309141235/tools/bin/../lib/gcc/arm-none-eabi/11.3.1/../../../../arm-none-eabi/lib/thumb/v7e-m+fp/hard/libc_nano.a(libc_a-findfp.o)
 .ARM.attributes
                0x000000000000044f       0x34 /opt/st/stm32cubeide_1.14.0_2/plugins/com.st.stm32cube.ide.mcu.externaltools.gnu-tools-for-stm32.11.3.rel1.linux64_1.1.100.202309141235/tools/bin/../lib/gcc/arm-none-eabi/11.3.1/../../../../arm-none-eabi/lib/thumb/v7e-m+fp/hard/libc_nano.a(libc_a-fwalk.o)
 .ARM.attributes
                0x0000000000000483       0x34 /opt/st/stm32cubeide_1.14.0_2/plugins/com.st.stm32cube.ide.mcu.externaltools.gnu-tools-for-stm32.11.3.rel1.linux64_1.1.100.202309141235/tools/bin/../lib/gcc/arm-none-eabi/11.3.1/../../../../arm-none-eabi/lib/thumb/v7e-m+fp/hard/libc_nano.a(libc_a-printf.o)
 .ARM.attributes
                0x00000000000004b7       0x34 /opt/st/stm32cubeide_1.14.0_2/plugins/com.st.stm32cube.ide.mcu.externaltools.gnu-tools-for-stm32.11.3.rel1.linux64_1.1.100.202309141235/tools/bin/../lib/gcc/arm-none-eabi/11.3.1/../../../../arm-none-eabi/lib/thumb/v7e-m+fp/hard/libc_nano.a(libc_a-puts.o)
 .ARM.attributes
                0x00000000000004eb       0x34 /opt/st/stm32cubeide_1.14.0_2/plugins/com.st.stm32cube.ide.mcu.externaltools.gnu-tools-for-stm32.11.3.rel1.linux64_1.1.100.202309141235/tools/bin/../lib/gcc/arm-none-eabi/11.3.1/../../../../arm-none-eabi/lib/thumb/v7e-m+fp/hard/libc_nano.a(libc_a-stdio.o)
 .ARM.attributes
                0x000000000000051f       0x34 /opt/st/stm32cubeide_1.14.0_2/plugins/com.st.stm32cube.ide.mcu.externaltools.gnu-tools-for-stm32.11.3.rel1.linux64_1.1.100.202309141235/tools/bin/../lib/gcc/arm-none-eabi/11.3.1/../../../../arm-none-eabi/lib/thumb/v7e-m+fp/hard/libc_nano.a(libc_a-wbuf.o)
 .ARM.attributes
                0x0000000000000553       0x34 /opt/st/stm32cubeide_1.14.0_2/plugins/com.st.stm32cube.ide.mcu.externaltools.gnu-tools-for-stm32.11.3.rel1.linux64_1.1.100.202309141235/tools/bin/../lib/gcc/arm-none-eabi/11.3.1/../../../../arm-none-eabi/lib/thumb/v7e-m+fp/hard/libc_nano.a(libc_a-wsetup.o)
 .ARM.attributes
                0x0000000000000587       0x34 /opt/st/stm32cubeide_1.14.0_2/plugins/com.st.stm32cube.ide.mcu.externaltools.gnu-tools-for-stm32.11.3.rel1.linux64_1.1.100.202309141235/tools/bin/../lib/gcc/arm-none-eabi/11.3.1/../../../../arm-none-eabi/lib/thumb/v7e-m+fp/hard/libc_nano.a(libc_a-memset.o)
 .ARM.attributes
                0x00000000000005bb       0x34 /opt/st/stm32cubeide_1.14.0_2/plugins/com.st.stm32cube.ide.mcu.externaltools.gnu-tools-for-stm32.11.3.rel1.linux64_1.1.100.202309141235/tools/bin/../lib/gcc/arm-none-eabi/11.3.1/../../../../arm-none-eabi/lib/thumb/v7e-m+fp/hard/libc_nano.a(libc_a-closer.o)
 .ARM.attributes
                0x00000000000005ef       0x34 /opt/st/stm32cubeide_1.14.0_2/plugins/com.st.stm32cube.ide.mcu.externaltools.gnu-tools-for-stm32.11.3.rel1.linux64_1.1.100.202309141235/tools/bin/../lib/gcc/arm-none-eabi/11.3.1/../../../../arm-none-eabi/lib/thumb/v7e-m+fp/hard/libc_nano.a(libc_a-reent.o)
 .ARM.attributes
                0x0000000000000623       0x34 /opt/st/stm32cubeide_1.14.0_2/plugins/com.st.stm32cube.ide.mcu.externaltools.gnu-tools-for-stm32.11.3.rel1.linux64_1.1.100.202309141235/tools/bin/../lib/gcc/arm-none-eabi/11.3.1/../../../../arm-none-eabi/lib/thumb/v7e-m+fp/hard/libc_nano.a(libc_a-impure.o)
 .ARM.attributes
                0x0000000000000657       0x34 /opt/st/stm32cubeide_1.14.0_2/plugins/com.st.stm32cube.ide.mcu.externaltools.gnu-tools-for-stm32.11.3.rel1.linux64_1.1.100.202309141235/tools/bin/../lib/gcc/arm-none-eabi/11.3.1/../../../../arm-none-eabi/lib/thumb/v7e-m+fp/hard/libc_nano.a(libc_a-lseekr.o)
 .ARM.attributes
                0x000000000000068b       0x34 /opt/st/stm32cubeide_1.14.0_2/plugins/com.st.stm32cube.ide.mcu.externaltools.gnu-tools-for-stm32.11.3.rel1.linux64_1.1.100.202309141235/tools/bin/../lib/gcc/arm-none-eabi/11.3.1/../../../../arm-none-eabi/lib/thumb/v7e-m+fp/hard/libc_nano.a(libc_a-readr.o)
 .ARM.attributes
                0x00000000000006bf       0x34 /opt/st/stm32cubeide_1.14.0_2/plugins/com.st.stm32cube.ide.mcu.externaltools.gnu-tools-for-stm32.11.3.rel1.linux64_1.1.100.202309141235/tools/bin/../lib/gcc/arm-none-eabi/11.3.1/../../../../arm-none-eabi/lib/thumb/v7e-m+fp/hard/libc_nano.a(libc_a-writer.o)
 .ARM.attributes
                0x00000000000006f3       0x34 /opt/st/stm32cubeide_1.14.0_2/plugins/com.st.stm32cube.ide.mcu.externaltools.gnu-tools-for-stm32.11.3.rel1.linux64_1.1.100.202309141235/tools/bin/../lib/gcc/arm-none-eabi/11.3.1/../../../../arm-none-eabi/lib/thumb/v7e-m+fp/hard/libc_nano.a(libc_a-errno.o)
 .ARM.attributes
                0x0000000000000727       0x34 /opt/st/stm32cubeide_1.14.0_2/plugins/com.st.stm32cube.ide.mcu.externaltools.gnu-tools-for-stm32.11.3.rel1.linux64_1.1.100.202309141235/tools/bin/../lib/gcc/arm-none-eabi/11.3.1/../../../../arm-none-eabi/lib/thumb/v7e-m+fp/hard/libc_nano.a(libc_a-init.o)
 .ARM.attributes
                0x000000000000075b       0x34 /opt/st/stm32cubeide_1.14.0_2/plugins/com.st.stm32cube.ide.mcu.externaltools.gnu-tools-for-stm32.11.3.rel1.linux64_1.1.100.202309141235/tools/bin/../lib/gcc/arm-none-eabi/11.3.1/../../../../arm-none-eabi/lib/thumb/v7e-m+fp/hard/libc_nano.a(libc_a-lock.o)
 .ARM.attributes
                0x000000000000078f       0x34 /opt/st/stm32cubeide_1.14.0_2/plugins/com.st.stm32cube.ide.mcu.externaltools.gnu-tools-for-stm32.11.3.rel1.linux64_1.1.100.202309141235/tools/bin/../lib/gcc/arm-none-eabi/11.3.1/../../../../arm-none-eabi/lib/thumb/v7e-m+fp/hard/libc_nano.a(libc_a-memcpy-stub.o)
 .ARM.attributes
                0x00000000000007c3       0x17 /opt/st/stm32cubeide_1.14.0_2/plugins/com.st.stm32cube.ide.mcu.externaltools.gnu-tools-for-stm32.11.3.rel1.linux64_1.1.100.202309141235/tools/bin/../lib/gcc/arm-none-eabi/11.3.1/../../../../arm-none-eabi/lib/thumb/v7e-m+fp/hard/libc_nano.a(libc_a-strlen.o)
 .ARM.attributes
                0x00000000000007da       0x34 /opt/st/stm32cubeide_1.14.0_2/plugins/com.st.stm32cube.ide.mcu.externaltools.gnu-tools-for-stm32.11.3.rel1.linux64_1.1.100.202309141235/tools/bin/../lib/gcc/arm-none-eabi/11.3.1/../../../../arm-none-eabi/lib/thumb/v7e-m+fp/hard/libc_nano.a(libc_a-freer.o)
 .ARM.attributes
                0x000000000000080e       0x34 /opt/st/stm32cubeide_1.14.0_2/plugins/com.st.stm32cube.ide.mcu.externaltools.gnu-tools-for-stm32.11.3.rel1.linux64_1.1.100.202309141235/tools/bin/../lib/gcc/arm-none-eabi/11.3.1/../../../../arm-none-eabi/lib/thumb/v7e-m+fp/hard/libc_nano.a(libc_a-mallocr.o)
 .ARM.attributes
                0x0000000000000842       0x34 /opt/st/stm32cubeide_1.14.0_2/plugins/com.st.stm32cube.ide.mcu.externaltools.gnu-tools-for-stm32.11.3.rel1.linux64_1.1.100.202309141235/tools/bin/../lib/gcc/arm-none-eabi/11.3.1/../../../../arm-none-eabi/lib/thumb/v7e-m+fp/hard/libc_nano.a(libc_a-mlock.o)
 .ARM.attributes
                0x0000000000000876       0x34 /opt/st/stm32cubeide_1.14.0_2/plugins/com.st.stm32cube.ide.mcu.externaltools.gnu-tools-for-stm32.11.3.rel1.linux64_1.1.100.202309141235/tools/bin/../lib/gcc/arm-none-eabi/11.3.1/../../../../arm-none-eabi/lib/thumb/v7e-m+fp/hard/libc_nano.a(libc_a-nano-vfprintf.o)
 .ARM.attributes
                0x00000000000008aa       0x34 /opt/st/stm32cubeide_1.14.0_2/plugins/com.st.stm32cube.ide.mcu.externaltools.gnu-tools-for-stm32.11.3.rel1.linux64_1.1.100.202309141235/tools/bin/../lib/gcc/arm-none-eabi/11.3.1/../../../../arm-none-eabi/lib/thumb/v7e-m+fp/hard/libc_nano.a(libc_a-nano-vfprintf_i.o)
 .ARM.attributes
                0x00000000000008de       0x34 /opt/st/stm32cubeide_1.14.0_2/plugins/com.st.stm32cube.ide.mcu.externaltools.gnu-tools-for-stm32.11.3.rel1.linux64_1.1.100.202309141235/tools/bin/../lib/gcc/arm-none-eabi/11.3.1/../../../../arm-none-eabi/lib/thumb/v7e-m+fp/hard/libc_nano.a(libc_a-fflush.o)
 .ARM.attributes
                0x0000000000000912       0x34 /opt/st/stm32cubeide_1.14.0_2/plugins/com.st.stm32cube.ide.mcu.externaltools.gnu-tools-for-stm32.11.3.rel1.linux64_1.1.100.202309141235/tools/bin/../lib/gcc/arm-none-eabi/11.3.1/../../../../arm-none-eabi/lib/thumb/v7e-m+fp/hard/libc_nano.a(libc_a-makebuf.o)
 .ARM.attributes
                0x0000000000000946       0x34 /opt/st/stm32cubeide_1.14.0_2/plugins/com.st.stm32cube.ide.mcu.externaltools.gnu-tools-for-stm32.11.3.rel1.linux64_1.1.100.202309141235/tools/bin/../lib/gcc/arm-none-eabi/11.3.1/../../../../arm-none-eabi/lib/thumb/v7e-m+fp/hard/libc_nano.a(libc_a-fstatr.o)
 .ARM.attributes
                0x000000000000097a       0x34 /opt/st/stm32cubeide_1.14.0_2/plugins/com.st.stm32cube.ide.mcu.externaltools.gnu-tools-for-stm32.11.3.rel1.linux64_1.1.100.202309141235/tools/bin/../lib/gcc/arm-none-eabi/11.3.1/../../../../arm-none-eabi/lib/thumb/v7e-m+fp/hard/libc_nano.a(libc_a-isattyr.o)
 .ARM.attributes
                0x00000000000009ae       0x34 /opt/st/stm32cubeide_1.14.0_2/plugins/com.st.stm32cube.ide.mcu.externaltools.gnu-tools-for-stm32.11.3.rel1.linux64_1.1.100.202309141235/tools/bin/../lib/gcc/arm-none-eabi/11.3.1/../../../../arm-none-eabi/lib/thumb/v7e-m+fp/hard/libc_nano.a(libc_a-sbrkr.o)
 .ARM.attributes
                0x00000000000009e2       0x1c /opt/st/stm32cubeide_1.14.0_2/plugins/com.st.stm32cube.ide.mcu.externaltools.gnu-tools-for-stm32.11.3.rel1.linux64_1.1.100.202309141235/tools/bin/../lib/gcc/arm-none-eabi/11.3.1/../../../../arm-none-eabi/lib/thumb/v7e-m+fp/hard/libc_nano.a(libc_a-memchr.o)
 .ARM.attributes
                0x00000000000009fe       0x1e /opt/st/stm32cubeide_1.14.0_2/plugins/com.st.stm32cube.ide.mcu.externaltools.gnu-tools-for-stm32.11.3.rel1.linux64_1.1.100.202309141235/tools/bin/../lib/gcc/arm-none-eabi/11.3.1/thumb/v7e-m+fp/hard/crtn.o
OUTPUT(freertos_with_stm32f407.elf elf32-littlearm)
LOAD linker stubs
LOAD /opt/st/stm32cubeide_1.14.0_2/plugins/com.st.stm32cube.ide.mcu.externaltools.gnu-tools-for-stm32.11.3.rel1.linux64_1.1.100.202309141235/tools/bin/../lib/gcc/arm-none-eabi/11.3.1/../../../../arm-none-eabi/lib/thumb/v7e-m+fp/hard/libc.a
LOAD /opt/st/stm32cubeide_1.14.0_2/plugins/com.st.stm32cube.ide.mcu.externaltools.gnu-tools-for-stm32.11.3.rel1.linux64_1.1.100.202309141235/tools/bin/../lib/gcc/arm-none-eabi/11.3.1/../../../../arm-none-eabi/lib/thumb/v7e-m+fp/hard/libm.a
LOAD /opt/st/stm32cubeide_1.14.0_2/plugins/com.st.stm32cube.ide.mcu.externaltools.gnu-tools-for-stm32.11.3.rel1.linux64_1.1.100.202309141235/tools/bin/../lib/gcc/arm-none-eabi/11.3.1/thumb/v7e-m+fp/hard/libgcc.a

.comment        0x0000000000000000       0x43
 .comment       0x0000000000000000       0x43 /opt/st/stm32cubeide_1.14.0_2/plugins/com.st.stm32cube.ide.mcu.externaltools.gnu-tools-for-stm32.11.3.rel1.linux64_1.1.100.202309141235/tools/bin/../lib/gcc/arm-none-eabi/11.3.1/thumb/v7e-m+fp/hard/crtbegin.o
                                         0x44 (size before relaxing)
 .comment       0x0000000000000043       0x44 ./FreeRTOS/Source/list.o
 .comment       0x0000000000000043       0x44 ./FreeRTOS/Source/queue.o
 .comment       0x0000000000000043       0x44 ./FreeRTOS/Source/tasks.o
 .comment       0x0000000000000043       0x44 ./FreeRTOS/Source/timers.o
 .comment       0x0000000000000043       0x44 ./FreeRTOS/Source/portable/GCC/ARM_CM4F/port.o
 .comment       0x0000000000000043       0x44 ./FreeRTOS/Source/portable/MemMang/heap_1.o
 .comment       0x0000000000000043       0x44 ./Src/it.o
 .comment       0x0000000000000043       0x44 ./Src/main.o
 .comment       0x0000000000000043       0x44 ./Src/syscalls.o
 .comment       0x0000000000000043       0x44 ./Src/sysmem.o
 .comment       0x0000000000000043       0x44 ./drivers/cortex_m4_MCAL/src/cortex_m4.o
 .comment       0x0000000000000043       0x44 ./drivers/cortex_m4_drivers/src/cortexm4_nvic.o
 .comment       0x0000000000000043       0x44 ./drivers/stm32f407x_MCAL/src/stm32f407x_gpio_exti.o
 .comment       0x0000000000000043       0x44 ./drivers/stm32f407x_MCAL/src/stm32f407x_rcc.o
 .comment       0x0000000000000043       0x44 ./drivers/stm32f407x_MCAL/src/stm32f407x_usart.o
 .comment       0x0000000000000043       0x44 ./drivers/stm32f407x_drivers/src/stm32f4xxx_gpio.o
 .comment       0x0000000000000043       0x44 ./drivers/stm32f407x_drivers/src/stm32f4xxx_rcc.o
 .comment       0x0000000000000043       0x44 ./drivers/stm32f407x_drivers/src/stm32f4xxx_usart.o

.debug_info     0x0000000000000000     0x9f36
 .debug_info    0x0000000000000000      0x2af ./FreeRTOS/Source/list.o
 .debug_info    0x00000000000002af     0x180d ./FreeRTOS/Source/queue.o
 .debug_info    0x0000000000001abc     0x2457 ./FreeRTOS/Source/tasks.o
 .debug_info    0x0000000000003f13      0xdf6 ./FreeRTOS/Source/timers.o
 .debug_info    0x0000000000004d09      0x4d5 ./FreeRTOS/Source/portable/GCC/ARM_CM4F/port.o
 .debug_info    0x00000000000051de      0x1df ./FreeRTOS/Source/portable/MemMang/heap_1.o
 .debug_info    0x00000000000053bd      0x2df ./Src/it.o
 .debug_info    0x000000000000569c      0xd98 ./Src/main.o
 .debug_info    0x0000000000006434      0x6a3 ./Src/syscalls.o
 .debug_info    0x0000000000006ad7      0x168 ./Src/sysmem.o
 .debug_info    0x0000000000006c3f       0x23 ./Startup/startup_stm32f407vgtx.o
 .debug_info    0x0000000000006c62      0x2e0 ./drivers/cortex_m4_MCAL/src/cortex_m4.o
 .debug_info    0x0000000000006f42      0x6ec ./drivers/cortex_m4_drivers/src/cortexm4_nvic.o
 .debug_info    0x000000000000762e      0x6b2 ./drivers/stm32f407x_MCAL/src/stm32f407x_gpio_exti.o
 .debug_info    0x0000000000007ce0      0x7d8 ./drivers/stm32f407x_MCAL/src/stm32f407x_rcc.o
 .debug_info    0x00000000000084b8      0x5cf ./drivers/stm32f407x_MCAL/src/stm32f407x_usart.o
 .debug_info    0x0000000000008a87      0x64f ./drivers/stm32f407x_drivers/src/stm32f4xxx_gpio.o
 .debug_info    0x00000000000090d6      0x6a2 ./drivers/stm32f407x_drivers/src/stm32f4xxx_rcc.o
 .debug_info    0x0000000000009778      0x7be ./drivers/stm32f407x_drivers/src/stm32f4xxx_usart.o

.debug_abbrev   0x0000000000000000     0x1e24
 .debug_abbrev  0x0000000000000000       0xf5 ./FreeRTOS/Source/list.o
 .debug_abbrev  0x00000000000000f5      0x323 ./FreeRTOS/Source/queue.o
 .debug_abbrev  0x0000000000000418      0x37c ./FreeRTOS/Source/tasks.o
 .debug_abbrev  0x0000000000000794      0x2cb ./FreeRTOS/Source/timers.o
 .debug_abbrev  0x0000000000000a5f      0x247 ./FreeRTOS/Source/portable/GCC/ARM_CM4F/port.o
 .debug_abbrev  0x0000000000000ca6      0x15f ./FreeRTOS/Source/portable/MemMang/heap_1.o
 .debug_abbrev  0x0000000000000e05       0xea ./Src/it.o
 .debug_abbrev  0x0000000000000eef      0x234 ./Src/main.o
 .debug_abbrev  0x0000000000001123      0x1b6 ./Src/syscalls.o
 .debug_abbrev  0x00000000000012d9       0xbc ./Src/sysmem.o
 .debug_abbrev  0x0000000000001395       0x12 ./Startup/startup_stm32f407vgtx.o
 .debug_abbrev  0x00000000000013a7       0xe9 ./drivers/cortex_m4_MCAL/src/cortex_m4.o
 .debug_abbrev  0x0000000000001490      0x114 ./drivers/cortex_m4_drivers/src/cortexm4_nvic.o
 .debug_abbrev  0x00000000000015a4      0x14a ./drivers/stm32f407x_MCAL/src/stm32f407x_gpio_exti.o
 .debug_abbrev  0x00000000000016ee      0x1bb ./drivers/stm32f407x_MCAL/src/stm32f407x_rcc.o
 .debug_abbrev  0x00000000000018a9      0x181 ./drivers/stm32f407x_MCAL/src/stm32f407x_usart.o
 .debug_abbrev  0x0000000000001a2a      0x122 ./drivers/stm32f407x_drivers/src/stm32f4xxx_gpio.o
 .debug_abbrev  0x0000000000001b4c      0x108 ./drivers/stm32f407x_drivers/src/stm32f4xxx_rcc.o
 .debug_abbrev  0x0000000000001c54      0x1d0 ./drivers/stm32f407x_drivers/src/stm32f4xxx_usart.o

.debug_aranges  0x0000000000000000      0xae0
 .debug_aranges
                0x0000000000000000       0x40 ./FreeRTOS/Source/list.o
 .debug_aranges
                0x0000000000000040      0x130 ./FreeRTOS/Source/queue.o
 .debug_aranges
                0x0000000000000170      0x1f8 ./FreeRTOS/Source/tasks.o
 .debug_aranges
                0x0000000000000368       0xe0 ./FreeRTOS/Source/timers.o
 .debug_aranges
                0x0000000000000448       0x80 ./FreeRTOS/Source/portable/GCC/ARM_CM4F/port.o
 .debug_aranges
                0x00000000000004c8       0x38 ./FreeRTOS/Source/portable/MemMang/heap_1.o
 .debug_aranges
                0x0000000000000500       0x20 ./Src/it.o
 .debug_aranges
                0x0000000000000520       0x60 ./Src/main.o
 .debug_aranges
                0x0000000000000580       0xa8 ./Src/syscalls.o
 .debug_aranges
                0x0000000000000628       0x20 ./Src/sysmem.o
 .debug_aranges
                0x0000000000000648       0x28 ./Startup/startup_stm32f407vgtx.o
 .debug_aranges
                0x0000000000000670       0x60 ./drivers/cortex_m4_MCAL/src/cortex_m4.o
 .debug_aranges
                0x00000000000006d0       0x68 ./drivers/cortex_m4_drivers/src/cortexm4_nvic.o
 .debug_aranges
                0x0000000000000738       0xb8 ./drivers/stm32f407x_MCAL/src/stm32f407x_gpio_exti.o
 .debug_aranges
                0x00000000000007f0       0xf0 ./drivers/stm32f407x_MCAL/src/stm32f407x_rcc.o
 .debug_aranges
                0x00000000000008e0      0x100 ./drivers/stm32f407x_MCAL/src/stm32f407x_usart.o
 .debug_aranges
                0x00000000000009e0       0x38 ./drivers/stm32f407x_drivers/src/stm32f4xxx_gpio.o
 .debug_aranges
                0x0000000000000a18       0x80 ./drivers/stm32f407x_drivers/src/stm32f4xxx_rcc.o
 .debug_aranges
                0x0000000000000a98       0x48 ./drivers/stm32f407x_drivers/src/stm32f4xxx_usart.o

.debug_rnglists
                0x0000000000000000      0x80c
 .debug_rnglists
                0x0000000000000000       0x2b ./FreeRTOS/Source/list.o
 .debug_rnglists
                0x000000000000002b       0xec ./FreeRTOS/Source/queue.o
 .debug_rnglists
                0x0000000000000117      0x195 ./FreeRTOS/Source/tasks.o
 .debug_rnglists
                0x00000000000002ac       0xa7 ./FreeRTOS/Source/timers.o
 .debug_rnglists
                0x0000000000000353       0x5d ./FreeRTOS/Source/portable/GCC/ARM_CM4F/port.o
 .debug_rnglists
                0x00000000000003b0       0x26 ./FreeRTOS/Source/portable/MemMang/heap_1.o
 .debug_rnglists
                0x00000000000003d6       0x13 ./Src/it.o
 .debug_rnglists
                0x00000000000003e9       0x43 ./Src/main.o
 .debug_rnglists
                0x000000000000042c       0x79 ./Src/syscalls.o
 .debug_rnglists
                0x00000000000004a5       0x13 ./Src/sysmem.o
 .debug_rnglists
                0x00000000000004b8       0x19 ./Startup/startup_stm32f407vgtx.o
 .debug_rnglists
                0x00000000000004d1       0x44 ./drivers/cortex_m4_MCAL/src/cortex_m4.o
 .debug_rnglists
                0x0000000000000515       0x49 ./drivers/cortex_m4_drivers/src/cortexm4_nvic.o
 .debug_rnglists
                0x000000000000055e       0x89 ./drivers/stm32f407x_MCAL/src/stm32f407x_gpio_exti.o
 .debug_rnglists
                0x00000000000005e7       0xb1 ./drivers/stm32f407x_MCAL/src/stm32f407x_rcc.o
 .debug_rnglists
                0x0000000000000698       0xbc ./drivers/stm32f407x_MCAL/src/stm32f407x_usart.o
 .debug_rnglists
                0x0000000000000754       0x26 ./drivers/stm32f407x_drivers/src/stm32f4xxx_gpio.o
 .debug_rnglists
                0x000000000000077a       0x5b ./drivers/stm32f407x_drivers/src/stm32f4xxx_rcc.o
 .debug_rnglists
                0x00000000000007d5       0x37 ./drivers/stm32f407x_drivers/src/stm32f4xxx_usart.o

.debug_macro    0x0000000000000000     0x2c9a
 .debug_macro   0x0000000000000000      0x198 ./FreeRTOS/Source/list.o
 .debug_macro   0x0000000000000198      0x221 ./FreeRTOS/Source/queue.o
 .debug_macro   0x00000000000003b9       0x16 ./FreeRTOS/Source/queue.o
 .debug_macro   0x00000000000003cf       0x35 ./FreeRTOS/Source/queue.o
 .debug_macro   0x0000000000000404       0x20 ./FreeRTOS/Source/queue.o
 .debug_macro   0x0000000000000424       0x80 ./FreeRTOS/Source/queue.o
 .debug_macro   0x00000000000004a4      0x27e ./FreeRTOS/Source/tasks.o