../drivers/stm32f407x_MCAL/src/stm32f407x_gpio_exti.c:20:6:MCAL_GPIO_SelectPort	24	static
../drivers/stm32f407x_MCAL/src/stm32f407x_gpio_exti.c:39:6:MCAL_GPIO_SetPinMode	24	static
../drivers/stm32f407x_MCAL/src/stm32f407x_gpio_exti.c:53:6:MCAL_GPIO_SelectSpeed	24	static
../drivers/stm32f407x_MCAL/src/stm32f407x_gpio_exti.c:65:6:MCAL_GPIO_SetPullUpPullDown	24	static
../drivers/stm32f407x_MCAL/src/stm32f407x_gpio_exti.c:78:6:MCAL_GPIO_SelectPinOutputType	24	static
../drivers/stm32f407x_MCAL/src/stm32f407x_gpio_exti.c:88:6:MCAL_GPIO_SetAltFuncMode	24	static
../drivers/stm32f407x_MCAL/src/stm32f407x_gpio_exti.c:107:6:MCAL_GPIO_WritePin	24	static
../drivers/stm32f407x_MCAL/src/stm32f407x_gpio_exti.c:119:6:MCAL_GPIO_ReadPin	32	static
../drivers/stm32f407x_MCAL/src/stm32f407x_gpio_exti.c:130:6:MCAL_GPIO_TogglePin	24	static
../drivers/stm32f407x_MCAL/src/stm32f407x_gpio_exti.c:143:6:MCAL_EXTI_SetEdgeTrig	24	static
../drivers/stm32f407x_MCAL/src/stm32f407x_gpio_exti.c:179:6:MCAL_SYSCFG_SellectEXTIChannel	24	static
../drivers/stm32f407x_MCAL/src/stm32f407x_gpio_exti.c:194:6:MCAL_EXTI_EnableLine	24	static
../drivers/stm32f407x_MCAL/src/stm32f407x_gpio_exti.c:206:6:MCAL_EXTI_SetCallBack	24	static
../drivers/stm32f407x_MCAL/src/stm32f407x_gpio_exti.c:221:6:EXTI0_IRQHandler	8	static
../drivers/stm32f407x_MCAL/src/stm32f407x_gpio_exti.c:236:6:EXTI1_IRQHandler	8	static
../drivers/stm32f407x_MCAL/src/stm32f407x_gpio_exti.c:249:6:EXTI2_IRQHandler	8	static
../drivers/stm32f407x_MCAL/src/stm32f407x_gpio_exti.c:261:6:EXTI3_IRQHandler	8	static
../drivers/stm32f407x_MCAL/src/stm32f407x_gpio_exti.c:273:6:EXTI4_IRQHandler	8	static
../drivers/stm32f407x_MCAL/src/stm32f407x_gpio_exti.c:287:6:EXTI9_5_IRQHandler	8	static
../drivers/stm32f407x_MCAL/src/stm32f407x_gpio_exti.c:340:6:EXTI15_10_IRQHandler	8	static
