../drivers/stm32f407x_MCAL/src/stm32f407x_rcc.c:32:6:MCAL_RCC_SetAHBPrescaller	16	static
../drivers/stm32f407x_MCAL/src/stm32f407x_rcc.c:38:6:MCAL_RCC_SetAPB1Prescaller	16	static
../drivers/stm32f407x_MCAL/src/stm32f407x_rcc.c:44:6:MCAL_RCC_SetAPB2Prescaller	16	static
../drivers/stm32f407x_MCAL/src/stm32f407x_rcc.c:52:6:MCAL_RCC_SelectSystemClockSource	24	static
../drivers/stm32f407x_MCAL/src/stm32f407x_rcc.c:87:6:MCAL_RCC_AHB1PeriphClockEnable	24	static
../drivers/stm32f407x_MCAL/src/stm32f407x_rcc.c:99:6:MCAL_RCC_AHB2PeriphClockEnable	24	static
../drivers/stm32f407x_MCAL/src/stm32f407x_rcc.c:111:6:MCAL_RCC_APB1PeriphClockEnable	24	static
../drivers/stm32f407x_MCAL/src/stm32f407x_rcc.c:123:6:MCAL_RCC_APB2PeriphClockEnable	24	static
../drivers/stm32f407x_MCAL/src/stm32f407x_rcc.c:135:6:MCAL_RCC_AHB1PeriphClockDisable	24	static
../drivers/stm32f407x_MCAL/src/stm32f407x_rcc.c:147:6:MCAL_RCC_AHB2PeriphClockDisable	24	static
../drivers/stm32f407x_MCAL/src/stm32f407x_rcc.c:159:6:MCAL_RCC_APB1PeriphClockDisable	24	static
../drivers/stm32f407x_MCAL/src/stm32f407x_rcc.c:170:6:MCAL_RCC_AHB1PeriphReset	24	static
../drivers/stm32f407x_MCAL/src/stm32f407x_rcc.c:181:6:MCAL_RCC_APB2PeriphClockDisable	24	static
../drivers/stm32f407x_MCAL/src/stm32f407x_rcc.c:192:6:MCAL_RCC_AHB2PeriphReset	24	static
../drivers/stm32f407x_MCAL/src/stm32f407x_rcc.c:205:6:MCAL_RCC_APB1PeriphReset	24	static
../drivers/stm32f407x_MCAL/src/stm32f407x_rcc.c:218:6:MCAL_RCC_APB2PeriphReset	24	static
../drivers/stm32f407x_MCAL/src/stm32f407x_rcc.c:231:6:MCAL_RCC_GetAPB1Value	32	static
../drivers/stm32f407x_MCAL/src/stm32f407x_rcc.c:292:6:MCAL_RCC_GetAPB2Value	32	static
../drivers/stm32f407x_MCAL/src/stm32f407x_rcc.c:354:6:MCAL_RCC_GetSysClkValue	24	static
../drivers/stm32f407x_MCAL/src/stm32f407x_rcc.c:379:6:MCAL_RCC_GetSysClkType	24	static
../drivers/stm32f407x_MCAL/src/stm32f407x_rcc.c:410:13:EnableHSE_crys	4	static
../drivers/stm32f407x_MCAL/src/stm32f407x_rcc.c:416:13:EnableHSE_rc	4	static
../drivers/stm32f407x_MCAL/src/stm32f407x_rcc.c:422:13:DisableHSE	4	static
../drivers/stm32f407x_MCAL/src/stm32f407x_rcc.c:428:13:SelectHSE	4	static
../drivers/stm32f407x_MCAL/src/stm32f407x_rcc.c:435:13:EnableHSI	4	static
../drivers/stm32f407x_MCAL/src/stm32f407x_rcc.c:441:13:DisableHSI	4	static
../drivers/stm32f407x_MCAL/src/stm32f407x_rcc.c:448:13:SelectHSI	4	static
