../drivers/stm32f407x_MCAL/src/stm32f407x_usart.c:20:6:MCAL_USART_Enable	16	static
../drivers/stm32f407x_MCAL/src/stm32f407x_usart.c:25:6:MCAL_USART_Disable	16	static
../drivers/stm32f407x_MCAL/src/stm32f407x_usart.c:30:6:MCAL_USART_EnableRxOnly	16	static
../drivers/stm32f407x_MCAL/src/stm32f407x_usart.c:36:6:MCAL_USART_EnableTxOnly	16	static
../drivers/stm32f407x_MCAL/src/stm32f407x_usart.c:42:6:MCAL_USART_EnableRxTx	16	static
../drivers/stm32f407x_MCAL/src/stm32f407x_usart.c:48:6:MCAL_USART_SetWordLen8Bit	16	static
../drivers/stm32f407x_MCAL/src/stm32f407x_usart.c:53:6:MCAL_USART_SetWordLen9Bit	16	static
../drivers/stm32f407x_MCAL/src/stm32f407x_usart.c:58:6:MCAL_USART_EnableOddParity	16	static
../drivers/stm32f407x_MCAL/src/stm32f407x_usart.c:64:6:MCAL_USART_EnableEvenParity	16	static
../drivers/stm32f407x_MCAL/src/stm32f407x_usart.c:70:6:MCAL_USART_DisableParity	16	static
../drivers/stm32f407x_MCAL/src/stm32f407x_usart.c:77:6:MCAL_USART_SetStopConfig	16	static
../drivers/stm32f407x_MCAL/src/stm32f407x_usart.c:92:6:MCAL_USART_EnableTXEI	16	static
../drivers/stm32f407x_MCAL/src/stm32f407x_usart.c:97:6:MCAL_USART_DisableTXEI	16	static
../drivers/stm32f407x_MCAL/src/stm32f407x_usart.c:102:4:MCAL_USART_ReadTXEI	16	static
../drivers/stm32f407x_MCAL/src/stm32f407x_usart.c:107:6:MCAL_USART_EnableTCI	16	static
../drivers/stm32f407x_MCAL/src/stm32f407x_usart.c:112:6:MCAL_USART_DisableTCI	16	static
../drivers/stm32f407x_MCAL/src/stm32f407x_usart.c:117:4:MCAL_USART_ReadTCI	16	static
../drivers/stm32f407x_MCAL/src/stm32f407x_usart.c:122:6:MCAL_USART_EnableRXNI	16	static
../drivers/stm32f407x_MCAL/src/stm32f407x_usart.c:127:6:MCAL_USART_DisableRXNI	16	static
../drivers/stm32f407x_MCAL/src/stm32f407x_usart.c:133:4:MCAL_USART_ReadRXNI	16	static
../drivers/stm32f407x_MCAL/src/stm32f407x_usart.c:143:6:MCAL_USART_EnableCTSFlowControl	16	static
../drivers/stm32f407x_MCAL/src/stm32f407x_usart.c:148:6:MCAL_USART_DisableCTSFlowControl	16	static
../drivers/stm32f407x_MCAL/src/stm32f407x_usart.c:154:6:MCAL_USART_EnableRTSFlowControl	16	static
../drivers/stm32f407x_MCAL/src/stm32f407x_usart.c:159:6:MCAL_USART_DisableRTSFlowControl	16	static
../drivers/stm32f407x_MCAL/src/stm32f407x_usart.c:168:6:MCAL_USART_SetBaudRateValue	40	static
../drivers/stm32f407x_MCAL/src/stm32f407x_usart.c:235:4:MCAL_USART_GetFlagStatus	16	static
../drivers/stm32f407x_MCAL/src/stm32f407x_usart.c:246:6:MCAL_USART_ClearFlag	16	static
../drivers/stm32f407x_MCAL/src/stm32f407x_usart.c:252:6:MCAL_USART_WriteData	16	static
../drivers/stm32f407x_MCAL/src/stm32f407x_usart.c:257:5:MCAL_USART_ReadData	16	static
