../drivers/stm32f407x_MCAL/src/stm32f407x_i2c.c:22:6:MCAL_I2C_AckBitControl	16	static
../drivers/stm32f407x_MCAL/src/stm32f407x_i2c.c:34:6:MCAL_I2c_SetFreqFeild	24	static
../drivers/stm32f407x_MCAL/src/stm32f407x_i2c.c:42:6:MCAL_I2C_SetDeviceOwnAddress	24	static
../drivers/stm32f407x_MCAL/src/stm32f407x_i2c.c:51:6:MCAL_I2C_SetClockControl	32	static
../drivers/stm32f407x_MCAL/src/stm32f407x_i2c.c:83:6:MCAL_I2C_SetTRISEConfig	32	static
../drivers/stm32f407x_MCAL/src/stm32f407x_i2c.c:108:6:MCAL_I2C_WriteDataByte	16	static
../drivers/stm32f407x_MCAL/src/stm32f407x_i2c.c:113:5:MCAL_I2C_ReadDataByte	16	static
../drivers/stm32f407x_MCAL/src/stm32f407x_i2c.c:118:6:MCAL_I2C_ClearADDRFlag	24	static
../drivers/stm32f407x_MCAL/src/stm32f407x_i2c.c:129:6:MCAL_I2C_GenerateStartCondition	16	static
../drivers/stm32f407x_MCAL/src/stm32f407x_i2c.c:134:6:MCAL_I2C_GenerateStopCondition	16	static
../drivers/stm32f407x_MCAL/src/stm32f407x_i2c.c:139:6:MCAL_I2C_ExecuteAddressPhaseWrite	16	static
../drivers/stm32f407x_MCAL/src/stm32f407x_i2c.c:146:6:MCAL_I2C_ExecuteAddressPhaseRead	16	static
../drivers/stm32f407x_MCAL/src/stm32f407x_i2c.c:153:4:MCAL_I2C_GetFlagStatus	16	static
../drivers/stm32f407x_MCAL/src/stm32f407x_i2c.c:162:6:MCAL_I2C_ClearFlag	16	static
../drivers/stm32f407x_MCAL/src/stm32f407x_i2c.c:167:6:MCAL_I2C_InterruptControl	16	static
../drivers/stm32f407x_MCAL/src/stm32f407x_i2c.c:179:4:MCAL_I2C_GetInterruptStatus	16	static
../drivers/stm32f407x_MCAL/src/stm32f407x_i2c.c:194:6:MCAL_I2C_ClearSTOPFlag	16	static
../drivers/stm32f407x_MCAL/src/stm32f407x_i2c.c:202:4:MCAL_I2C_GetDeviceMode	16	static
../drivers/stm32f407x_MCAL/src/stm32f407x_i2c.c:214:4:MCAL_I2C_GetTransceiverMode	16	static
