18:47:26 **** Incremental Build of configuration Debug for project freertos_with_stm32f407 ****
make -j12 all 
arm-none-eabi-gcc "../Src/main.c" -mcpu=cortex-m4 -std=gnu11 -g3 -DDEBUG -DSTM32 -DSTM32F407G_DISC1 -DSTM32F4 -DSTM32F407VGTx -c -I../Inc -I"/home/rezk/rzk/ES/Developping Area/FreeRTOS_With_STM32F407_Discovery/freertos_with_stm32f407/FreeRTOS" -I"/home/rezk/rzk/ES/Developping Area/FreeRTOS_With_STM32F407_Discovery/freertos_with_stm32f407/FreeRTOS/Source/include" -I"/home/rezk/rzk/ES/Developping Area/FreeRTOS_With_STM32F407_Discovery/freertos_with_stm32f407/FreeRTOS/Source/portable/GCC/ARM_CM4F" -I"/home/rezk/rzk/ES/Developping Area/FreeRTOS_With_STM32F407_Discovery/freertos_with_stm32f407/FreeRTOS/Source/portable/MemMang" -I"/home/rezk/rzk/ES/Developping Area/FreeRTOS_With_STM32F407_Discovery/freertos_with_stm32f407/drivers/common_lib" -I"/home/rezk/rzk/ES/Developping Area/FreeRTOS_With_STM32F407_Discovery/freertos_with_stm32f407/drivers/cortex_m4_drivers/inc" -I"/home/rezk/rzk/ES/Developping Area/FreeRTOS_With_STM32F407_Discovery/freertos_with_stm32f407/drivers/cortex_m4_MCAL/inc" -I"/home/rezk/rzk/ES/Developping Area/FreeRTOS_With_STM32F407_Discovery/freertos_with_stm32f407/drivers/stm32f407x_drivers/inc" -I"/home/rezk/rzk/ES/Developping Area/FreeRTOS_With_STM32F407_Discovery/freertos_with_stm32f407/drivers/stm32f407x_MCAL/inc" -O0 -ffunction-sections -fdata-sections -Wall -fstack-usage -fcyclomatic-complexity -MMD -MP -MF"Src/main.d" -MT"Src/main.o" --specs=nano.specs -mfloat-abi=hard -mthumb -o "Src/main.o"
arm-none-eabi-gcc -o "freertos_with_stm32f407.elf" @"objects.list"   -mcpu=cortex-m4 -T"/home/rezk/rzk/ES/Developping Area/FreeRTOS_With_STM32F407_Discovery/freertos_with_stm32f407/STM32F407VGTX_FLASH.ld" --specs=nosys.specs -Wl,-Map="freertos_with_stm32f407.map" -Wl,--gc-sections -static --specs=nano.specs -mfloat-abi=hard -mthumb -Wl,--start-group -lc -lm -Wl,--end-group
Finished building target: freertos_with_stm32f407.elf
 
arm-none-eabi-size  freertos_with_stm32f407.elf 
arm-none-eabi-objdump -h -S freertos_with_stm32f407.elf  > "freertos_with_stm32f407.list"
   text	   data	    bss	    dec	    hex	filename
  16036	     56	  78928	  95020	  1732c	freertos_with_stm32f407.elf
Finished building: default.size.stdout
 
Finished building: freertos_with_stm32f407.list
 

18:47:26 Build Finished. 0 errors, 0 warnings. (took 320ms)

