05:34:46 **** Incremental Build of configuration Debug for project freertos_with_stm32f407 ****
make -j12 all 
arm-none-eabi-gcc "../Src/main.c" -mcpu=cortex-m4 -std=gnu11 -g3 -DDEBUG -DSTM32 -DSTM32F407G_DISC1 -DSTM32F4 -DSTM32F407VGTx -c -I../Inc -I"/home/rezk/rzk/ES/Developping Area/FreeRTOS_With_STM32F407_Discovery/freertos_with_stm32f407/FreeRTOS" -I"/home/rezk/rzk/ES/Developping Area/FreeRTOS_With_STM32F407_Discovery/freertos_with_stm32f407/FreeRTOS/Source/include" -I"/home/rezk/rzk/ES/Developping Area/FreeRTOS_With_STM32F407_Discovery/freertos_with_stm32f407/FreeRTOS/Source/portable/GCC/ARM_CM4F" -I"/home/rezk/rzk/ES/Developping Area/FreeRTOS_With_STM32F407_Discovery/freertos_with_stm32f407/FreeRTOS/Source/portable/MemMang" -I"/home/rezk/rzk/ES/Developping Area/FreeRTOS_With_STM32F407_Discovery/freertos_with_stm32f407/drivers/common_lib" -I"/home/rezk/rzk/ES/Developping Area/FreeRTOS_With_STM32F407_Discovery/freertos_with_stm32f407/drivers/cortex_m4_drivers/inc" -I"/home/rezk/rzk/ES/Developping Area/FreeRTOS_With_STM32F407_Discovery/freertos_with_stm32f407/drivers/cortex_m4_MCAL/inc" -I"/home/rezk/rzk/ES/Developping Area/FreeRTOS_With_STM32F407_Discovery/freertos_with_stm32f407/drivers/stm32f407x_drivers/inc" -I"/home/rezk/rzk/ES/Developping Area/FreeRTOS_With_STM32F407_Discovery/freertos_with_stm32f407/drivers/stm32f407x_MCAL/inc" -O0 -ffunction-sections -fdata-sections -Wall -fstack-usage -fcyclomatic-complexity -MMD -MP -MF"Src/main.d" -MT"Src/main.o" --specs=nano.specs -mfloat-abi=hard -mthumb -o "Src/main.o"
arm-none-eabi-gcc -o "freertos_with_stm32f407.elf" @"objects.list"   -mcpu=cortex-m4 -T"/home/rezk/rzk/ES/Developping Area/FreeRTOS_With_STM32F407_Discovery/freertos_with_stm32f407/STM32F407VGTX_FLASH.ld" --specs=nosys.specs -Wl,-Map="freertos_with_stm32f407.map" -Wl,--gc-sections -static --specs=nano.specs -mfloat-abi=hard -mthumb -Wl,--start-group -lc -lm -Wl,--end-group
Finished building target: freertos_with_stm32f407.elf
 
arm-none-eabi-size  freertos_with_stm32f407.elf 
arm-none-eabi-objdump -h -S freertos_with_stm32f407.elf  > "freertos_with_stm32f407.list"
   text	   data	    bss	    dec	    hex	filename
  20368	    148	  79228	  99744	  185a0	freertos_with_stm32f407.elf
Finished building: default.size.stdout
 
Finished building: freertos_with_stm32f407.list
 
05:34:49 **** Incremental Build of configuration Debug for project freertos_with_stm32f407 ****
make -j12 all 
arm-none-eabi-size  freertos_with_stm32f407.elf 
   text	   data	    bss	    dec	    hex	filename
  20368	    148	  79228	  99744	  185a0	freertos_with_stm32f407.elf
Finished building: default.size.stdout
 
05:38:52 **** Incremental Build of configuration Debug for project freertos_with_stm32f407 ****
make -j12 all 
arm-none-eabi-gcc "../Src/main.c" -mcpu=cortex-m4 -std=gnu11 -g3 -DDEBUG -DSTM32 -DSTM32F407G_DISC1 -DSTM32F4 -DSTM32F407VGTx -c -I../Inc -I"/home/rezk/rzk/ES/Developping Area/FreeRTOS_With_STM32F407_Discovery/freertos_with_stm32f407/FreeRTOS" -I"/home/rezk/rzk/ES/Developping Area/FreeRTOS_With_STM32F407_Discovery/freertos_with_stm32f407/FreeRTOS/Source/include" -I"/home/rezk/rzk/ES/Developping Area/FreeRTOS_With_STM32F407_Discovery/freertos_with_stm32f407/FreeRTOS/Source/portable/GCC/ARM_CM4F" -I"/home/rezk/rzk/ES/Developping Area/FreeRTOS_With_STM32F407_Discovery/freertos_with_stm32f407/FreeRTOS/Source/portable/MemMang" -I"/home/rezk/rzk/ES/Developping Area/FreeRTOS_With_STM32F407_Discovery/freertos_with_stm32f407/drivers/common_lib" -I"/home/rezk/rzk/ES/Developping Area/FreeRTOS_With_STM32F407_Discovery/freertos_with_stm32f407/drivers/cortex_m4_drivers/inc" -I"/home/rezk/rzk/ES/Developping Area/FreeRTOS_With_STM32F407_Discovery/freertos_with_stm32f407/drivers/cortex_m4_MCAL/inc" -I"/home/rezk/rzk/ES/Developping Area/FreeRTOS_With_STM32F407_Discovery/freertos_with_stm32f407/drivers/stm32f407x_drivers/inc" -I"/home/rezk/rzk/ES/Developping Area/FreeRTOS_With_STM32F407_Discovery/freertos_with_stm32f407/drivers/stm32f407x_MCAL/inc" -O0 -ffunction-sections -fdata-sections -Wall -fstack-usage -fcyclomatic-complexity -MMD -MP -MF"Src/main.d" -MT"Src/main.o" --specs=nano.specs -mfloat-abi=hard -mthumb -o "Src/main.o"
arm-none-eabi-gcc "../FreeRTOS/Source/portable/MemMang/heap_1.c" -mcpu=cortex-m4 -std=gnu11 -g3 -DDEBUG -DSTM32 -DSTM32F407G_DISC1 -DSTM32F4 -DSTM32F407VGTx -c -I../Inc -I"/home/rezk/rzk/ES/Developping Area/FreeRTOS_With_STM32F407_Discovery/freertos_with_stm32f407/FreeRTOS" -I"/home/rezk/rzk/ES/Developping Area/FreeRTOS_With_STM32F407_Discovery/freertos_with_stm32f407/FreeRTOS/Source/include" -I"/home/rezk/rzk/ES/Developping Area/FreeRTOS_With_STM32F407_Discovery/freertos_with_stm32f407/FreeRTOS/Source/portable/GCC/ARM_CM4F" -I"/home/rezk/rzk/ES/Developping Area/FreeRTOS_With_STM32F407_Discovery/freertos_with_stm32f407/FreeRTOS/Source/portable/MemMang" -I"/home/rezk/rzk/ES/Developping Area/FreeRTOS_With_STM32F407_Discovery/freertos_with_stm32f407/drivers/common_lib" -I"/home/rezk/rzk/ES/Developping Area/FreeRTOS_With_STM32F407_Discovery/freertos_with_stm32f407/drivers/cortex_m4_drivers/inc" -I"/home/rezk/rzk/ES/Developping Area/FreeRTOS_With_STM32F407_Discovery/freertos_with_stm32f407/drivers/cortex_m4_MCAL/inc" -I"/home/rezk/rzk/ES/Developping Area/FreeRTOS_With_STM32F407_Discovery/freertos_with_stm32f407/drivers/stm32f407x_drivers/inc" -I"/home/rezk/rzk/ES/Developping Area/FreeRTOS_With_STM32F407_Discovery/freertos_with_stm32f407/drivers/stm32f407x_MCAL/inc" -O0 -ffunction-sections -fdata-sections -Wall -fstack-usage -fcyclomatic-complexity -MMD -MP -MF"FreeRTOS/Source/portable/MemMang/heap_1.d" -MT"FreeRTOS/Source/portable/MemMang/heap_1.o" --specs=nano.specs -mfloat-abi=hard -mthumb -o "FreeRTOS/Source/portable/MemMang/heap_1.o"
arm-none-eabi-gcc "../FreeRTOS/Source/portable/GCC/ARM_CM4F/port.c" -mcpu=cortex-m4 -std=gnu11 -g3 -DDEBUG -DSTM32 -DSTM32F407G_DISC1 -DSTM32F4 -DSTM32F407VGTx -c -I../Inc -I"/home/rezk/rzk/ES/Developping Area/FreeRTOS_With_STM32F407_Discovery/freertos_with_stm32f407/FreeRTOS" -I"/home/rezk/rzk/ES/Developping Area/FreeRTOS_With_STM32F407_Discovery/freertos_with_stm32f407/FreeRTOS/Source/include" -I"/home/rezk/rzk/ES/Developping Area/FreeRTOS_With_STM32F407_Discovery/freertos_with_stm32f407/FreeRTOS/Source/portable/GCC/ARM_CM4F" -I"/home/rezk/rzk/ES/Developping Area/FreeRTOS_With_STM32F407_Discovery/freertos_with_stm32f407/FreeRTOS/Source/portable/MemMang" -I"/home/rezk/rzk/ES/Developping Area/FreeRTOS_With_STM32F407_Discovery/freertos_with_stm32f407/drivers/common_lib" -I"/home/rezk/rzk/ES/Developping Area/FreeRTOS_With_STM32F407_Discovery/freertos_with_stm32f407/drivers/cortex_m4_drivers/inc" -I"/home/rezk/rzk/ES/Developping Area/FreeRTOS_With_STM32F407_Discovery/freertos_with_stm32f407/drivers/cortex_m4_MCAL/inc" -I"/home/rezk/rzk/ES/Developping Area/FreeRTOS_With_STM32F407_Discovery/freertos_with_stm32f407/drivers/stm32f407x_drivers/inc" -I"/home/rezk/rzk/ES/Developping Area/FreeRTOS_With_STM32F407_Discovery/freertos_with_stm32f407/drivers/stm32f407x_MCAL/inc" -O0 -ffunction-sections -fdata-sections -Wall -fstack-usage -fcyclomatic-complexity -MMD -MP -MF"FreeRTOS/Source/portable/GCC/ARM_CM4F/port.d" -MT"FreeRTOS/Source/portable/GCC/ARM_CM4F/port.o" --specs=nano.specs -mfloat-abi=hard -mthumb -o "FreeRTOS/Source/portable/GCC/ARM_CM4F/port.o"
arm-none-eabi-gcc "../FreeRTOS/Source/croutine.c" -mcpu=cortex-m4 -std=gnu11 -g3 -DDEBUG -DSTM32 -DSTM32F407G_DISC1 -DSTM32F4 -DSTM32F407VGTx -c -I../Inc -I"/home/rezk/rzk/ES/Developping Area/FreeRTOS_With_STM32F407_Discovery/freertos_with_stm32f407/FreeRTOS" -I"/home/rezk/rzk/ES/Developping Area/FreeRTOS_With_STM32F407_Discovery/freertos_with_stm32f407/FreeRTOS/Source/include" -I"/home/rezk/rzk/ES/Developping Area/FreeRTOS_With_STM32F407_Discovery/freertos_with_stm32f407/FreeRTOS/Source/portable/GCC/ARM_CM4F" -I"/home/rezk/rzk/ES/Developping Area/FreeRTOS_With_STM32F407_Discovery/freertos_with_stm32f407/FreeRTOS/Source/portable/MemMang" -I"/home/rezk/rzk/ES/Developping Area/FreeRTOS_With_STM32F407_Discovery/freertos_with_stm32f407/drivers/common_lib" -I"/home/rezk/rzk/ES/Developping Area/FreeRTOS_With_STM32F407_Discovery/freertos_with_stm32f407/drivers/cortex_m4_drivers/inc" -I"/home/rezk/rzk/ES/Developping Area/FreeRTOS_With_STM32F407_Discovery/freertos_with_stm32f407/drivers/cortex_m4_MCAL/inc" -I"/home/rezk/rzk/ES/Developping Area/FreeRTOS_With_STM32F407_Discovery/freertos_with_stm32f407/drivers/stm32f407x_drivers/inc" -I"/home/rezk/rzk/ES/Developping Area/FreeRTOS_With_STM32F407_Discovery/freertos_with_stm32f407/drivers/stm32f407x_MCAL/inc" -O0 -ffunction-sections -fdata-sections -Wall -fstack-usage -fcyclomatic-complexity -MMD -MP -MF"FreeRTOS/Source/croutine.d" -MT"FreeRTOS/Source/croutine.o" --specs=nano.specs -mfloat-abi=hard -mthumb -o "FreeRTOS/Source/croutine.o"
arm-none-eabi-gcc "../FreeRTOS/Source/event_groups.c" -mcpu=cortex-m4 -std=gnu11 -g3 -DDEBUG -DSTM32 -DSTM32F407G_DISC1 -DSTM32F4 -DSTM32F407VGTx -c -I../Inc -I"/home/rezk/rzk/ES/Developping Area/FreeRTOS_With_STM32F407_Discovery/freertos_with_stm32f407/FreeRTOS" -I"/home/rezk/rzk/ES/Developping Area/FreeRTOS_With_STM32F407_Discovery/freertos_with_stm32f407/FreeRTOS/Source/include" -I"/home/rezk/rzk/ES/Developping Area/FreeRTOS_With_STM32F407_Discovery/freertos_with_stm32f407/FreeRTOS/Source/portable/GCC/ARM_CM4F" -I"/home/rezk/rzk/ES/Developping Area/FreeRTOS_With_STM32F407_Discovery/freertos_with_stm32f407/FreeRTOS/Source/portable/MemMang" -I"/home/rezk/rzk/ES/Developping Area/FreeRTOS_With_STM32F407_Discovery/freertos_with_stm32f407/drivers/common_lib" -I"/home/rezk/rzk/ES/Developping Area/FreeRTOS_With_STM32F407_Discovery/freertos_with_stm32f407/drivers/cortex_m4_drivers/inc" -I"/home/rezk/rzk/ES/Developping Area/FreeRTOS_With_STM32F407_Discovery/freertos_with_stm32f407/drivers/cortex_m4_MCAL/inc" -I"/home/rezk/rzk/ES/Developping Area/FreeRTOS_With_STM32F407_Discovery/freertos_with_stm32f407/drivers/stm32f407x_drivers/inc" -I"/home/rezk/rzk/ES/Developping Area/FreeRTOS_With_STM32F407_Discovery/freertos_with_stm32f407/drivers/stm32f407x_MCAL/inc" -O0 -ffunction-sections -fdata-sections -Wall -fstack-usage -fcyclomatic-complexity -MMD -MP -MF"FreeRTOS/Source/event_groups.d" -MT"FreeRTOS/Source/event_groups.o" --specs=nano.specs -mfloat-abi=hard -mthumb -o "FreeRTOS/Source/event_groups.o"
arm-none-eabi-gcc "../FreeRTOS/Source/list.c" -mcpu=cortex-m4 -std=gnu11 -g3 -DDEBUG -DSTM32 -DSTM32F407G_DISC1 -DSTM32F4 -DSTM32F407VGTx -c -I../Inc -I"/home/rezk/rzk/ES/Developping Area/FreeRTOS_With_STM32F407_Discovery/freertos_with_stm32f407/FreeRTOS" -I"/home/rezk/rzk/ES/Developping Area/FreeRTOS_With_STM32F407_Discovery/freertos_with_stm32f407/FreeRTOS/Source/include" -I"/home/rezk/rzk/ES/Developping Area/FreeRTOS_With_STM32F407_Discovery/freertos_with_stm32f407/FreeRTOS/Source/portable/GCC/ARM_CM4F" -I"/home/rezk/rzk/ES/Developping Area/FreeRTOS_With_STM32F407_Discovery/freertos_with_stm32f407/FreeRTOS/Source/portable/MemMang" -I"/home/rezk/rzk/ES/Developping Area/FreeRTOS_With_STM32F407_Discovery/freertos_with_stm32f407/drivers/common_lib" -I"/home/rezk/rzk/ES/Developping Area/FreeRTOS_With_STM32F407_Discovery/freertos_with_stm32f407/drivers/cortex_m4_drivers/inc" -I"/home/rezk/rzk/ES/Developping Area/FreeRTOS_With_STM32F407_Discovery/freertos_with_stm32f407/drivers/cortex_m4_MCAL/inc" -I"/home/rezk/rzk/ES/Developping Area/FreeRTOS_With_STM32F407_Discovery/freertos_with_stm32f407/drivers/stm32f407x_drivers/inc" -I"/home/rezk/rzk/ES/Developping Area/FreeRTOS_With_STM32F407_Discovery/freertos_with_stm32f407/drivers/stm32f407x_MCAL/inc" -O0 -ffunction-sections -fdata-sections -Wall -fstack-usage -fcyclomatic-complexity -MMD -MP -MF"FreeRTOS/Source/list.d" -MT"FreeRTOS/Source/list.o" --specs=nano.specs -mfloat-abi=hard -mthumb -o "FreeRTOS/Source/list.o"
arm-none-eabi-gcc "../FreeRTOS/Source/queue.c" -mcpu=cortex-m4 -std=gnu11 -g3 -DDEBUG -DSTM32 -DSTM32F407G_DISC1 -DSTM32F4 -DSTM32F407VGTx -c -I../Inc -I"/home/rezk/rzk/ES/Developping Area/FreeRTOS_With_STM32F407_Discovery/freertos_with_stm32f407/FreeRTOS" -I"/home/rezk/rzk/ES/Developping Area/FreeRTOS_With_STM32F407_Discovery/freertos_with_stm32f407/FreeRTOS/Source/include" -I"/home/rezk/rzk/ES/Developping Area/FreeRTOS_With_STM32F407_Discovery/freertos_with_stm32f407/FreeRTOS/Source/portable/GCC/ARM_CM4F" -I"/home/rezk/rzk/ES/Developping Area/FreeRTOS_With_STM32F407_Discovery/freertos_with_stm32f407/FreeRTOS/Source/portable/MemMang" -I"/home/rezk/rzk/ES/Developping Area/FreeRTOS_With_STM32F407_Discovery/freertos_with_stm32f407/drivers/common_lib" -I"/home/rezk/rzk/ES/Developping Area/FreeRTOS_With_STM32F407_Discovery/freertos_with_stm32f407/drivers/cortex_m4_drivers/inc" -I"/home/rezk/rzk/ES/Developping Area/FreeRTOS_With_STM32F407_Discovery/freertos_with_stm32f407/drivers/cortex_m4_MCAL/inc" -I"/home/rezk/rzk/ES/Developping Area/FreeRTOS_With_STM32F407_Discovery/freertos_with_stm32f407/drivers/stm32f407x_drivers/inc" -I"/home/rezk/rzk/ES/Developping Area/FreeRTOS_With_STM32F407_Discovery/freertos_with_stm32f407/drivers/stm32f407x_MCAL/inc" -O0 -ffunction-sections -fdata-sections -Wall -fstack-usage -fcyclomatic-complexity -MMD -MP -MF"FreeRTOS/Source/queue.d" -MT"FreeRTOS/Source/queue.o" --specs=nano.specs -mfloat-abi=hard -mthumb -o "FreeRTOS/Source/queue.o"
arm-none-eabi-gcc "../FreeRTOS/Source/stream_buffer.c" -mcpu=cortex-m4 -std=gnu11 -g3 -DDEBUG -DSTM32 -DSTM32F407G_DISC1 -DSTM32F4 -DSTM32F407VGTx -c -I../Inc -I"/home/rezk/rzk/ES/Developping Area/FreeRTOS_With_STM32F407_Discovery/freertos_with_stm32f407/FreeRTOS" -I"/home/rezk/rzk/ES/Developping Area/FreeRTOS_With_STM32F407_Discovery/freertos_with_stm32f407/FreeRTOS/Source/include" -I"/home/rezk/rzk/ES/Developping Area/FreeRTOS_With_STM32F407_Discovery/freertos_with_stm32f407/FreeRTOS/Source/portable/GCC/ARM_CM4F" -I"/home/rezk/rzk/ES/Developping Area/FreeRTOS_With_STM32F407_Discovery/freertos_with_stm32f407/FreeRTOS/Source/portable/MemMang" -I"/home/rezk/rzk/ES/Developping Area/FreeRTOS_With_STM32F407_Discovery/freertos_with_stm32f407/drivers/common_lib" -I"/home/rezk/rzk/ES/Developping Area/FreeRTOS_With_STM32F407_Discovery/freertos_with_stm32f407/drivers/cortex_m4_drivers/inc" -I"/home/rezk/rzk/ES/Developping Area/FreeRTOS_With_STM32F407_Discovery/freertos_with_stm32f407/drivers/cortex_m4_MCAL/inc" -I"/home/rezk/rzk/ES/Developping Area/FreeRTOS_With_STM32F407_Discovery/freertos_with_stm32f407/drivers/stm32f407x_drivers/inc" -I"/home/rezk/rzk/ES/Developping Area/FreeRTOS_With_STM32F407_Discovery/freertos_with_stm32f407/drivers/stm32f407x_MCAL/inc" -O0 -ffunction-sections -fdata-sections -Wall -fstack-usage -fcyclomatic-complexity -MMD -MP -MF"FreeRTOS/Source/stream_buffer.d" -MT"FreeRTOS/Source/stream_buffer.o" --specs=nano.specs -mfloat-abi=hard -mthumb -o "FreeRTOS/Source/stream_buffer.o"
arm-none-eabi-gcc "../FreeRTOS/Source/tasks.c" -mcpu=cortex-m4 -std=gnu11 -g3 -DDEBUG -DSTM32 -DSTM32F407G_DISC1 -DSTM32F4 -DSTM32F407VGTx -c -I../Inc -I"/home/rezk/rzk/ES/Developping Area/FreeRTOS_With_STM32F407_Discovery/freertos_with_stm32f407/FreeRTOS" -I"/home/rezk/rzk/ES/Developping Area/FreeRTOS_With_STM32F407_Discovery/freertos_with_stm32f407/FreeRTOS/Source/include" -I"/home/rezk/rzk/ES/Developping Area/FreeRTOS_With_STM32F407_Discovery/freertos_with_stm32f407/FreeRTOS/Source/portable/GCC/ARM_CM4F" -I"/home/rezk/rzk/ES/Developping Area/FreeRTOS_With_STM32F407_Discovery/freertos_with_stm32f407/FreeRTOS/Source/portable/MemMang" -I"/home/rezk/rzk/ES/Developping Area/FreeRTOS_With_STM32F407_Discovery/freertos_with_stm32f407/drivers/common_lib" -I"/home/rezk/rzk/ES/Developping Area/FreeRTOS_With_STM32F407_Discovery/freertos_with_stm32f407/drivers/cortex_m4_drivers/inc" -I"/home/rezk/rzk/ES/Developping Area/FreeRTOS_With_STM32F407_Discovery/freertos_with_stm32f407/drivers/cortex_m4_MCAL/inc" -I"/home/rezk/rzk/ES/Developping Area/FreeRTOS_With_STM32F407_Discovery/freertos_with_stm32f407/drivers/stm32f407x_drivers/inc" -I"/home/rezk/rzk/ES/Developping Area/FreeRTOS_With_STM32F407_Discovery/freertos_with_stm32f407/drivers/stm32f407x_MCAL/inc" -O0 -ffunction-sections -fdata-sections -Wall -fstack-usage -fcyclomatic-complexity -MMD -MP -MF"FreeRTOS/Source/tasks.d" -MT"FreeRTOS/Source/tasks.o" --specs=nano.specs -mfloat-abi=hard -mthumb -o "FreeRTOS/Source/tasks.o"
arm-none-eabi-gcc "../FreeRTOS/Source/timers.c" -mcpu=cortex-m4 -std=gnu11 -g3 -DDEBUG -DSTM32 -DSTM32F407G_DISC1 -DSTM32F4 -DSTM32F407VGTx -c -I../Inc -I"/home/rezk/rzk/ES/Developping Area/FreeRTOS_With_STM32F407_Discovery/freertos_with_stm32f407/FreeRTOS" -I"/home/rezk/rzk/ES/Developping Area/FreeRTOS_With_STM32F407_Discovery/freertos_with_stm32f407/FreeRTOS/Source/include" -I"/home/rezk/rzk/ES/Developping Area/FreeRTOS_With_STM32F407_Discovery/freertos_with_stm32f407/FreeRTOS/Source/portable/GCC/ARM_CM4F" -I"/home/rezk/rzk/ES/Developping Area/FreeRTOS_With_STM32F407_Discovery/freertos_with_stm32f407/FreeRTOS/Source/portable/MemMang" -I"/home/rezk/rzk/ES/Developping Area/FreeRTOS_With_STM32F407_Discovery/freertos_with_stm32f407/drivers/common_lib" -I"/home/rezk/rzk/ES/Developping Area/FreeRTOS_With_STM32F407_Discovery/freertos_with_stm32f407/drivers/cortex_m4_drivers/inc" -I"/home/rezk/rzk/ES/Developping Area/FreeRTOS_With_STM32F407_Discovery/freertos_with_stm32f407/drivers/cortex_m4_MCAL/inc" -I"/home/rezk/rzk/ES/Developping Area/FreeRTOS_With_STM32F407_Discovery/freertos_with_stm32f407/drivers/stm32f407x_drivers/inc" -I"/home/rezk/rzk/ES/Developping Area/FreeRTOS_With_STM32F407_Discovery/freertos_with_stm32f407/drivers/stm32f407x_MCAL/inc" -O0 -ffunction-sections -fdata-sections -Wall -fstack-usage -fcyclomatic-complexity -MMD -MP -MF"FreeRTOS/Source/timers.d" -MT"FreeRTOS/Source/timers.o" --specs=nano.specs -mfloat-abi=hard -mthumb -o "FreeRTOS/Source/timers.o"
arm-none-eabi-gcc -o "freertos_with_stm32f407.elf" @"objects.list"   -mcpu=cortex-m4 -T"/home/rezk/rzk/ES/Developping Area/FreeRTOS_With_STM32F407_Discovery/freertos_with_stm32f407/STM32F407VGTX_FLASH.ld" --specs=nosys.specs -Wl,-Map="freertos_with_stm32f407.map" -Wl,--gc-sections -static --specs=nano.specs -mfloat-abi=hard -mthumb -Wl,--start-group -lc -lm -Wl,--end-group
Finished building target: freertos_with_stm32f407.elf
 
arm-none-eabi-size  freertos_with_stm32f407.elf 
arm-none-eabi-objdump -h -S freertos_with_stm32f407.elf  > "freertos_with_stm32f407.list"
   text	   data	    bss	    dec	    hex	filename
  20368	    148	  79228	  99744	  185a0	freertos_with_stm32f407.elf
Finished building: default.size.stdout
 
Finished building: freertos_with_stm32f407.list
 
