../Src/main.c:56:6:Task_A	48	static
../Src/main.c:72:5:main	16	static
../Src/main.c:92:6:PreOS_Init	16	static
../Src/main.c:118:6:aRCC_Init	16	static
../Src/main.c:131:6:aLED4_Init	8	static
../Src/main.c:146:6:aButton_Init	8	static
../Src/main.c:161:6:aLED4_Tog	40	static
../Src/main.c:171:6:delay	16	static
../Src/main.c:179:6:aUSART2_Init	8	static
../Src/main.c:197:6:aGPIO_USART2_Init	8	static
../Src/main.c:216:6:NVIC_Init	8	static
../Src/main.c:233:6:USART_CallBackFun	4	static
../Src/main.c:238:6:vApplicationStackOverflowHook	16	static
